#
# There is insufficient memory for the Java Runtime Environment to continue.
# Native memory allocation (malloc) failed to allocate 1521008 bytes for Chunk::new
# Possible reasons:
#   The system is out of physical RAM or swap space
#   The process is running with CompressedOops enabled, and the Java Heap may be blocking the growth of the native heap
# Possible solutions:
#   Reduce memory load on the system
#   Increase physical memory or swap space
#   Check if swap backing store is full
#   Decrease Java heap size (-Xmx/-Xms)
#   Decrease number of Java threads
#   Decrease Java thread stack sizes (-Xss)
#   Set larger code cache with -XX:ReservedCodeCacheSize=
#   JVM is running with Zero Based Compressed Oops mode in which the Java heap is
#     placed in the first 32GB address space. The Java Heap base address is the
#     maximum limit for the native heap growth. Please use -XX:HeapBaseMinAddress
#     to set the Java Heap base and to place the Java Heap above 32GB virtual address.
# This output file may be truncated or incomplete.
#
#  Out of Memory Error (arena.cpp:168), pid=10656, tid=256
#
# JRE version: Java(TM) SE Runtime Environment (21.0.8+12) (build 21.0.8+12-LTS-250)
# Java VM: Java HotSpot(TM) 64-Bit Server VM (21.0.8+12-LTS-250, mixed mode, sharing, tiered, compressed oops, compressed class ptrs, g1 gc, windows-amd64)
# No core dump will be written. Minidumps are not enabled by default on client versions of Windows
#

---------------  S U M M A R Y ------------

Command Line: -Dapplication.home=C:\Program Files\Java\jdk-21 --add-modules=ALL-DEFAULT -Xms8m -Djdk.module.main=jdk.javadoc jdk.javadoc/jdk.javadoc.internal.tool.Main @C:\Users\Aarav Roy\Desktop\Essentials\Essentials\build\tmp\javadoc\javadoc.options

Host: AMD Ryzen 5 6600H with Radeon Graphics         , 12 cores, 15G,  Windows 11 , 64 bit Build 26100 (10.0.26100.7920)
Time: Sat Apr 11 14:38:48 2026 India Standard Time elapsed time: 6.029496 seconds (0d 0h 0m 6s)

---------------  T H R E A D  ---------------

Current thread (0x000002447d07d9b0):  JavaThread "C2 CompilerThread1" daemon [_thread_in_native, id=256, stack(0x000000f58f800000,0x000000f58f900000) (1024K)]


Current CompileTask:
C2:   6029 1647   !   4       com.sun.tools.javac.parser.JavaTokenizer::readToken (1823 bytes)

Stack: [0x000000f58f800000,0x000000f58f900000]
Native frames: (J=compiled Java code, j=interpreted, Vv=VM code, C=native code)
V  [jvm.dll+0x6cc179]
V  [jvm.dll+0x8584c1]
V  [jvm.dll+0x85a9ee]
V  [jvm.dll+0x85b0c3]
V  [jvm.dll+0x27ebf6]
V  [jvm.dll+0xc4f4d]
V  [jvm.dll+0xc5483]
V  [jvm.dll+0x3b6abc]
V  [jvm.dll+0x382a35]
V  [jvm.dll+0x381eaa]
V  [jvm.dll+0x247670]
V  [jvm.dll+0x246c4f]
V  [jvm.dll+0x1c7a3e]
V  [jvm.dll+0x256359]
V  [jvm.dll+0x2548ea]
V  [jvm.dll+0x3efef6]
V  [jvm.dll+0x80279b]
V  [jvm.dll+0x6ca85d]
C  [ucrtbase.dll+0x37b0]
C  [KERNEL32.DLL+0x2e8d7]
C  [ntdll.dll+0x8c48c]


---------------  P R O C E S S  ---------------

Threads class SMR info:
_java_thread_list=0x000002447dbb3ec0, length=13, elements={
0x000002446a74ffb0, 0x000002447cbb5ee0, 0x000002447cbb74a0, 0x000002447cbbcde0,
0x000002447cbbd830, 0x000002447cbc1970, 0x000002447cbc44e0, 0x000002447cbe11c0,
0x000002447cc0a8c0, 0x000002447cbc2aa0, 0x000002447cbc4b70, 0x000002447d07d9b0,
0x000002447dbb3710
}

Java Threads: ( => current thread )
  0x000002446a74ffb0 JavaThread "main"                              [_thread_in_Java, id=25104, stack(0x000000f58e300000,0x000000f58e400000) (1024K)]
  0x000002447cbb5ee0 JavaThread "Reference Handler"          daemon [_thread_blocked, id=1472, stack(0x000000f58eb00000,0x000000f58ec00000) (1024K)]
  0x000002447cbb74a0 JavaThread "Finalizer"                  daemon [_thread_blocked, id=8124, stack(0x000000f58ec00000,0x000000f58ed00000) (1024K)]
  0x000002447cbbcde0 JavaThread "Signal Dispatcher"          daemon [_thread_blocked, id=24764, stack(0x000000f58ed00000,0x000000f58ee00000) (1024K)]
  0x000002447cbbd830 JavaThread "Attach Listener"            daemon [_thread_blocked, id=18348, stack(0x000000f58ee00000,0x000000f58ef00000) (1024K)]
  0x000002447cbc1970 JavaThread "Service Thread"             daemon [_thread_blocked, id=12372, stack(0x000000f58ef00000,0x000000f58f000000) (1024K)]
  0x000002447cbc44e0 JavaThread "Monitor Deflation Thread"   daemon [_thread_blocked, id=24896, stack(0x000000f58f000000,0x000000f58f100000) (1024K)]
  0x000002447cbe11c0 JavaThread "C2 CompilerThread0"         daemon [_thread_in_native, id=7020, stack(0x000000f58f100000,0x000000f58f200000) (1024K)]
  0x000002447cc0a8c0 JavaThread "C1 CompilerThread0"         daemon [_thread_blocked, id=24704, stack(0x000000f58f200000,0x000000f58f300000) (1024K)]
  0x000002447cbc2aa0 JavaThread "Common-Cleaner"             daemon [_thread_blocked, id=14112, stack(0x000000f58f300000,0x000000f58f400000) (1024K)]
  0x000002447cbc4b70 JavaThread "Notification Thread"        daemon [_thread_blocked, id=25472, stack(0x000000f58f400000,0x000000f58f500000) (1024K)]
=>0x000002447d07d9b0 JavaThread "C2 CompilerThread1"         daemon [_thread_in_native, id=256, stack(0x000000f58f800000,0x000000f58f900000) (1024K)]
  0x000002447dbb3710 JavaThread "C2 CompilerThread2"         daemon [_thread_in_native, id=24868, stack(0x000000f58ff00000,0x000000f590000000) (1024K)]
Total: 13

Other Threads:
  0x000002447cb9c170 VMThread "VM Thread"                           [id=25468, stack(0x000000f58ea00000,0x000000f58eb00000) (1024K)]
  0x000002447cb8da20 WatcherThread "VM Periodic Task Thread"        [id=25248, stack(0x000000f58e900000,0x000000f58ea00000) (1024K)]
  0x000002446ac48870 WorkerThread "GC Thread#0"                     [id=24888, stack(0x000000f58e400000,0x000000f58e500000) (1024K)]
  0x000002447d076f30 WorkerThread "GC Thread#1"                     [id=18236, stack(0x000000f58f500000,0x000000f58f600000) (1024K)]
  0x000002447d07e4f0 WorkerThread "GC Thread#2"                     [id=24648, stack(0x000000f58f600000,0x000000f58f700000) (1024K)]
  0x000002447d07e890 WorkerThread "GC Thread#3"                     [id=15548, stack(0x000000f58f700000,0x000000f58f800000) (1024K)]
  0x000002447d677510 WorkerThread "GC Thread#4"                     [id=24808, stack(0x000000f58fa00000,0x000000f58fb00000) (1024K)]
  0x000002447d6a6cf0 WorkerThread "GC Thread#5"                     [id=11352, stack(0x000000f58fb00000,0x000000f58fc00000) (1024K)]
  0x000002447db6ef60 WorkerThread "GC Thread#6"                     [id=15100, stack(0x000000f58f900000,0x000000f58fa00000) (1024K)]
  0x000002447db6f710 WorkerThread "GC Thread#7"                     [id=13576, stack(0x000000f58fe00000,0x000000f58ff00000) (1024K)]
  0x000002446ac5b530 ConcurrentGCThread "G1 Main Marker"            [id=24628, stack(0x000000f58e500000,0x000000f58e600000) (1024K)]
  0x000002446ac60590 WorkerThread "G1 Conc#0"                       [id=18364, stack(0x000000f58e600000,0x000000f58e700000) (1024K)]
  0x000002447d092210 WorkerThread "G1 Conc#1"                       [id=24748, stack(0x000000f58fc00000,0x000000f58fd00000) (1024K)]
  0x000002447d0a6f70 WorkerThread "G1 Conc#2"                       [id=6332, stack(0x000000f58fd00000,0x000000f58fe00000) (1024K)]
  0x000002446ac95510 ConcurrentGCThread "G1 Refine#0"               [id=15384, stack(0x000000f58e700000,0x000000f58e800000) (1024K)]
  0x000002446ac96d40 ConcurrentGCThread "G1 Service"                [id=25160, stack(0x000000f58e800000,0x000000f58e900000) (1024K)]
Total: 16

Threads with active compile tasks:
C2 CompilerThread0     6067 1598       4       com.sun.tools.javac.parser.JavacParser::parseSimpleStatement (1257 bytes)
C2 CompilerThread1     6067 1647   !   4       com.sun.tools.javac.parser.JavaTokenizer::readToken (1823 bytes)
C2 CompilerThread2     6067 1670       4       com.sun.tools.javac.parser.JavacParser::term (30 bytes)
Total: 3

VM state: not at safepoint (normal execution)

VM Mutex/Monitor currently owned by a thread: None

Heap address: 0x000000070b000000, size: 3920 MB, Compressed Oops mode: Zero based, Oop shift amount: 3

CDS archive(s) mapped at: [0x000002440f000000-0x000002440fc90000-0x000002440fc90000), size 13172736, SharedBaseAddress: 0x000002440f000000, ArchiveRelocationMode: 1.
Compressed class space mapped at: 0x0000024410000000-0x0000024450000000, reserved size: 1073741824
Narrow klass base: 0x000002440f000000, Narrow klass shift: 0, Narrow klass range: 0x100000000

GC Precious Log:
 CardTable entry size: 512
 Card Set container configuration: InlinePtr #cards 4 size 8 Array Of Cards #cards 16 size 48 Howl #buckets 8 coarsen threshold 3686 Howl Bitmap #cards 512 size 80 coarsen threshold 460 Card regions per heap region 1 cards per card region 4096
 CPUs: 12 total, 12 available
 Memory: 15676M
 Large Page Support: Disabled
 NUMA Support: Disabled
 Compressed Oops: Enabled (Zero based)
 Heap Region Size: 2M
 Heap Min Capacity: 8M
 Heap Initial Capacity: 8M
 Heap Max Capacity: 3920M
 Pre-touch: Disabled
 Parallel Workers: 10
 Concurrent Workers: 3
 Concurrent Refinement Workers: 10
 Periodic GC: Disabled

Heap:
 garbage-first heap   total 77824K, used 39557K [0x000000070b000000, 0x0000000800000000)
  region size 2048K, 14 young (28672K), 2 survivors (4096K)
 Metaspace       used 9660K, committed 9856K, reserved 1114112K
  class space    used 1062K, committed 1152K, reserved 1048576K

Heap Regions: E=young(eden), S=young(survivor), O=old, HS=humongous(starts), HC=humongous(continues), CS=collection set, F=free, TAMS=top-at-mark-start, PB=parsable bottom
|   0|0x000000070b000000, 0x000000070b200000, 0x000000070b200000|100%| O|  |TAMS 0x000000070b000000| PB 0x000000070b000000| Untracked 
|   1|0x000000070b200000, 0x000000070b400000, 0x000000070b400000|100%| O|  |TAMS 0x000000070b200000| PB 0x000000070b200000| Untracked 
|   2|0x000000070b400000, 0x000000070b400000, 0x000000070b600000|  0%| F|  |TAMS 0x000000070b400000| PB 0x000000070b400000| Untracked 
|   3|0x000000070b600000, 0x000000070b800000, 0x000000070b800000|100%| O|  |TAMS 0x000000070b600000| PB 0x000000070b600000| Untracked 
|   4|0x000000070b800000, 0x000000070ba00000, 0x000000070ba00000|100%| O|  |TAMS 0x000000070b800000| PB 0x000000070b800000| Untracked 
|   5|0x000000070ba00000, 0x000000070baa1540, 0x000000070bc00000| 31%| O|  |TAMS 0x000000070ba00000| PB 0x000000070ba00000| Untracked 
|   6|0x000000070bc00000, 0x000000070be00000, 0x000000070be00000|100%|HS|  |TAMS 0x000000070bc00000| PB 0x000000070bc00000| Complete 
|   7|0x000000070be00000, 0x000000070c000000, 0x000000070c000000|100%|HC|  |TAMS 0x000000070be00000| PB 0x000000070be00000| Complete 
|   8|0x000000070c000000, 0x000000070c000000, 0x000000070c200000|  0%| F|  |TAMS 0x000000070c000000| PB 0x000000070c000000| Untracked 
|   9|0x000000070c200000, 0x000000070c200000, 0x000000070c400000|  0%| F|  |TAMS 0x000000070c200000| PB 0x000000070c200000| Untracked 
|  10|0x000000070c400000, 0x000000070c400000, 0x000000070c600000|  0%| F|  |TAMS 0x000000070c400000| PB 0x000000070c400000| Untracked 
|  11|0x000000070c600000, 0x000000070c600000, 0x000000070c800000|  0%| F|  |TAMS 0x000000070c600000| PB 0x000000070c600000| Untracked 
|  12|0x000000070c800000, 0x000000070c800000, 0x000000070ca00000|  0%| F|  |TAMS 0x000000070c800000| PB 0x000000070c800000| Untracked 
|  13|0x000000070ca00000, 0x000000070ca00000, 0x000000070cc00000|  0%| F|  |TAMS 0x000000070ca00000| PB 0x000000070ca00000| Untracked 
|  14|0x000000070cc00000, 0x000000070cc00000, 0x000000070ce00000|  0%| F|  |TAMS 0x000000070cc00000| PB 0x000000070cc00000| Untracked 
|  15|0x000000070ce00000, 0x000000070ce00000, 0x000000070d000000|  0%| F|  |TAMS 0x000000070ce00000| PB 0x000000070ce00000| Untracked 
|  16|0x000000070d000000, 0x000000070d000000, 0x000000070d200000|  0%| F|  |TAMS 0x000000070d000000| PB 0x000000070d000000| Untracked 
|  17|0x000000070d200000, 0x000000070d200000, 0x000000070d400000|  0%| F|  |TAMS 0x000000070d200000| PB 0x000000070d200000| Untracked 
|  18|0x000000070d400000, 0x000000070d400000, 0x000000070d600000|  0%| F|  |TAMS 0x000000070d400000| PB 0x000000070d400000| Untracked 
|  19|0x000000070d600000, 0x000000070d600000, 0x000000070d800000|  0%| F|  |TAMS 0x000000070d600000| PB 0x000000070d600000| Untracked 
|  20|0x000000070d800000, 0x000000070d800000, 0x000000070da00000|  0%| F|  |TAMS 0x000000070d800000| PB 0x000000070d800000| Untracked 
|  21|0x000000070da00000, 0x000000070da00000, 0x000000070dc00000|  0%| F|  |TAMS 0x000000070da00000| PB 0x000000070da00000| Untracked 
|  22|0x000000070dc00000, 0x000000070dc00000, 0x000000070de00000|  0%| F|  |TAMS 0x000000070dc00000| PB 0x000000070dc00000| Untracked 
|  23|0x000000070de00000, 0x000000070e000000, 0x000000070e000000|100%| S|CS|TAMS 0x000000070de00000| PB 0x000000070de00000| Complete 
|  24|0x000000070e000000, 0x000000070e200000, 0x000000070e200000|100%| S|CS|TAMS 0x000000070e000000| PB 0x000000070e000000| Complete 
|  25|0x000000070e200000, 0x000000070e200000, 0x000000070e400000|  0%| F|  |TAMS 0x000000070e200000| PB 0x000000070e200000| Untracked 
|  26|0x000000070e400000, 0x000000070e4cc5c8, 0x000000070e600000| 39%| E|  |TAMS 0x000000070e400000| PB 0x000000070e400000| Complete 
|  27|0x000000070e600000, 0x000000070e800000, 0x000000070e800000|100%| E|CS|TAMS 0x000000070e600000| PB 0x000000070e600000| Complete 
|  28|0x000000070e800000, 0x000000070ea00000, 0x000000070ea00000|100%| E|CS|TAMS 0x000000070e800000| PB 0x000000070e800000| Complete 
|  29|0x000000070ea00000, 0x000000070ec00000, 0x000000070ec00000|100%| E|CS|TAMS 0x000000070ea00000| PB 0x000000070ea00000| Complete 
|  30|0x000000070ec00000, 0x000000070ee00000, 0x000000070ee00000|100%| E|CS|TAMS 0x000000070ec00000| PB 0x000000070ec00000| Complete 
|  31|0x000000070ee00000, 0x000000070f000000, 0x000000070f000000|100%| E|CS|TAMS 0x000000070ee00000| PB 0x000000070ee00000| Complete 
|  32|0x000000070f000000, 0x000000070f200000, 0x000000070f200000|100%| E|CS|TAMS 0x000000070f000000| PB 0x000000070f000000| Complete 
|  33|0x000000070f200000, 0x000000070f400000, 0x000000070f400000|100%| E|CS|TAMS 0x000000070f200000| PB 0x000000070f200000| Complete 
|  34|0x000000070f400000, 0x000000070f600000, 0x000000070f600000|100%| E|CS|TAMS 0x000000070f400000| PB 0x000000070f400000| Complete 
|  35|0x000000070f600000, 0x000000070f800000, 0x000000070f800000|100%| E|CS|TAMS 0x000000070f600000| PB 0x000000070f600000| Complete 
|  36|0x000000070f800000, 0x000000070fa00000, 0x000000070fa00000|100%| E|CS|TAMS 0x000000070f800000| PB 0x000000070f800000| Complete 
|1959|0x00000007ffe00000, 0x0000000800000000, 0x0000000800000000|100%| E|CS|TAMS 0x00000007ffe00000| PB 0x00000007ffe00000| Complete 

Card table byte_map: [0x0000024475ae0000,0x0000024476290000] _byte_map_base: 0x0000024472288000

Marking Bits: (CMBitMap*) 0x000002446ac48e10
 Bits: [0x0000024476290000, 0x0000024479fd0000)

Polling page: 0x000002446a8e0000

Metaspace:

Usage:
  Non-class:      8.40 MB used.
      Class:      1.04 MB used.
       Both:      9.43 MB used.

Virtual space:
  Non-class space:       64.00 MB reserved,       8.50 MB ( 13%) committed,  1 nodes.
      Class space:        1.00 GB reserved,       1.12 MB ( <1%) committed,  1 nodes.
             Both:        1.06 GB reserved,       9.62 MB ( <1%) committed. 

Chunk freelists:
   Non-Class:  5.41 MB
       Class:  14.84 MB
        Both:  20.25 MB

MaxMetaspaceSize: unlimited
CompressedClassSpaceSize: 1.00 GB
Initial GC threshold: 21.00 MB
Current GC threshold: 21.00 MB
CDS: on
 - commit_granule_bytes: 65536.
 - commit_granule_words: 8192.
 - virtual_space_node_default_size: 8388608.
 - enlarge_chunks_in_place: 1.
 - use_allocation_guard: 0.


Internal statistics:

num_allocs_failed_limit: 0.
num_arena_births: 48.
num_arena_deaths: 0.
num_vsnodes_births: 2.
num_vsnodes_deaths: 0.
num_space_committed: 154.
num_space_uncommitted: 0.
num_chunks_returned_to_freelist: 0.
num_chunks_taken_from_freelist: 357.
num_chunk_merges: 0.
num_chunk_splits: 264.
num_chunks_enlarged: 212.
num_inconsistent_stats: 0.

CodeHeap 'non-profiled nmethods': size=120000Kb used=944Kb max_used=944Kb free=119055Kb
 bounds [0x0000024407ad0000, 0x0000024407d40000, 0x000002440f000000]
CodeHeap 'profiled nmethods': size=120000Kb used=3961Kb max_used=3961Kb free=116038Kb
 bounds [0x0000024400000000, 0x00000244003e0000, 0x0000024407530000]
CodeHeap 'non-nmethods': size=5760Kb used=1363Kb max_used=1405Kb free=4396Kb
 bounds [0x0000024407530000, 0x00000244077a0000, 0x0000024407ad0000]
 total_blobs=2034 nmethods=1567 adapters=372
 compilation: enabled
              stopped_count=0, restarted_count=0
 full_count=0

Compilation events (20 events):
Event: 4.980 Thread 0x000002447cc0a8c0 1664       3       com.sun.tools.javac.parser.JavacParser::catchClause (124 bytes)
Event: 4.981 Thread 0x000002447cc0a8c0 nmethod 1664 0x00000244003d7810 code [0x00000244003d7b40, 0x00000244003d94f0]
Event: 4.985 Thread 0x000002447cc0a8c0 1665       3       com.sun.tools.javac.parser.JavacParser::wasTypeMode (15 bytes)
Event: 4.985 Thread 0x000002447cc0a8c0 nmethod 1665 0x00000244003d9d10 code [0x00000244003d9ea0, 0x00000244003da008]
Event: 4.993 Thread 0x000002447dbb3710 nmethod 1629 0x0000024407bb5490 code [0x0000024407bb59c0, 0x0000024407bb7760]
Event: 4.993 Thread 0x000002447dbb3710 1627       4       com.sun.tools.javac.parser.JavacParser::unannotatedType (59 bytes)
Event: 4.994 Thread 0x000002447cc0a8c0 1666       3       com.sun.tools.javac.tree.TreeMaker::Try (26 bytes)
Event: 4.994 Thread 0x000002447cc0a8c0 nmethod 1666 0x00000244003da090 code [0x00000244003da260, 0x00000244003da6f0]
Event: 5.008 Thread 0x000002447dbb3710 nmethod 1627 0x0000024407bb8b90 code [0x0000024407bb8de0, 0x0000024407bb9418]
Event: 5.009 Thread 0x000002447dbb3710 1668       4       com.sun.tools.javac.parser.JavaTokenizer::scanLitChar (338 bytes)
Event: 5.010 Thread 0x000002447cc0a8c0 1669       3       com.sun.tools.javac.parser.UnicodeReader::lineReader (50 bytes)
Event: 5.011 Thread 0x000002447cc0a8c0 nmethod 1669 0x00000244003da890 code [0x00000244003daaa0, 0x00000244003db3a0]
Event: 5.018 Thread 0x000002447cc0a8c0 1671   !   3       java.nio.charset.CharsetDecoder::decode (275 bytes)
Event: 5.020 Thread 0x000002447cc0a8c0 nmethod 1671 0x00000244003db590 code [0x00000244003db8c0, 0x00000244003dcd20]
Event: 5.020 Thread 0x000002447cc0a8c0 1672       3       sun.nio.cs.UTF_8$Decoder::decodeLoop (28 bytes)
Event: 5.020 Thread 0x000002447cc0a8c0 nmethod 1672 0x00000244003dd390 code [0x00000244003dd580, 0x00000244003dd978]
Event: 5.020 Thread 0x000002447cc0a8c0 1673       3       java.nio.charset.CoderResult::isOverflow (14 bytes)
Event: 5.021 Thread 0x000002447cc0a8c0 nmethod 1673 0x00000244003ddb10 code [0x00000244003ddca0, 0x00000244003dde08]
Event: 5.027 Thread 0x000002447cc0a8c0 1674   !   3       sun.nio.fs.WindowsNativeDispatcher::GetFullPathName (43 bytes)
Event: 5.028 Thread 0x000002447cc0a8c0 nmethod 1674 0x00000244003dde90 code [0x00000244003de0a0, 0x00000244003de530]

GC Heap History (20 events):
Event: 0.169 GC heap before
{Heap before GC invocations=0 (full 0):
 garbage-first heap   total 8192K, used 2048K [0x000000070b000000, 0x0000000800000000)
  region size 2048K, 1 young (2048K), 0 survivors (0K)
 Metaspace       used 1398K, committed 1536K, reserved 1114112K
  class space    used 164K, committed 256K, reserved 1048576K
}
Event: 0.173 GC heap after
{Heap after GC invocations=1 (full 0):
 garbage-first heap   total 8192K, used 1120K [0x000000070b000000, 0x0000000800000000)
  region size 2048K, 1 young (2048K), 1 survivors (2048K)
 Metaspace       used 1398K, committed 1536K, reserved 1114112K
  class space    used 164K, committed 256K, reserved 1048576K
}
Event: 0.301 GC heap before
{Heap before GC invocations=1 (full 0):
 garbage-first heap   total 8192K, used 3168K [0x000000070b000000, 0x0000000800000000)
  region size 2048K, 2 young (4096K), 1 survivors (2048K)
 Metaspace       used 3018K, committed 3200K, reserved 1114112K
  class space    used 357K, committed 448K, reserved 1048576K
}
Event: 0.305 GC heap after
{Heap after GC invocations=2 (full 0):
 garbage-first heap   total 8192K, used 1970K [0x000000070b000000, 0x0000000800000000)
  region size 2048K, 1 young (2048K), 1 survivors (2048K)
 Metaspace       used 3018K, committed 3200K, reserved 1114112K
  class space    used 357K, committed 448K, reserved 1048576K
}
Event: 0.357 GC heap before
{Heap before GC invocations=2 (full 0):
 garbage-first heap   total 12288K, used 8114K [0x000000070b000000, 0x0000000800000000)
  region size 2048K, 2 young (4096K), 1 survivors (2048K)
 Metaspace       used 3545K, committed 3648K, reserved 1114112K
  class space    used 415K, committed 448K, reserved 1048576K
}
Event: 0.361 GC heap after
{Heap after GC invocations=3 (full 0):
 garbage-first heap   total 12288K, used 7237K [0x000000070b000000, 0x0000000800000000)
  region size 2048K, 1 young (2048K), 1 survivors (2048K)
 Metaspace       used 3545K, committed 3648K, reserved 1114112K
  class space    used 415K, committed 448K, reserved 1048576K
}
Event: 0.371 GC heap before
{Heap before GC invocations=3 (full 0):
 garbage-first heap   total 12288K, used 7237K [0x000000070b000000, 0x0000000800000000)
  region size 2048K, 2 young (4096K), 1 survivors (2048K)
 Metaspace       used 3553K, committed 3648K, reserved 1114112K
  class space    used 416K, committed 448K, reserved 1048576K
}
Event: 0.374 GC heap after
{Heap after GC invocations=4 (full 0):
 garbage-first heap   total 14336K, used 9353K [0x000000070b000000, 0x0000000800000000)
  region size 2048K, 1 young (2048K), 1 survivors (2048K)
 Metaspace       used 3553K, committed 3648K, reserved 1114112K
  class space    used 416K, committed 448K, reserved 1048576K
}
Event: 0.401 GC heap before
{Heap before GC invocations=5 (full 0):
 garbage-first heap   total 20480K, used 9353K [0x000000070b000000, 0x0000000800000000)
  region size 2048K, 2 young (4096K), 1 survivors (2048K)
 Metaspace       used 3638K, committed 3776K, reserved 1114112K
  class space    used 432K, committed 512K, reserved 1048576K
}
Event: 0.404 GC heap after
{Heap after GC invocations=6 (full 0):
 garbage-first heap   total 28672K, used 9778K [0x000000070b000000, 0x0000000800000000)
  region size 2048K, 1 young (2048K), 1 survivors (2048K)
 Metaspace       used 3638K, committed 3776K, reserved 1114112K
  class space    used 432K, committed 512K, reserved 1048576K
}
Event: 0.420 GC heap before
{Heap before GC invocations=6 (full 0):
 garbage-first heap   total 28672K, used 17970K [0x000000070b000000, 0x0000000800000000)
  region size 2048K, 3 young (6144K), 1 survivors (2048K)
 Metaspace       used 3638K, committed 3776K, reserved 1114112K
  class space    used 432K, committed 512K, reserved 1048576K
}
Event: 0.425 GC heap after
{Heap after GC invocations=7 (full 0):
 garbage-first heap   total 28672K, used 17526K [0x000000070b000000, 0x0000000800000000)
  region size 2048K, 1 young (2048K), 1 survivors (2048K)
 Metaspace       used 3638K, committed 3776K, reserved 1114112K
  class space    used 432K, committed 512K, reserved 1048576K
}
Event: 0.491 GC heap before
{Heap before GC invocations=7 (full 0):
 garbage-first heap   total 28672K, used 17526K [0x000000070b000000, 0x0000000800000000)
  region size 2048K, 2 young (4096K), 1 survivors (2048K)
 Metaspace       used 3923K, committed 4160K, reserved 1114112K
  class space    used 451K, committed 576K, reserved 1048576K
}
Event: 0.494 GC heap after
{Heap after GC invocations=8 (full 0):
 garbage-first heap   total 28672K, used 18306K [0x000000070b000000, 0x0000000800000000)
  region size 2048K, 1 young (2048K), 1 survivors (2048K)
 Metaspace       used 3923K, committed 4160K, reserved 1114112K
  class space    used 451K, committed 576K, reserved 1048576K
}
Event: 1.579 GC heap before
{Heap before GC invocations=9 (full 0):
 garbage-first heap   total 38912K, used 18306K [0x000000070b000000, 0x0000000800000000)
  region size 2048K, 2 young (4096K), 1 survivors (2048K)
 Metaspace       used 3955K, committed 4160K, reserved 1114112K
  class space    used 451K, committed 576K, reserved 1048576K
}
Event: 1.580 GC heap after
{Heap after GC invocations=10 (full 0):
 garbage-first heap   total 38912K, used 18027K [0x000000070b000000, 0x0000000800000000)
  region size 2048K, 1 young (2048K), 1 survivors (2048K)
 Metaspace       used 3955K, committed 4160K, reserved 1114112K
  class space    used 451K, committed 576K, reserved 1048576K
}
Event: 1.862 GC heap before
{Heap before GC invocations=11 (full 0):
 garbage-first heap   total 38912K, used 20075K [0x000000070b000000, 0x0000000800000000)
  region size 2048K, 3 young (6144K), 1 survivors (2048K)
 Metaspace       used 8890K, committed 9088K, reserved 1114112K
  class space    used 1027K, committed 1152K, reserved 1048576K
}
Event: 1.865 GC heap after
{Heap after GC invocations=12 (full 0):
 garbage-first heap   total 77824K, used 15036K [0x000000070b000000, 0x0000000800000000)
  region size 2048K, 1 young (2048K), 1 survivors (2048K)
 Metaspace       used 8890K, committed 9088K, reserved 1114112K
  class space    used 1027K, committed 1152K, reserved 1048576K
}
Event: 4.592 GC heap before
{Heap before GC invocations=12 (full 0):
 garbage-first heap   total 77824K, used 37564K [0x000000070b000000, 0x0000000800000000)
  region size 2048K, 13 young (26624K), 1 survivors (2048K)
 Metaspace       used 9600K, committed 9792K, reserved 1114112K
  class space    used 1062K, committed 1152K, reserved 1048576K
}
Event: 4.607 GC heap after
{Heap after GC invocations=13 (full 0):
 garbage-first heap   total 77824K, used 17029K [0x000000070b000000, 0x0000000800000000)
  region size 2048K, 2 young (4096K), 2 survivors (4096K)
 Metaspace       used 9600K, committed 9792K, reserved 1114112K
  class space    used 1062K, committed 1152K, reserved 1048576K
}

Dll operation events (6 events):
Event: 0.012 Loaded shared library C:\Program Files\Java\jdk-21\bin\java.dll
Event: 0.051 Loaded shared library C:\Program Files\Java\jdk-21\bin\jsvml.dll
Event: 0.107 Loaded shared library C:\Program Files\Java\jdk-21\bin\jimage.dll
Event: 0.183 Loaded shared library C:\Program Files\Java\jdk-21\bin\net.dll
Event: 0.187 Loaded shared library C:\Program Files\Java\jdk-21\bin\nio.dll
Event: 0.272 Loaded shared library C:\Program Files\Java\jdk-21\bin\zip.dll

Deoptimization events (20 events):
Event: 4.791 Thread 0x000002446a74ffb0 Uncommon trap: trap_request=0xffffff45 fr.pc=0x0000024407b84d14 relative=0x00000000000006b4
Event: 4.791 Thread 0x000002446a74ffb0 Uncommon trap: reason=unstable_if action=reinterpret pc=0x0000024407b84d14 method=com.sun.tools.javac.parser.UnicodeReader.isASCII()Z @ 6 c2
Event: 4.791 Thread 0x000002446a74ffb0 DEOPT PACKING pc=0x0000024407b84d14 sp=0x000000f58e3fdf60
Event: 4.791 Thread 0x000002446a74ffb0 DEOPT UNPACKING pc=0x00000244075846a2 sp=0x000000f58e3fdd78 mode 2
Event: 4.800 Thread 0x000002446a74ffb0 Uncommon trap: trap_request=0xffffff45 fr.pc=0x0000024407b734c8 relative=0x00000000000012c8
Event: 4.800 Thread 0x000002446a74ffb0 Uncommon trap: reason=unstable_if action=reinterpret pc=0x0000024407b734c8 method=com.sun.tools.javac.parser.JavaTokenizer.readToken()Lcom/sun/tools/javac/parser/Tokens$Token; @ 649 c2
Event: 4.800 Thread 0x000002446a74ffb0 DEOPT PACKING pc=0x0000024407b734c8 sp=0x000000f58e3fd540
Event: 4.800 Thread 0x000002446a74ffb0 DEOPT UNPACKING pc=0x00000244075846a2 sp=0x000000f58e3fd4f0 mode 2
Event: 4.800 Thread 0x000002446a74ffb0 Uncommon trap: trap_request=0xffffff45 fr.pc=0x0000024407b6f9c4 relative=0x00000000000000a4
Event: 4.800 Thread 0x000002446a74ffb0 Uncommon trap: reason=unstable_if action=reinterpret pc=0x0000024407b6f9c4 method=com.sun.tools.javac.parser.UnicodeReader.digit(II)I @ 58 c2
Event: 4.800 Thread 0x000002446a74ffb0 DEOPT PACKING pc=0x0000024407b6f9c4 sp=0x000000f58e3fd3f0
Event: 4.800 Thread 0x000002446a74ffb0 DEOPT UNPACKING pc=0x00000244075846a2 sp=0x000000f58e3fd380 mode 2
Event: 4.832 Thread 0x000002446a74ffb0 DEOPT PACKING pc=0x0000024400385724 sp=0x000000f58e3fec90
Event: 4.832 Thread 0x000002446a74ffb0 DEOPT UNPACKING pc=0x0000024407584e42 sp=0x000000f58e3fe200 mode 0
Event: 4.868 Thread 0x000002446a74ffb0 DEOPT PACKING pc=0x0000024400385724 sp=0x000000f58e3fec90
Event: 4.868 Thread 0x000002446a74ffb0 DEOPT UNPACKING pc=0x0000024407584e42 sp=0x000000f58e3fe200 mode 0
Event: 4.899 Thread 0x000002446a74ffb0 DEOPT PACKING pc=0x0000024400385724 sp=0x000000f58e3fec90
Event: 4.899 Thread 0x000002446a74ffb0 DEOPT UNPACKING pc=0x0000024407584e42 sp=0x000000f58e3fe200 mode 0
Event: 5.010 Thread 0x000002446a74ffb0 DEOPT PACKING pc=0x0000024400347475 sp=0x000000f58e3fe7a0
Event: 5.010 Thread 0x000002446a74ffb0 DEOPT UNPACKING pc=0x0000024407584e42 sp=0x000000f58e3fdc68 mode 0

Classes loaded (20 events):
Event: 1.840 Loading class jdk/internal/jrtfs/SystemImage$1
Event: 1.840 Loading class jdk/internal/jrtfs/SystemImage$1 done
Event: 1.881 Loading class java/util/BitSet
Event: 1.881 Loading class java/util/BitSet done
Event: 1.943 Loading class jdk/internal/math/FloatingDecimal
Event: 2.927 Loading class jdk/internal/math/FloatingDecimal done
Event: 2.941 Loading class jdk/internal/math/FloatingDecimal$ExceptionalBinaryToASCIIBuffer
Event: 2.942 Loading class jdk/internal/math/FloatingDecimal$BinaryToASCIIConverter
Event: 2.942 Loading class jdk/internal/math/FloatingDecimal$BinaryToASCIIConverter done
Event: 2.942 Loading class jdk/internal/math/FloatingDecimal$ExceptionalBinaryToASCIIBuffer done
Event: 2.942 Loading class jdk/internal/math/FloatingDecimal$BinaryToASCIIBuffer
Event: 2.942 Loading class jdk/internal/math/FloatingDecimal$BinaryToASCIIBuffer done
Event: 2.942 Loading class jdk/internal/math/FloatingDecimal$1
Event: 2.942 Loading class jdk/internal/math/FloatingDecimal$1 done
Event: 2.942 Loading class jdk/internal/math/FloatingDecimal$PreparedASCIIToBinaryBuffer
Event: 2.942 Loading class jdk/internal/math/FloatingDecimal$ASCIIToBinaryConverter
Event: 2.942 Loading class jdk/internal/math/FloatingDecimal$ASCIIToBinaryConverter done
Event: 2.942 Loading class jdk/internal/math/FloatingDecimal$PreparedASCIIToBinaryBuffer done
Event: 2.943 Loading class jdk/internal/math/FloatingDecimal$ASCIIToBinaryBuffer
Event: 2.943 Loading class jdk/internal/math/FloatingDecimal$ASCIIToBinaryBuffer done

Classes unloaded (0 events):
No events

Classes redefined (0 events):
No events

Internal exceptions (12 events):
Event: 0.148 Thread 0x000002446a74ffb0 Exception <a 'java/lang/NoSuchMethodError'{0x000000070b7b23d0}: 'void java.lang.invoke.DirectMethodHandle$Holder.invokeSpecial(java.lang.Object, java.lang.Object, java.lang.Object)'> (0x000000070b7b23d0) 
thrown [s\open\src\hotspot\share\interpreter\linkResolver.cpp, line 773]
Event: 0.311 Thread 0x000002446a74ffb0 Exception <a 'java/lang/NoSuchMethodError'{0x000000070b663a88}: 'int java.lang.invoke.DirectMethodHandle$Holder.invokeVirtual(java.lang.Object, java.lang.Object, java.lang.Object)'> (0x000000070b663a88) 
thrown [s\open\src\hotspot\share\interpreter\linkResolver.cpp, line 773]
Event: 0.312 Thread 0x000002446a74ffb0 Exception <a 'java/lang/NoSuchMethodError'{0x000000070b6697a0}: 'void java.lang.invoke.DirectMethodHandle$Holder.invokeInterface(java.lang.Object, java.lang.Object, java.lang.Object)'> (0x000000070b6697a0) 
thrown [s\open\src\hotspot\share\interpreter\linkResolver.cpp, line 773]
Event: 0.316 Thread 0x000002446a74ffb0 Exception <a 'java/lang/NoSuchMethodError'{0x000000070b674998}: 'int java.lang.invoke.DirectMethodHandle$Holder.invokeStaticInit(java.lang.Object, java.lang.Object, java.lang.Object)'> (0x000000070b674998) 
thrown [s\open\src\hotspot\share\interpreter\linkResolver.cpp, line 773]
Event: 0.394 Thread 0x000002446a74ffb0 Exception <a 'java/lang/NoSuchMethodError'{0x000000070b763a30}: 'int java.lang.invoke.DirectMethodHandle$Holder.invokeSpecial(java.lang.Object, java.lang.Object, java.lang.Object)'> (0x000000070b763a30) 
thrown [s\open\src\hotspot\share\interpreter\linkResolver.cpp, line 773]
Event: 0.433 Thread 0x000002446a74ffb0 Exception <a 'java/lang/NoSuchMethodError'{0x000000070c8a5d38}: 'java.lang.Object java.lang.invoke.DirectMethodHandle$Holder.invokeVirtual(java.lang.Object, java.lang.Object, java.lang.Object)'> (0x000000070c8a5d38) 
thrown [s\open\src\hotspot\share\interpreter\linkResolver.cpp, line 773]
Event: 0.435 Thread 0x000002446a74ffb0 Exception <a 'java/lang/NoSuchMethodError'{0x000000070c8ae7b0}: 'int java.lang.invoke.DirectMethodHandle$Holder.invokeInterface(java.lang.Object, java.lang.Object)'> (0x000000070c8ae7b0) 
thrown [s\open\src\hotspot\share\interpreter\linkResolver.cpp, line 773]
Event: 1.741 Thread 0x000002446a74ffb0 Exception <a 'java/lang/NoSuchMethodError'{0x000000070ceadfb0}: 'int java.lang.invoke.DirectMethodHandle$Holder.invokeStaticInit(java.lang.Object, java.lang.Object)'> (0x000000070ceadfb0) 
thrown [s\open\src\hotspot\share\interpreter\linkResolver.cpp, line 773]
Event: 1.814 Thread 0x000002446a74ffb0 Exception <a 'java/lang/NoSuchMethodError'{0x000000070cf66110}: 'int java.lang.invoke.DirectMethodHandle$Holder.invokeVirtual(java.lang.Object, java.lang.Object)'> (0x000000070cf66110) 
thrown [s\open\src\hotspot\share\interpreter\linkResolver.cpp, line 773]
Event: 1.818 Thread 0x000002446a74ffb0 Exception <a 'java/lang/NoSuchMethodError'{0x000000070cf882e0}: 'java.lang.Object java.lang.invoke.DirectMethodHandle$Holder.newInvokeSpecial(java.lang.Object, java.lang.Object, java.lang.Object, java.lang.Object, java.lang.Object)'> (0x000000070cf882e0) 
thrown [s\open\src\hotspot\share\interpreter\linkResolver.cpp, line 773]
Event: 1.819 Thread 0x000002446a74ffb0 Exception <a 'java/lang/NoSuchMethodError'{0x000000070cf95868}: 'java.lang.Object java.lang.invoke.DirectMethodHandle$Holder.newInvokeSpecial(java.lang.Object, java.lang.Object, java.lang.Object, java.lang.Object, java.lang.Object, java.lang.Object)'> (0x000000070cf95868) 
thrown [s\open\src\hotspot\share\interpreter\linkResolver.cpp, line 773]
Event: 1.837 Thread 0x000002446a74ffb0 Exception <a 'sun/nio/fs/WindowsException'{0x000000070cfdb128}> (0x000000070cfdb128) 
thrown [s\open\src\hotspot\share\prims\jni.cpp, line 520]

ZGC Phase Switch (0 events):
No events

VM Operations (20 events):
Event: 0.495 Executing VM operation: G1CollectForAllocation (G1 Evacuation Pause) done
Event: 0.499 Executing VM operation: G1PauseRemark
Event: 1.504 Executing VM operation: G1PauseRemark done
Event: 1.506 Executing VM operation: G1PauseCleanup
Event: 1.506 Executing VM operation: G1PauseCleanup done
Event: 1.579 Executing VM operation: G1TryInitiateConcMark (G1 Humongous Allocation)
Event: 1.580 Executing VM operation: G1TryInitiateConcMark (G1 Humongous Allocation) done
Event: 1.583 Executing VM operation: G1PauseRemark
Event: 1.584 Executing VM operation: G1PauseRemark done
Event: 1.585 Executing VM operation: G1PauseCleanup
Event: 1.585 Executing VM operation: G1PauseCleanup done
Event: 1.862 Executing VM operation: G1CollectForAllocation (G1 Evacuation Pause)
Event: 1.865 Executing VM operation: G1CollectForAllocation (G1 Evacuation Pause) done
Event: 2.879 Executing VM operation: Cleanup
Event: 2.941 Executing VM operation: Cleanup done
Event: 3.942 Executing VM operation: Cleanup
Event: 4.005 Executing VM operation: Cleanup done
Event: 4.592 Executing VM operation: G1CollectForAllocation (G1 Evacuation Pause)
Event: 4.607 Executing VM operation: G1CollectForAllocation (G1 Evacuation Pause) done
Event: 5.622 Executing VM operation: Cleanup

Events (20 events):
Event: 0.500 Thread 0x000002447cb9c170 flushing nmethod 0x00000244000da690
Event: 0.500 Thread 0x000002447cb9c170 flushing nmethod 0x00000244000dbf90
Event: 0.500 Thread 0x000002447cb9c170 flushing nmethod 0x00000244000dc890
Event: 0.500 Thread 0x000002447cb9c170 flushing nmethod 0x00000244000dd290
Event: 0.500 Thread 0x000002447cb9c170 flushing nmethod 0x00000244000dd810
Event: 0.500 Thread 0x000002447cb9c170 flushing nmethod 0x00000244000ddc10
Event: 0.500 Thread 0x000002447cb9c170 flushing nmethod 0x00000244000ddf90
Event: 1.504 Thread 0x000002447d0a77e0 Thread exited: 0x000002447d0a77e0
Event: 1.584 Thread 0x000002447cb9c170 flushing nmethod 0x000002440005f210
Event: 1.584 Thread 0x000002447cb9c170 flushing nmethod 0x0000024407b08410
Event: 1.584 Thread 0x000002447cb9c170 flushing nmethod 0x0000024400001b90
Event: 1.584 Thread 0x000002447cb9c170 flushing nmethod 0x0000024400015b10
Event: 1.584 Thread 0x000002447cb9c170 flushing nmethod 0x000002440004c890
Event: 1.584 Thread 0x000002447cb9c170 flushing nmethod 0x0000024400086e90
Event: 1.584 Thread 0x000002447cb9c170 flushing nmethod 0x00000244000e2b90
Event: 1.584 Thread 0x000002447cb9c170 flushing nmethod 0x00000244000e3110
Event: 1.584 Thread 0x000002447cb9c170 flushing nmethod 0x00000244000e3690
Event: 1.584 Thread 0x000002447cb9c170 flushing nmethod 0x00000244000e7390
Event: 1.584 Thread 0x000002447cb9c170 flushing nmethod 0x00000244000e7890
Event: 2.942 Thread 0x000002447dbb3710 Thread added: 0x000002447dbb3710


Dynamic libraries:
0x00007ff615810000 - 0x00007ff615818000 	C:\Program Files\Java\jdk-21\bin\javadoc.exe
0x00007ff9a6bc0000 - 0x00007ff9a6e27000 	C:\WINDOWS\SYSTEM32\ntdll.dll
0x00007ff9a54d0000 - 0x00007ff9a5599000 	C:\WINDOWS\System32\KERNEL32.DLL
0x00007ff9a43f0000 - 0x00007ff9a47e1000 	C:\WINDOWS\System32\KERNELBASE.dll
0x00007ff9a36d0000 - 0x00007ff9a381b000 	C:\WINDOWS\System32\ucrtbase.dll
0x00007ff99e7a0000 - 0x00007ff99e7b9000 	C:\Program Files\Java\jdk-21\bin\jli.dll
0x00007ff99ba50000 - 0x00007ff99ba6b000 	C:\Program Files\Java\jdk-21\bin\VCRUNTIME140.dll
0x00007ff9a49d0000 - 0x00007ff9a4a8b000 	C:\WINDOWS\System32\ADVAPI32.dll
0x00007ff9a65b0000 - 0x00007ff9a6659000 	C:\WINDOWS\System32\msvcrt.dll
0x00007ff9a6900000 - 0x00007ff9a69a7000 	C:\WINDOWS\System32\sechost.dll
0x00007ff9a5150000 - 0x00007ff9a5268000 	C:\WINDOWS\System32\RPCRT4.dll
0x00007ff9a69b0000 - 0x00007ff9a6b75000 	C:\WINDOWS\System32\USER32.dll
0x00007ff9a38e0000 - 0x00007ff9a3907000 	C:\WINDOWS\System32\win32u.dll
0x00007ff988c40000 - 0x00007ff988ed3000 	C:\WINDOWS\WinSxS\amd64_microsoft.windows.common-controls_6595b64144ccf1df_6.0.26100.8037_none_3e092faae333b53b\COMCTL32.dll
0x00007ff9a63d0000 - 0x00007ff9a63fb000 	C:\WINDOWS\System32\GDI32.dll
0x00007ff9a4210000 - 0x00007ff9a433b000 	C:\WINDOWS\System32\gdi32full.dll
0x00007ff9a4340000 - 0x00007ff9a43e3000 	C:\WINDOWS\System32\msvcp_win.dll
0x00007ff99b270000 - 0x00007ff99b27b000 	C:\WINDOWS\SYSTEM32\VERSION.dll
0x00007ff9a4ac0000 - 0x00007ff9a4af1000 	C:\WINDOWS\System32\IMM32.DLL
0x00007ff9a0bf0000 - 0x00007ff9a0bfc000 	C:\Program Files\Java\jdk-21\bin\vcruntime140_1.dll
0x00007ff997690000 - 0x00007ff99771e000 	C:\Program Files\Java\jdk-21\bin\msvcp140.dll
0x00007ff912fe0000 - 0x00007ff913cfd000 	C:\Program Files\Java\jdk-21\bin\server\jvm.dll
0x00007ff9a5270000 - 0x00007ff9a52e4000 	C:\WINDOWS\System32\WS2_32.dll
0x00007ff9a20a0000 - 0x00007ff9a20fe000 	C:\WINDOWS\SYSTEM32\POWRPROF.dll
0x00007ff9973f0000 - 0x00007ff997425000 	C:\WINDOWS\SYSTEM32\WINMM.dll
0x00007ff9a2080000 - 0x00007ff9a2094000 	C:\WINDOWS\SYSTEM32\UMPDC.dll
0x00007ff9a2350000 - 0x00007ff9a236b000 	C:\WINDOWS\SYSTEM32\kernel.appcore.dll
0x00007ff99fe10000 - 0x00007ff99fe1a000 	C:\Program Files\Java\jdk-21\bin\jimage.dll
0x00007ff996090000 - 0x00007ff9962d2000 	C:\WINDOWS\SYSTEM32\DBGHELP.DLL
0x00007ff9a5ee0000 - 0x00007ff9a6262000 	C:\WINDOWS\System32\combase.dll
0x00007ff9a62f0000 - 0x00007ff9a63c7000 	C:\WINDOWS\System32\OLEAUT32.dll
0x00007ff98ad80000 - 0x00007ff98adbb000 	C:\WINDOWS\SYSTEM32\dbgcore.DLL
0x00007ff9a3620000 - 0x00007ff9a36c5000 	C:\WINDOWS\System32\bcryptPrimitives.dll
0x00007ff99e7f0000 - 0x00007ff99e80f000 	C:\Program Files\Java\jdk-21\bin\java.dll
0x00007ff9a5770000 - 0x00007ff9a5ecf000 	C:\WINDOWS\System32\SHELL32.dll
0x00007ff9a47f0000 - 0x00007ff9a495a000 	C:\WINDOWS\System32\wintypes.dll
0x00007ff9a39a0000 - 0x00007ff9a4204000 	C:\WINDOWS\System32\windows.storage.dll
0x00007ff9a6700000 - 0x00007ff9a67f7000 	C:\WINDOWS\System32\SHCORE.dll
0x00007ff9a4960000 - 0x00007ff9a49c7000 	C:\WINDOWS\System32\shlwapi.dll
0x00007ff9a33c0000 - 0x00007ff9a33e9000 	C:\WINDOWS\SYSTEM32\profapi.dll
0x00007ff9975b0000 - 0x00007ff997687000 	C:\Program Files\Java\jdk-21\bin\jsvml.dll
0x00007ff99e7e0000 - 0x00007ff99e7f0000 	C:\Program Files\Java\jdk-21\bin\net.dll
0x00007ff99ce20000 - 0x00007ff99cf47000 	C:\WINDOWS\SYSTEM32\WINHTTP.dll
0x00007ff9a28c0000 - 0x00007ff9a292b000 	C:\WINDOWS\system32\mswsock.dll
0x00007ff99b510000 - 0x00007ff99b526000 	C:\Program Files\Java\jdk-21\bin\nio.dll
0x00007ff99b4d0000 - 0x00007ff99b4e8000 	C:\Program Files\Java\jdk-21\bin\zip.dll

dbghelp: loaded successfully - version: 4.0.5 - missing functions: none
symbol engine: initialized successfully - sym options: 0x614 - pdb path: .;C:\Program Files\Java\jdk-21\bin;C:\WINDOWS\SYSTEM32;C:\WINDOWS\WinSxS\amd64_microsoft.windows.common-controls_6595b64144ccf1df_6.0.26100.8037_none_3e092faae333b53b;C:\Program Files\Java\jdk-21\bin\server

VM Arguments:
jvm_args: -Dapplication.home=C:\Program Files\Java\jdk-21 --add-modules=ALL-DEFAULT -Xms8m -Djdk.module.main=jdk.javadoc 
java_command: jdk.javadoc/jdk.javadoc.internal.tool.Main @C:\Users\Aarav Roy\Desktop\Essentials\Essentials\build\tmp\javadoc\javadoc.options
java_class_path (initial): <not set>
Launcher Type: SUN_STANDARD

[Global flags]
     intx CICompilerCount                          = 4                                         {product} {ergonomic}
     uint ConcGCThreads                            = 3                                         {product} {ergonomic}
     uint G1ConcRefinementThreads                  = 10                                        {product} {ergonomic}
   size_t G1HeapRegionSize                         = 2097152                                   {product} {ergonomic}
    uintx GCDrainStackTargetSize                   = 64                                        {product} {ergonomic}
   size_t InitialHeapSize                          = 8388608                                   {product} {command line}
   size_t MarkStackSize                            = 4194304                                   {product} {ergonomic}
   size_t MaxHeapSize                              = 4110417920                                {product} {ergonomic}
   size_t MaxNewSize                               = 2466250752                                {product} {ergonomic}
   size_t MinHeapDeltaBytes                        = 2097152                                   {product} {ergonomic}
   size_t MinHeapSize                              = 8388608                                   {product} {command line}
    uintx NonNMethodCodeHeapSize                   = 5839372                                {pd product} {ergonomic}
    uintx NonProfiledCodeHeapSize                  = 122909434                              {pd product} {ergonomic}
    uintx ProfiledCodeHeapSize                     = 122909434                              {pd product} {ergonomic}
    uintx ReservedCodeCacheSize                    = 251658240                              {pd product} {ergonomic}
     bool SegmentedCodeCache                       = true                                      {product} {ergonomic}
   size_t SoftMaxHeapSize                          = 4110417920                             {manageable} {ergonomic}
     bool UseCompressedOops                        = true                           {product lp64_product} {ergonomic}
     bool UseG1GC                                  = true                                      {product} {ergonomic}
     bool UseLargePagesIndividualAllocation        = false                                  {pd product} {ergonomic}

Logging:
Log output configuration:
 #0: stdout all=warning uptime,level,tags foldmultilines=false
 #1: stderr all=off uptime,level,tags foldmultilines=false

Environment Variables:
JAVA_HOME=C:\Program Files\Java\jdk-21
PATH=C:\Program Files\Git\mingw64\bin;C:\Program Files\Git\usr\bin;C:\Users\Aarav Roy\bin;C:\Program Files\Eclipse Adoptium\jdk-11.0.29.7-hotspot\bin;C:\Program Files\Eclipse Adoptium\jdk-8.0.472.8-hotspot\bin;C:\Program Files\Common Files\Oracle\Java\javapath;C:\WINDOWS\system32;C:\WINDOWS;C:\WINDOWS\System32\Wbem;C:\WINDOWS\System32\WindowsPowerShell\v1.0;C:\WINDOWS\System32\OpenSSH;C:\Program Files (x86)\NVIDIA Corporation\PhysX\Common;C:\Program Files\NVIDIA Corporation\NVIDIA App\NvDLISR;C:\Program Files\apache-maven-3.9.12\bin;C:\Program Files\Git\cmd;C:\Program Files\Java\jdk-21\bin;C:\Program Files\dotnet;C:\Program Files\PuTTY;C:\gradle-9.4.0\bin;C:\Program Files\Tailscale;C:\Program Files\nodejs;C:\Users\Aarav Roy\AppData\Local\Microsoft\WindowsApps;C:\Users\Aarav Roy\AppData\Local\Programs\Antigravity\bin;C:\Users\Aarav Roy\AppData\Local\spicetify;C:\Users\Aarav Roy\AppData\Roaming\npm;C:\Users\Aarav Roy\AppData\Local\Microsoft\WinGet\Packages\aristocratos.btop4win_Microsoft.Winget.Source_8wekyb3d8bbwe\btop4win
USERNAME=Aarav Roy
TERM=xterm-256color
OS=Windows_NT
PROCESSOR_IDENTIFIER=AMD64 Family 25 Model 68 Stepping 1, AuthenticAMD
TMP=C:\Users\AARAVR~1\AppData\Local\Temp
TEMP=C:\Users\AARAVR~1\AppData\Local\Temp




Periodic native trim disabled

---------------  S Y S T E M  ---------------

OS:
 Windows 11 , 64 bit Build 26100 (10.0.26100.7920)
OS uptime: 0 days 0:51 hours
Hyper-V role detected

CPU: total 12 (initial active 12) (12 cores per cpu, 2 threads per core) family 25 model 68 stepping 1 microcode 0xa40410a, cx8, cmov, fxsr, ht, mmx, 3dnowpref, sse, sse2, sse3, ssse3, sse4a, sse4.1, sse4.2, popcnt, lzcnt, tsc, tscinvbit, avx, avx2, aes, erms, clmul, bmi1, bmi2, adx, sha, fma, vzeroupper, clflush, clflushopt, hv, rdtscp, rdpid, fsrm, f16c, cet_ss
Processor Information for processor 0
  Max Mhz: 3301, Current Mhz: 3301, Mhz Limit: 3301
Processor Information for processor 1
  Max Mhz: 3301, Current Mhz: 2640, Mhz Limit: 3301
Processor Information for processor 2
  Max Mhz: 3301, Current Mhz: 3301, Mhz Limit: 3301
Processor Information for processor 3
  Max Mhz: 3301, Current Mhz: 3301, Mhz Limit: 3301
Processor Information for processor 4
  Max Mhz: 3301, Current Mhz: 3301, Mhz Limit: 3301
Processor Information for processor 5
  Max Mhz: 3301, Current Mhz: 3301, Mhz Limit: 3301
Processor Information for processor 6
  Max Mhz: 3301, Current Mhz: 3301, Mhz Limit: 3301
Processor Information for processor 7
  Max Mhz: 3301, Current Mhz: 2640, Mhz Limit: 3301
Processor Information for processor 8
  Max Mhz: 3301, Current Mhz: 3301, Mhz Limit: 3301
Processor Information for processor 9
  Max Mhz: 3301, Current Mhz: 3301, Mhz Limit: 3301
Processor Information for processor 10
  Max Mhz: 3301, Current Mhz: 2640, Mhz Limit: 3301
Processor Information for processor 11
  Max Mhz: 3301, Current Mhz: 2640, Mhz Limit: 3301

Memory: 4k page, system-wide physical 15676M (5244M free)
TotalPageFile size 62780M (AvailPageFile size 327M)
current process WorkingSet (physical memory assigned to process): 150M, peak: 151M
current process commit charge ("private bytes"): 207M, peak: 210M

vm_info: Java HotSpot(TM) 64-Bit Server VM (21.0.8+12-LTS-250) for windows-amd64 JRE (21.0.8+12-LTS-250), built on 2025-06-27T08:11:22Z by "mach5one" with MS VC++ 17.6 (VS2022)

END.
