#
# There is insufficient memory for the Java Runtime Environment to continue.
# Native memory allocation (mmap) failed to map 67108864 bytes for G1 virtual space
# Possible reasons:
#   The system is out of physical RAM or swap space
#   The process is running with CompressedOops enabled, and the Java Heap may be blocking the growth of the native heap
# Possible solutions:
#   Reduce memory load on the system
#   Increase physical memory or swap space
#   Check if swap backing store is full
#   Decrease Java heap size (-Xmx/-Xms)
#   Decrease number of Java threads
#   Decrease Java thread stack sizes (-Xss)
#   Set larger code cache with -XX:ReservedCodeCacheSize=
#   JVM is running with Unscaled Compressed Oops mode in which the Java heap is
#     placed in the first 4GB address space. The Java Heap base address is the
#     maximum limit for the native heap growth. Please use -XX:HeapBaseMinAddress
#     to set the Java Heap base and to place the Java Heap above 4GB virtual address.
# This output file may be truncated or incomplete.
#
#  Out of Memory Error (os_windows.cpp:3603), pid=24644, tid=25076
#
# JRE version:  (21.0.8+12) (build )
# Java VM: Java HotSpot(TM) 64-Bit Server VM (21.0.8+12-LTS-250, mixed mode, sharing, tiered, compressed oops, compressed class ptrs, g1 gc, windows-amd64)
# No core dump will be written. Minidumps are not enabled by default on client versions of Windows
#

---------------  S U M M A R Y ------------

Command Line: -Xmx64m -Xms64m -Dorg.gradle.appname=gradlew C:\Users\Aarav Roy\Desktop\Essentials\\gradle\wrapper\gradle-wrapper.jar :EssentialsX:assemble -x checkstyleMain

Host: AMD Ryzen 5 6600H with Radeon Graphics         , 12 cores, 15G,  Windows 11 , 64 bit Build 26100 (10.0.26100.7920)
Time: Sat Apr 11 14:38:30 2026 India Standard Time elapsed time: 2.016431 seconds (0d 0h 0m 2s)

---------------  T H R E A D  ---------------

Current thread (0x0000025b52d0d280):  JavaThread "Unknown thread" [_thread_in_vm, id=25076, stack(0x0000009ba6300000,0x0000009ba6400000) (1024K)]

Stack: [0x0000009ba6300000,0x0000009ba6400000]
Native frames: (J=compiled Java code, j=interpreted, Vv=VM code, C=native code)
V  [jvm.dll+0x6cc179]
V  [jvm.dll+0x8584c1]
V  [jvm.dll+0x85a9ee]
V  [jvm.dll+0x85b0c3]
V  [jvm.dll+0x27ebf6]
V  [jvm.dll+0x6c88f5]
V  [jvm.dll+0x6bd45a]
V  [jvm.dll+0x354b1a]
V  [jvm.dll+0x35c796]
V  [jvm.dll+0x3af85e]
V  [jvm.dll+0x3afb08]
V  [jvm.dll+0x328e2c]
V  [jvm.dll+0x32998b]
V  [jvm.dll+0x821879]
V  [jvm.dll+0x3bc541]
V  [jvm.dll+0x80aaf8]
V  [jvm.dll+0x45172e]
V  [jvm.dll+0x453321]
C  [jli.dll+0x52a3]
C  [ucrtbase.dll+0x37b0]
C  [KERNEL32.DLL+0x2e8d7]
C  [ntdll.dll+0x8c48c]


---------------  P R O C E S S  ---------------

Threads class SMR info:
_java_thread_list=0x00007ff913bafc48, length=0, elements={
}

Java Threads: ( => current thread )
Total: 0

Other Threads:
  0x0000025b550d2a60 WorkerThread "GC Thread#0"                     [id=22036, stack(0x0000009ba6400000,0x0000009ba6500000) (1024K)]
  0x0000025b550d4a50 ConcurrentGCThread "G1 Main Marker"            [id=21680, stack(0x0000009ba6500000,0x0000009ba6600000) (1024K)]
  0x0000025b550d63d0 WorkerThread "G1 Conc#0"                       [id=15548, stack(0x0000009ba6600000,0x0000009ba6700000) (1024K)]

[error occurred during error reporting (printing all threads), id 0xc0000005, EXCEPTION_ACCESS_VIOLATION (0xc0000005) at pc=0x00007ff91331b5b7]
VM state: not at safepoint (not fully initialized)

VM Mutex/Monitor currently owned by a thread:  ([mutex/lock_event])
[0x00007ff913c20f50] Heap_lock - owner thread: 0x0000025b52d0d280

Heap address: 0x00000000fc000000, size: 64 MB, Compressed Oops mode: 32-bit

CDS archive(s) mapped at: [0x0000000000000000-0x0000000000000000-0x0000000000000000), size 0, SharedBaseAddress: 0x0000000800000000, ArchiveRelocationMode: 1.
Narrow klass base: 0x0000000000000000, Narrow klass shift: 0, Narrow klass range: 0x0

GC Precious Log:
 CardTable entry size: 512
 Card Set container configuration: InlinePtr #cards 5 size 8 Array Of Cards #cards 12 size 40 Howl #buckets 4 coarsen threshold 1843 Howl Bitmap #cards 512 size 80 coarsen threshold 460 Card regions per heap region 1 cards per card region 2048

Heap:
 garbage-first heap   total 0K, used 0K [0x00000000fc000000, 0x0000000100000000)
  region size 1024K, 0 young (0K), 0 survivors (0K)

[error occurred during error reporting (printing heap information), id 0xc0000005, EXCEPTION_ACCESS_VIOLATION (0xc0000005) at pc=0x00007ff9137051e9]
GC Heap History (0 events):
No events

Dll operation events (1 events):
Event: 0.008 Loaded shared library C:\Program Files\Java\jdk-21\bin\java.dll

Deoptimization events (0 events):
No events

Classes loaded (0 events):
No events

Classes unloaded (0 events):
No events

Classes redefined (0 events):
No events

Internal exceptions (0 events):
No events

ZGC Phase Switch (0 events):
No events

VM Operations (0 events):
No events

Events (0 events):
No events


Dynamic libraries:
0x00007ff7dae20000 - 0x00007ff7dae30000 	C:\Program Files\Java\jdk-21\bin\java.exe
0x00007ff9a6bc0000 - 0x00007ff9a6e27000 	C:\WINDOWS\SYSTEM32\ntdll.dll
0x00007ff9a54d0000 - 0x00007ff9a5599000 	C:\WINDOWS\System32\KERNEL32.DLL
0x00007ff9a43f0000 - 0x00007ff9a47e1000 	C:\WINDOWS\System32\KERNELBASE.dll
0x00007ff9a36d0000 - 0x00007ff9a381b000 	C:\WINDOWS\System32\ucrtbase.dll
0x00007ff99e7a0000 - 0x00007ff99e7b9000 	C:\Program Files\Java\jdk-21\bin\jli.dll
0x00007ff99ba50000 - 0x00007ff99ba6b000 	C:\Program Files\Java\jdk-21\bin\VCRUNTIME140.dll
0x00007ff9a49d0000 - 0x00007ff9a4a8b000 	C:\WINDOWS\System32\ADVAPI32.dll
0x00007ff9a65b0000 - 0x00007ff9a6659000 	C:\WINDOWS\System32\msvcrt.dll
0x00007ff9a6900000 - 0x00007ff9a69a7000 	C:\WINDOWS\System32\sechost.dll
0x00007ff9a5150000 - 0x00007ff9a5268000 	C:\WINDOWS\System32\RPCRT4.dll
0x00007ff9a69b0000 - 0x00007ff9a6b75000 	C:\WINDOWS\System32\USER32.dll
0x00007ff9a38e0000 - 0x00007ff9a3907000 	C:\WINDOWS\System32\win32u.dll
0x00007ff988c40000 - 0x00007ff988ed3000 	C:\WINDOWS\WinSxS\amd64_microsoft.windows.common-controls_6595b64144ccf1df_6.0.26100.8037_none_3e092faae333b53b\COMCTL32.dll
0x00007ff9a63d0000 - 0x00007ff9a63fb000 	C:\WINDOWS\System32\GDI32.dll
0x00007ff9a4210000 - 0x00007ff9a433b000 	C:\WINDOWS\System32\gdi32full.dll
0x00007ff9a4340000 - 0x00007ff9a43e3000 	C:\WINDOWS\System32\msvcp_win.dll
0x00007ff99b270000 - 0x00007ff99b27b000 	C:\WINDOWS\SYSTEM32\VERSION.dll
0x00007ff9a4ac0000 - 0x00007ff9a4af1000 	C:\WINDOWS\System32\IMM32.DLL
0x00007ff9a0bf0000 - 0x00007ff9a0bfc000 	C:\Program Files\Java\jdk-21\bin\vcruntime140_1.dll
0x00007ff997690000 - 0x00007ff99771e000 	C:\Program Files\Java\jdk-21\bin\msvcp140.dll
0x00007ff912fe0000 - 0x00007ff913cfd000 	C:\Program Files\Java\jdk-21\bin\server\jvm.dll
0x00007ff9a5270000 - 0x00007ff9a52e4000 	C:\WINDOWS\System32\WS2_32.dll
0x00007ff9a20a0000 - 0x00007ff9a20fe000 	C:\WINDOWS\SYSTEM32\POWRPROF.dll
0x00007ff9973f0000 - 0x00007ff997425000 	C:\WINDOWS\SYSTEM32\WINMM.dll
0x00007ff9a2080000 - 0x00007ff9a2094000 	C:\WINDOWS\SYSTEM32\UMPDC.dll
0x00007ff9a2350000 - 0x00007ff9a236b000 	C:\WINDOWS\SYSTEM32\kernel.appcore.dll
0x00007ff99fe10000 - 0x00007ff99fe1a000 	C:\Program Files\Java\jdk-21\bin\jimage.dll
0x00007ff996090000 - 0x00007ff9962d2000 	C:\WINDOWS\SYSTEM32\DBGHELP.DLL
0x00007ff9a5ee0000 - 0x00007ff9a6262000 	C:\WINDOWS\System32\combase.dll
0x00007ff9a62f0000 - 0x00007ff9a63c7000 	C:\WINDOWS\System32\OLEAUT32.dll
0x00007ff98ad80000 - 0x00007ff98adbb000 	C:\WINDOWS\SYSTEM32\dbgcore.DLL
0x00007ff9a3620000 - 0x00007ff9a36c5000 	C:\WINDOWS\System32\bcryptPrimitives.dll
0x00007ff99e7f0000 - 0x00007ff99e80f000 	C:\Program Files\Java\jdk-21\bin\java.dll

dbghelp: loaded successfully - version: 4.0.5 - missing functions: none
symbol engine: initialized successfully - sym options: 0x614 - pdb path: .;C:\Program Files\Java\jdk-21\bin;C:\WINDOWS\SYSTEM32;C:\WINDOWS\WinSxS\amd64_microsoft.windows.common-controls_6595b64144ccf1df_6.0.26100.8037_none_3e092faae333b53b;C:\Program Files\Java\jdk-21\bin\server

VM Arguments:
jvm_args: -Xmx64m -Xms64m -Dorg.gradle.appname=gradlew 
java_command: C:\Users\Aarav Roy\Desktop\Essentials\\gradle\wrapper\gradle-wrapper.jar :EssentialsX:assemble -x checkstyleMain
java_class_path (initial): C:\Users\Aarav Roy\Desktop\Essentials\\gradle\wrapper\gradle-wrapper.jar
Launcher Type: SUN_STANDARD

[Global flags]
     intx CICompilerCount                          = 4                                         {product} {ergonomic}
     uint ConcGCThreads                            = 3                                         {product} {ergonomic}
     uint G1ConcRefinementThreads                  = 10                                        {product} {ergonomic}
   size_t G1HeapRegionSize                         = 1048576                                   {product} {ergonomic}
    uintx GCDrainStackTargetSize                   = 64                                        {product} {ergonomic}
   size_t InitialHeapSize                          = 67108864                                  {product} {command line}
   size_t MarkStackSize                            = 4194304                                   {product} {ergonomic}
   size_t MaxHeapSize                              = 67108864                                  {product} {command line}
   size_t MinHeapDeltaBytes                        = 1048576                                   {product} {ergonomic}
   size_t MinHeapSize                              = 67108864                                  {product} {command line}
    uintx NonNMethodCodeHeapSize                   = 5839372                                {pd product} {ergonomic}
    uintx NonProfiledCodeHeapSize                  = 122909434                              {pd product} {ergonomic}
    uintx ProfiledCodeHeapSize                     = 122909434                              {pd product} {ergonomic}
    uintx ReservedCodeCacheSize                    = 251658240                              {pd product} {ergonomic}
     bool SegmentedCodeCache                       = true                                      {product} {ergonomic}
   size_t SoftMaxHeapSize                          = 67108864                               {manageable} {ergonomic}
     bool UseCompressedOops                        = true                           {product lp64_product} {ergonomic}
     bool UseG1GC                                  = true                                      {product} {ergonomic}
     bool UseLargePagesIndividualAllocation        = false                                  {pd product} {ergonomic}

Logging:
Log output configuration:
 #0: stdout all=warning uptime,level,tags foldmultilines=false
 #1: stderr all=off uptime,level,tags foldmultilines=false

Environment Variables:
JAVA_HOME=C:\Program Files\Java\jdk-21
PATH=C:\Program Files\Git\mingw64\bin;C:\Program Files\Git\usr\bin;C:\Users\Aarav Roy\bin;C:\Program Files\Eclipse Adoptium\jdk-11.0.29.7-hotspot\bin;C:\Program Files\Eclipse Adoptium\jdk-8.0.472.8-hotspot\bin;C:\Program Files\Common Files\Oracle\Java\javapath;C:\WINDOWS\system32;C:\WINDOWS;C:\WINDOWS\System32\Wbem;C:\WINDOWS\System32\WindowsPowerShell\v1.0;C:\WINDOWS\System32\OpenSSH;C:\Program Files (x86)\NVIDIA Corporation\PhysX\Common;C:\Program Files\NVIDIA Corporation\NVIDIA App\NvDLISR;C:\Program Files\apache-maven-3.9.12\bin;C:\Program Files\Git\cmd;C:\Program Files\Java\jdk-21\bin;C:\Program Files\dotnet;C:\Program Files\PuTTY;C:\gradle-9.4.0\bin;C:\Program Files\Tailscale;C:\Program Files\nodejs;C:\Users\Aarav Roy\AppData\Local\Microsoft\WindowsApps;C:\Users\Aarav Roy\AppData\Local\Programs\Antigravity\bin;C:\Users\Aarav Roy\AppData\Local\spicetify;C:\Users\Aarav Roy\AppData\Roaming\npm;C:\Users\Aarav Roy\AppData\Local\Microsoft\WinGet\Packages\aristocratos.btop4win_Microsoft.Winget.Source_8wekyb3d8bbwe\btop4win
USERNAME=Aarav Roy
TERM=xterm-256color
OS=Windows_NT
PROCESSOR_IDENTIFIER=AMD64 Family 25 Model 68 Stepping 1, AuthenticAMD
TMP=C:\Users\AARAVR~1\AppData\Local\Temp
TEMP=C:\Users\AARAVR~1\AppData\Local\Temp




Periodic native trim disabled

---------------  S Y S T E M  ---------------

OS:
 Windows 11 , 64 bit Build 26100 (10.0.26100.7920)
OS uptime: 0 days 0:51 hours
Hyper-V role detected

CPU: total 12 (initial active 12) (12 cores per cpu, 2 threads per core) family 25 model 68 stepping 1 microcode 0xa40410a, cx8, cmov, fxsr, ht, mmx, 3dnowpref, sse, sse2, sse3, ssse3, sse4a, sse4.1, sse4.2, popcnt, lzcnt, tsc, tscinvbit, avx, avx2, aes, erms, clmul, bmi1, bmi2, adx, sha, fma, vzeroupper, clflush, clflushopt, hv, rdtscp, rdpid, fsrm, f16c, cet_ss
Processor Information for processor 0
  Max Mhz: 3301, Current Mhz: 3301, Mhz Limit: 3301
Processor Information for processor 1
  Max Mhz: 3301, Current Mhz: 3301, Mhz Limit: 3301
Processor Information for processor 2
  Max Mhz: 3301, Current Mhz: 3301, Mhz Limit: 3301
Processor Information for processor 3
  Max Mhz: 3301, Current Mhz: 2640, Mhz Limit: 3301
Processor Information for processor 4
  Max Mhz: 3301, Current Mhz: 3301, Mhz Limit: 3301
Processor Information for processor 5
  Max Mhz: 3301, Current Mhz: 2640, Mhz Limit: 3301
Processor Information for processor 6
  Max Mhz: 3301, Current Mhz: 3301, Mhz Limit: 3301
Processor Information for processor 7
  Max Mhz: 3301, Current Mhz: 3301, Mhz Limit: 3301
Processor Information for processor 8
  Max Mhz: 3301, Current Mhz: 3301, Mhz Limit: 3301
Processor Information for processor 9
  Max Mhz: 3301, Current Mhz: 3301, Mhz Limit: 3301
Processor Information for processor 10
  Max Mhz: 3301, Current Mhz: 2640, Mhz Limit: 3301
Processor Information for processor 11
  Max Mhz: 3301, Current Mhz: 2640, Mhz Limit: 3301

Memory: 4k page, system-wide physical 15676M (5129M free)
TotalPageFile size 62780M (AvailPageFile size 116M)
current process WorkingSet (physical memory assigned to process): 12M, peak: 12M
current process commit charge ("private bytes"): 64M, peak: 127M

vm_info: Java HotSpot(TM) 64-Bit Server VM (21.0.8+12-LTS-250) for windows-amd64 JRE (21.0.8+12-LTS-250), built on 2025-06-27T08:11:22Z by "mach5one" with MS VC++ 17.6 (VS2022)

END.
