#
# There is insufficient memory for the Java Runtime Environment to continue.
# Native memory allocation (malloc) failed to allocate 1838896 bytes for Chunk::new
# Possible reasons:
#   The system is out of physical RAM or swap space
#   The process is running with CompressedOops enabled, and the Java Heap may be blocking the growth of the native heap
# Possible solutions:
#   Reduce memory load on the system
#   Increase physical memory or swap space
#   Check if swap backing store is full
#   Decrease Java heap size (-Xmx/-Xms)
#   Decrease number of Java threads
#   Decrease Java thread stack sizes (-Xss)
#   Set larger code cache with -XX:ReservedCodeCacheSize=
#   JVM is running with Zero Based Compressed Oops mode in which the Java heap is
#     placed in the first 32GB address space. The Java Heap base address is the
#     maximum limit for the native heap growth. Please use -XX:HeapBaseMinAddress
#     to set the Java Heap base and to place the Java Heap above 32GB virtual address.
# This output file may be truncated or incomplete.
#
#  Out of Memory Error (arena.cpp:168), pid=11124, tid=25764
#
# JRE version: Java(TM) SE Runtime Environment (21.0.8+12) (build 21.0.8+12-LTS-250)
# Java VM: Java HotSpot(TM) 64-Bit Server VM (21.0.8+12-LTS-250, mixed mode, sharing, tiered, compressed oops, compressed class ptrs, g1 gc, windows-amd64)
# No core dump will be written. Minidumps are not enabled by default on client versions of Windows
#

---------------  S U M M A R Y ------------

Command Line: --add-opens=java.base/java.lang=ALL-UNNAMED --add-opens=java.base/java.lang.invoke=ALL-UNNAMED --add-opens=java.base/java.util=ALL-UNNAMED --add-opens=java.prefs/java.util.prefs=ALL-UNNAMED --add-exports=jdk.compiler/com.sun.tools.javac.api=ALL-UNNAMED --add-exports=jdk.compiler/com.sun.tools.javac.util=ALL-UNNAMED --add-opens=java.base/java.util=ALL-UNNAMED --add-opens=java.prefs/java.util.prefs=ALL-UNNAMED --add-opens=java.base/java.nio.charset=ALL-UNNAMED --add-opens=java.base/java.net=ALL-UNNAMED --add-opens=java.base/java.util.concurrent=ALL-UNNAMED --add-opens=java.base/java.util.concurrent.atomic=ALL-UNNAMED --add-opens=java.xml/javax.xml.namespace=ALL-UNNAMED --add-opens=java.base/java.time=ALL-UNNAMED -Dfile.encoding=UTF-8 -Duser.country=IN -Duser.language=en -Duser.variant -javaagent:C:\Users\Aarav Roy\.gradle\wrapper\dists\gradle-9.1.0-bin\9agqghryom9wkf8r80qlhnts3\gradle-9.1.0\lib\agents\gradle-instrumentation-agent-9.1.0.jar org.gradle.launcher.daemon.bootstrap.GradleDaemon 9.1.0

Host: AMD Ryzen 5 6600H with Radeon Graphics         , 12 cores, 15G,  Windows 11 , 64 bit Build 26100 (10.0.26100.7920)
Time: Sat Apr 11 19:05:31 2026 India Standard Time elapsed time: 10.941663 seconds (0d 0h 0m 10s)

---------------  T H R E A D  ---------------

Current thread (0x000001befed32ba0):  JavaThread "C2 CompilerThread0" daemon [_thread_in_native, id=25764, stack(0x00000022d8700000,0x00000022d8800000) (1024K)]


Current CompileTask:
C2:  10942 3263   !   4       java.net.URLClassLoader::findClass (47 bytes)

Stack: [0x00000022d8700000,0x00000022d8800000]
Native frames: (J=compiled Java code, j=interpreted, Vv=VM code, C=native code)
V  [jvm.dll+0x6cc179]
V  [jvm.dll+0x8584c1]
V  [jvm.dll+0x85a9ee]
V  [jvm.dll+0x85b0c3]
V  [jvm.dll+0x27ebf6]
V  [jvm.dll+0xc4f4d]
V  [jvm.dll+0xc5483]
V  [jvm.dll+0x3b6a82]
V  [jvm.dll+0x382a35]
V  [jvm.dll+0x381eaa]
V  [jvm.dll+0x247670]
V  [jvm.dll+0x246c4f]
V  [jvm.dll+0x1c7a3e]
V  [jvm.dll+0x256359]
V  [jvm.dll+0x2548ea]
V  [jvm.dll+0x3efef6]
V  [jvm.dll+0x80279b]
V  [jvm.dll+0x6ca85d]
C  [ucrtbase.dll+0x37b0]
C  [KERNEL32.DLL+0x2e8d7]
C  [ntdll.dll+0x8c48c]


---------------  P R O C E S S  ---------------

Threads class SMR info:
_java_thread_list=0x000001bed6c4b0a0, length=28, elements={
0x000001beec7c8b30, 0x000001befed297f0, 0x000001befed2af60, 0x000001befed2efb0,
0x000001befed2fc60, 0x000001befed306b0, 0x000001befed31100, 0x000001befed32ba0,
0x000001befed38540, 0x000001befecf8f60, 0x000001beff023be0, 0x000001beff15c1c0,
0x000001bed41ea650, 0x000001bed439b850, 0x000001bed4222180, 0x000001befefb21b0,
0x000001bed439a8d0, 0x000001bed5013940, 0x000001bed4fd1b10, 0x000001bed4fd3550,
0x000001bed4fd21a0, 0x000001bed4fd00d0, 0x000001bed4fd2830, 0x000001bed4fd0760,
0x000001bed4fd2ec0, 0x000001bed4fd1480, 0x000001bed5815d10, 0x000001bed5818b00
}

Java Threads: ( => current thread )
  0x000001beec7c8b30 JavaThread "main"                              [_thread_blocked, id=21868, stack(0x00000022d7900000,0x00000022d7a00000) (1024K)]
  0x000001befed297f0 JavaThread "Reference Handler"          daemon [_thread_blocked, id=24864, stack(0x00000022d8100000,0x00000022d8200000) (1024K)]
  0x000001befed2af60 JavaThread "Finalizer"                  daemon [_thread_blocked, id=24092, stack(0x00000022d8200000,0x00000022d8300000) (1024K)]
  0x000001befed2efb0 JavaThread "Signal Dispatcher"          daemon [_thread_blocked, id=25028, stack(0x00000022d8300000,0x00000022d8400000) (1024K)]
  0x000001befed2fc60 JavaThread "Attach Listener"            daemon [_thread_blocked, id=9376, stack(0x00000022d8400000,0x00000022d8500000) (1024K)]
  0x000001befed306b0 JavaThread "Service Thread"             daemon [_thread_blocked, id=9236, stack(0x00000022d8500000,0x00000022d8600000) (1024K)]
  0x000001befed31100 JavaThread "Monitor Deflation Thread"   daemon [_thread_blocked, id=3396, stack(0x00000022d8600000,0x00000022d8700000) (1024K)]
=>0x000001befed32ba0 JavaThread "C2 CompilerThread0"         daemon [_thread_in_native, id=25764, stack(0x00000022d8700000,0x00000022d8800000) (1024K)]
  0x000001befed38540 JavaThread "C1 CompilerThread0"         daemon [_thread_blocked, id=25036, stack(0x00000022d8800000,0x00000022d8900000) (1024K)]
  0x000001befecf8f60 JavaThread "Common-Cleaner"             daemon [_thread_blocked, id=23724, stack(0x00000022d8900000,0x00000022d8a00000) (1024K)]
  0x000001beff023be0 JavaThread "Notification Thread"        daemon [_thread_blocked, id=11668, stack(0x00000022d8a00000,0x00000022d8b00000) (1024K)]
  0x000001beff15c1c0 JavaThread "Daemon health stats"               [_thread_blocked, id=19224, stack(0x00000022d8f00000,0x00000022d9000000) (1024K)]
  0x000001bed41ea650 JavaThread "Incoming local TCP Connector on port 5329"        [_thread_in_native, id=24264, stack(0x00000022d9000000,0x00000022d9100000) (1024K)]
  0x000001bed439b850 JavaThread "Daemon periodic checks"            [_thread_blocked, id=25020, stack(0x00000022d9100000,0x00000022d9200000) (1024K)]
  0x000001bed4222180 JavaThread "Daemon"                            [_thread_blocked, id=3952, stack(0x00000022d9200000,0x00000022d9300000) (1024K)]
  0x000001befefb21b0 JavaThread "Handler for socket connection from /127.0.0.1:5329 to /127.0.0.1:5330"        [_thread_in_native, id=25304, stack(0x00000022d9300000,0x00000022d9400000) (1024K)]
  0x000001bed439a8d0 JavaThread "Cancel handler"                    [_thread_blocked, id=24360, stack(0x00000022d9400000,0x00000022d9500000) (1024K)]
  0x000001bed5013940 JavaThread "Daemon worker"                     [_thread_in_vm, id=10080, stack(0x00000022d9500000,0x00000022d9600000) (1024K)]
  0x000001bed4fd1b10 JavaThread "Asynchronous log dispatcher for DefaultDaemonConnection: socket connection from /127.0.0.1:5329 to /127.0.0.1:5330"        [_thread_blocked, id=17092, stack(0x00000022d9600000,0x00000022d9700000) (1024K)]
  0x000001bed4fd3550 JavaThread "Stdin handler"                     [_thread_blocked, id=25692, stack(0x00000022d9700000,0x00000022d9800000) (1024K)]
  0x000001bed4fd21a0 JavaThread "Daemon client event forwarder"        [_thread_blocked, id=22100, stack(0x00000022d9800000,0x00000022d9900000) (1024K)]
  0x000001bed4fd00d0 JavaThread "Cache worker for journal cache (C:\Users\Aarav Roy\.gradle\caches\journal-1)"        [_thread_blocked, id=9600, stack(0x00000022d9900000,0x00000022d9a00000) (1024K)]
  0x000001bed4fd2830 JavaThread "File lock request listener"        [_thread_in_native, id=4788, stack(0x00000022d9a00000,0x00000022d9b00000) (1024K)]
  0x000001bed4fd0760 JavaThread "Cache worker for file hash cache (C:\Users\Aarav Roy\.gradle\caches\9.1.0\fileHashes)"        [_thread_blocked, id=19036, stack(0x00000022da000000,0x00000022da100000) (1024K)]
  0x000001bed4fd2ec0 JavaThread "Cache worker for file hash cache (C:\Users\Aarav Roy\Desktop\Essentials\.gradle\9.1.0\fileHashes)"        [_thread_blocked, id=9572, stack(0x00000022da300000,0x00000022da400000) (1024K)]
  0x000001bed4fd1480 JavaThread "Cache worker for Build Output Cleanup Cache (C:\Users\Aarav Roy\Desktop\Essentials\.gradle\buildOutputCleanup)"        [_thread_blocked, id=20688, stack(0x00000022da400000,0x00000022da500000) (1024K)]
  0x000001bed5815d10 JavaThread "File watcher server"        daemon [_thread_in_native, id=10972, stack(0x00000022da500000,0x00000022da600000) (1024K)]
  0x000001bed5818b00 JavaThread "File watcher consumer"      daemon [_thread_blocked, id=24216, stack(0x00000022da600000,0x00000022da700000) (1024K)]
Total: 28

Other Threads:
  0x000001befed0af70 VMThread "VM Thread"                           [id=20428, stack(0x00000022d8000000,0x00000022d8100000) (1024K)]
  0x000001befecf85d0 WatcherThread "VM Periodic Task Thread"        [id=18364, stack(0x00000022d7f00000,0x00000022d8000000) (1024K)]
  0x000001beeea9e6e0 WorkerThread "GC Thread#0"                     [id=23232, stack(0x00000022d7a00000,0x00000022d7b00000) (1024K)]
  0x000001beff170f80 WorkerThread "GC Thread#1"                     [id=22316, stack(0x00000022d8b00000,0x00000022d8c00000) (1024K)]
  0x000001beff121fd0 WorkerThread "GC Thread#2"                     [id=2140, stack(0x00000022d8c00000,0x00000022d8d00000) (1024K)]
  0x000001beff122370 WorkerThread "GC Thread#3"                     [id=14048, stack(0x00000022d8d00000,0x00000022d8e00000) (1024K)]
  0x000001beff122710 WorkerThread "GC Thread#4"                     [id=17704, stack(0x00000022d8e00000,0x00000022d8f00000) (1024K)]
  0x000001bed5040dd0 WorkerThread "GC Thread#5"                     [id=9580, stack(0x00000022d9b00000,0x00000022d9c00000) (1024K)]
  0x000001bed5343780 WorkerThread "GC Thread#6"                     [id=26064, stack(0x00000022d9c00000,0x00000022d9d00000) (1024K)]
  0x000001bed53adf10 WorkerThread "GC Thread#7"                     [id=5852, stack(0x00000022d9d00000,0x00000022d9e00000) (1024K)]
  0x000001bed53ae2b0 WorkerThread "GC Thread#8"                     [id=9072, stack(0x00000022d9e00000,0x00000022d9f00000) (1024K)]
  0x000001bed425b470 WorkerThread "GC Thread#9"                     [id=15452, stack(0x00000022d9f00000,0x00000022da000000) (1024K)]
  0x000001beeeab0e60 ConcurrentGCThread "G1 Main Marker"            [id=1620, stack(0x00000022d7b00000,0x00000022d7c00000) (1024K)]
  0x000001beeeab1770 WorkerThread "G1 Conc#0"                       [id=2096, stack(0x00000022d7c00000,0x00000022d7d00000) (1024K)]
  0x000001bed52affb0 WorkerThread "G1 Conc#1"                       [id=26272, stack(0x00000022da100000,0x00000022da200000) (1024K)]
  0x000001bed52b06f0 WorkerThread "G1 Conc#2"                       [id=7304, stack(0x00000022da200000,0x00000022da300000) (1024K)]
  0x000001befebc95d0 ConcurrentGCThread "G1 Refine#0"               [id=3584, stack(0x00000022d7d00000,0x00000022d7e00000) (1024K)]
  0x000001befebc9f50 ConcurrentGCThread "G1 Service"                [id=4408, stack(0x00000022d7e00000,0x00000022d7f00000) (1024K)]
Total: 18

Threads with active compile tasks:
C2 CompilerThread0    11056 3263   !   4       java.net.URLClassLoader::findClass (47 bytes)
Total: 1

VM state: not at safepoint (normal execution)

VM Mutex/Monitor currently owned by a thread: None

Heap address: 0x000000070b000000, size: 3920 MB, Compressed Oops mode: Zero based, Oop shift amount: 3

CDS archive(s) mapped at: [0x000001be8f000000-0x000001be8fc90000-0x000001be8fc90000), size 13172736, SharedBaseAddress: 0x000001be8f000000, ArchiveRelocationMode: 1.
Compressed class space mapped at: 0x000001be90000000-0x000001bed0000000, reserved size: 1073741824
Narrow klass base: 0x000001be8f000000, Narrow klass shift: 0, Narrow klass range: 0x100000000

GC Precious Log:
 CardTable entry size: 512
 Card Set container configuration: InlinePtr #cards 4 size 8 Array Of Cards #cards 16 size 48 Howl #buckets 8 coarsen threshold 3686 Howl Bitmap #cards 512 size 80 coarsen threshold 460 Card regions per heap region 1 cards per card region 4096
 CPUs: 12 total, 12 available
 Memory: 15676M
 Large Page Support: Disabled
 NUMA Support: Disabled
 Compressed Oops: Enabled (Zero based)
 Heap Region Size: 2M
 Heap Min Capacity: 8M
 Heap Initial Capacity: 246M
 Heap Max Capacity: 3920M
 Pre-touch: Disabled
 Parallel Workers: 10
 Concurrent Workers: 3
 Concurrent Refinement Workers: 10
 Periodic GC: Disabled

Heap:
 garbage-first heap   total 96256K, used 33104K [0x000000070b000000, 0x0000000800000000)
  region size 2048K, 7 young (14336K), 3 survivors (6144K)
 Metaspace       used 27129K, committed 28096K, reserved 1114112K
  class space    used 3812K, committed 4288K, reserved 1048576K

Heap Regions: E=young(eden), S=young(survivor), O=old, HS=humongous(starts), HC=humongous(continues), CS=collection set, F=free, TAMS=top-at-mark-start, PB=parsable bottom
|   0|0x000000070b000000, 0x000000070b200000, 0x000000070b200000|100%|HS|  |TAMS 0x000000070b000000| PB 0x000000070b000000| Complete 
|   1|0x000000070b200000, 0x000000070b400000, 0x000000070b400000|100%|HC|  |TAMS 0x000000070b200000| PB 0x000000070b200000| Complete 
|   2|0x000000070b400000, 0x000000070b600000, 0x000000070b600000|100%| O|  |TAMS 0x000000070b400000| PB 0x000000070b400000| Untracked 
|   3|0x000000070b600000, 0x000000070b800000, 0x000000070b800000|100%| O|  |TAMS 0x000000070b600000| PB 0x000000070b600000| Untracked 
|   4|0x000000070b800000, 0x000000070ba00000, 0x000000070ba00000|100%| O|  |TAMS 0x000000070b800000| PB 0x000000070b800000| Untracked 
|   5|0x000000070ba00000, 0x000000070bc00000, 0x000000070bc00000|100%| O|  |TAMS 0x000000070ba00000| PB 0x000000070ba00000| Untracked 
|   6|0x000000070bc00000, 0x000000070bcf4bb0, 0x000000070be00000| 47%| O|Cm|TAMS 0x000000070bc00000| PB 0x000000070bc00000| Complete 
|   7|0x000000070be00000, 0x000000070c000000, 0x000000070c000000|100%| O|  |TAMS 0x000000070be00000| PB 0x000000070be00000| Untracked 
|   8|0x000000070c000000, 0x000000070c200000, 0x000000070c200000|100%| O|  |TAMS 0x000000070c000000| PB 0x000000070c000000| Untracked 
|   9|0x000000070c200000, 0x000000070c400000, 0x000000070c400000|100%| O|  |TAMS 0x000000070c200000| PB 0x000000070c200000| Untracked 
|  10|0x000000070c400000, 0x000000070c600000, 0x000000070c600000|100%| O|  |TAMS 0x000000070c400000| PB 0x000000070c400000| Untracked 
|  11|0x000000070c600000, 0x000000070c628fb0, 0x000000070c800000|  8%| O|  |TAMS 0x000000070c600000| PB 0x000000070c600000| Untracked 
|  12|0x000000070c800000, 0x000000070c800000, 0x000000070ca00000|  0%| F|  |TAMS 0x000000070c800000| PB 0x000000070c800000| Untracked 
|  13|0x000000070ca00000, 0x000000070ca00000, 0x000000070cc00000|  0%| F|  |TAMS 0x000000070ca00000| PB 0x000000070ca00000| Untracked 
|  14|0x000000070cc00000, 0x000000070cc00000, 0x000000070ce00000|  0%| F|  |TAMS 0x000000070cc00000| PB 0x000000070cc00000| Untracked 
|  15|0x000000070ce00000, 0x000000070ce00000, 0x000000070d000000|  0%| F|  |TAMS 0x000000070ce00000| PB 0x000000070ce00000| Untracked 
|  16|0x000000070d000000, 0x000000070d136880, 0x000000070d200000| 60%| S|CS|TAMS 0x000000070d000000| PB 0x000000070d000000| Complete 
|  17|0x000000070d200000, 0x000000070d400000, 0x000000070d400000|100%| S|CS|TAMS 0x000000070d200000| PB 0x000000070d200000| Complete 
|  18|0x000000070d400000, 0x000000070d600000, 0x000000070d600000|100%| S|CS|TAMS 0x000000070d400000| PB 0x000000070d400000| Complete 
|  19|0x000000070d600000, 0x000000070d600000, 0x000000070d800000|  0%| F|  |TAMS 0x000000070d600000| PB 0x000000070d600000| Untracked 
|  20|0x000000070d800000, 0x000000070d800000, 0x000000070da00000|  0%| F|  |TAMS 0x000000070d800000| PB 0x000000070d800000| Untracked 
|  21|0x000000070da00000, 0x000000070da00000, 0x000000070dc00000|  0%| F|  |TAMS 0x000000070da00000| PB 0x000000070da00000| Untracked 
|  22|0x000000070dc00000, 0x000000070dc00000, 0x000000070de00000|  0%| F|  |TAMS 0x000000070dc00000| PB 0x000000070dc00000| Untracked 
|  23|0x000000070de00000, 0x000000070de00000, 0x000000070e000000|  0%| F|  |TAMS 0x000000070de00000| PB 0x000000070de00000| Untracked 
|  24|0x000000070e000000, 0x000000070e000000, 0x000000070e200000|  0%| F|  |TAMS 0x000000070e000000| PB 0x000000070e000000| Untracked 
|  25|0x000000070e200000, 0x000000070e200000, 0x000000070e400000|  0%| F|  |TAMS 0x000000070e200000| PB 0x000000070e200000| Untracked 
|  26|0x000000070e400000, 0x000000070e400000, 0x000000070e600000|  0%| F|  |TAMS 0x000000070e400000| PB 0x000000070e400000| Untracked 
|  27|0x000000070e600000, 0x000000070e600000, 0x000000070e800000|  0%| F|  |TAMS 0x000000070e600000| PB 0x000000070e600000| Untracked 
|  28|0x000000070e800000, 0x000000070e800000, 0x000000070ea00000|  0%| F|  |TAMS 0x000000070e800000| PB 0x000000070e800000| Untracked 
|  29|0x000000070ea00000, 0x000000070ea00000, 0x000000070ec00000|  0%| F|  |TAMS 0x000000070ea00000| PB 0x000000070ea00000| Untracked 
|  30|0x000000070ec00000, 0x000000070ec00000, 0x000000070ee00000|  0%| F|  |TAMS 0x000000070ec00000| PB 0x000000070ec00000| Untracked 
|  31|0x000000070ee00000, 0x000000070ee00000, 0x000000070f000000|  0%| F|  |TAMS 0x000000070ee00000| PB 0x000000070ee00000| Untracked 
|  32|0x000000070f000000, 0x000000070f000000, 0x000000070f200000|  0%| F|  |TAMS 0x000000070f000000| PB 0x000000070f000000| Untracked 
|  33|0x000000070f200000, 0x000000070f200000, 0x000000070f400000|  0%| F|  |TAMS 0x000000070f200000| PB 0x000000070f200000| Untracked 
|  34|0x000000070f400000, 0x000000070f400000, 0x000000070f600000|  0%| F|  |TAMS 0x000000070f400000| PB 0x000000070f400000| Untracked 
|  35|0x000000070f600000, 0x000000070f600000, 0x000000070f800000|  0%| F|  |TAMS 0x000000070f600000| PB 0x000000070f600000| Untracked 
|  36|0x000000070f800000, 0x000000070f800000, 0x000000070fa00000|  0%| F|  |TAMS 0x000000070f800000| PB 0x000000070f800000| Untracked 
|  37|0x000000070fa00000, 0x000000070fa00000, 0x000000070fc00000|  0%| F|  |TAMS 0x000000070fa00000| PB 0x000000070fa00000| Untracked 
|  38|0x000000070fc00000, 0x000000070fc00000, 0x000000070fe00000|  0%| F|  |TAMS 0x000000070fc00000| PB 0x000000070fc00000| Untracked 
|  39|0x000000070fe00000, 0x000000070fe00000, 0x0000000710000000|  0%| F|  |TAMS 0x000000070fe00000| PB 0x000000070fe00000| Untracked 
|  97|0x0000000717200000, 0x0000000717200000, 0x0000000717400000|  0%| F|  |TAMS 0x0000000717200000| PB 0x0000000717200000| Untracked 
|  98|0x0000000717400000, 0x0000000717400000, 0x0000000717600000|  0%| F|  |TAMS 0x0000000717400000| PB 0x0000000717400000| Untracked 
|  99|0x0000000717600000, 0x0000000717600000, 0x0000000717800000|  0%| F|  |TAMS 0x0000000717600000| PB 0x0000000717600000| Untracked 
| 100|0x0000000717800000, 0x0000000717990690, 0x0000000717a00000| 78%| E|  |TAMS 0x0000000717800000| PB 0x0000000717800000| Complete 
| 101|0x0000000717a00000, 0x0000000717c00000, 0x0000000717c00000|100%| E|CS|TAMS 0x0000000717a00000| PB 0x0000000717a00000| Complete 
| 102|0x0000000717c00000, 0x0000000717e00000, 0x0000000717e00000|100%| E|CS|TAMS 0x0000000717c00000| PB 0x0000000717c00000| Complete 
| 122|0x000000071a400000, 0x000000071a600000, 0x000000071a600000|100%| E|CS|TAMS 0x000000071a400000| PB 0x000000071a400000| Complete 

Card table byte_map: [0x000001bef7bd0000,0x000001bef8380000] _byte_map_base: 0x000001bef4378000

Marking Bits: (CMBitMap*) 0x000001beeeaa1000
 Bits: [0x000001bef8380000, 0x000001befc0c0000)

Polling page: 0x000001beec990000

Metaspace:

Usage:
  Non-class:     22.79 MB used.
      Class:      3.72 MB used.
       Both:     26.52 MB used.

Virtual space:
  Non-class space:       64.00 MB reserved,      23.25 MB ( 36%) committed,  1 nodes.
      Class space:        1.00 GB reserved,       4.19 MB ( <1%) committed,  1 nodes.
             Both:        1.06 GB reserved,      27.44 MB (  3%) committed. 

Chunk freelists:
   Non-Class:  8.71 MB
       Class:  11.86 MB
        Both:  20.57 MB

MaxMetaspaceSize: unlimited
CompressedClassSpaceSize: 1.00 GB
Initial GC threshold: 21.00 MB
Current GC threshold: 35.12 MB
CDS: on
 - commit_granule_bytes: 65536.
 - commit_granule_words: 8192.
 - virtual_space_node_default_size: 8388608.
 - enlarge_chunks_in_place: 1.
 - use_allocation_guard: 0.


Internal statistics:

num_allocs_failed_limit: 3.
num_arena_births: 1562.
num_arena_deaths: 0.
num_vsnodes_births: 2.
num_vsnodes_deaths: 0.
num_space_committed: 439.
num_space_uncommitted: 0.
num_chunks_returned_to_freelist: 3.
num_chunks_taken_from_freelist: 2748.
num_chunk_merges: 3.
num_chunk_splits: 1796.
num_chunks_enlarged: 1152.
num_inconsistent_stats: 0.

CodeHeap 'non-profiled nmethods': size=120000Kb used=1671Kb max_used=1671Kb free=118328Kb
 bounds [0x000001be87ad0000, 0x000001be87d40000, 0x000001be8f000000]
CodeHeap 'profiled nmethods': size=120000Kb used=6799Kb max_used=6799Kb free=113200Kb
 bounds [0x000001be80000000, 0x000001be806b0000, 0x000001be87530000]
CodeHeap 'non-nmethods': size=5760Kb used=1497Kb max_used=1538Kb free=4262Kb
 bounds [0x000001be87530000, 0x000001be877a0000, 0x000001be87ad0000]
 total_blobs=3909 nmethods=3336 adapters=477
 compilation: enabled
              stopped_count=0, restarted_count=0
 full_count=0

Compilation events (20 events):
Event: 9.885 Thread 0x000001befed38540 nmethod 3323 0x000001be8068e990 code [0x000001be8068eb40, 0x000001be8068ee50]
Event: 9.903 Thread 0x000001befed38540 3325       3       java.util.Spliterator::getExactSizeIfKnown (25 bytes)
Event: 9.903 Thread 0x000001befed38540 nmethod 3325 0x000001be8068ef90 code [0x000001be8068f160, 0x000001be8068f458]
Event: 9.908 Thread 0x000001befed38540 3326       3       java.util.stream.AbstractPipeline::sourceSpliterator (265 bytes)
Event: 9.910 Thread 0x000001befed38540 nmethod 3326 0x000001be8068f510 code [0x000001be8068f7a0, 0x000001be80690568]
Event: 9.910 Thread 0x000001befed38540 3328       3       java.util.stream.AbstractPipeline::wrapSink (37 bytes)
Event: 9.911 Thread 0x000001befed38540 nmethod 3328 0x000001be80690a10 code [0x000001be80690be0, 0x000001be80690ff8]
Event: 9.911 Thread 0x000001befed38540 3327       3       java.util.stream.AbstractPipeline::wrapAndCopyInto (18 bytes)
Event: 9.911 Thread 0x000001befed38540 nmethod 3327 0x000001be80691190 code [0x000001be80691380, 0x000001be80691790]
Event: 9.911 Thread 0x000001befed38540 3329       3       java.util.stream.AbstractPipeline::copyInto (54 bytes)
Event: 9.912 Thread 0x000001befed38540 nmethod 3329 0x000001be80691910 code [0x000001be80691b40, 0x000001be80692278]
Event: 9.915 Thread 0x000001befed38540 3330       3       com.google.common.collect.RegularImmutableSet::iterator (5 bytes)
Event: 9.917 Thread 0x000001befed38540 nmethod 3330 0x000001be80692490 code [0x000001be806926c0, 0x000001be80692dc8]
Event: 9.929 Thread 0x000001befed38540 3333       3       java.lang.invoke.LambdaForm::arguments (47 bytes)
Event: 9.930 Thread 0x000001befed38540 nmethod 3333 0x000001be80693090 code [0x000001be806932c0, 0x000001be80693b58]
Event: 10.356 Thread 0x000001befed38540 3334       3       jdk.internal.misc.Unsafe::getAndBitwiseAndInt (27 bytes)
Event: 10.357 Thread 0x000001befed38540 nmethod 3334 0x000001be80693f90 code [0x000001be80694140, 0x000001be80694370]
Event: 10.387 Thread 0x000001befed38540 3335       3       java.util.concurrent.locks.AbstractQueuedSynchronizer$Node::getAndUnsetStatus (14 bytes)
Event: 10.388 Thread 0x000001befed38540 nmethod 3335 0x000001be80694490 code [0x000001be80694660, 0x000001be80694910]
Event: 10.575 Thread 0x000001befed38540 3336       3       jdk.internal.misc.Unsafe::putIntOpaque (9 bytes)

GC Heap History (10 events):
Event: 1.072 GC heap before
{Heap before GC invocations=0 (full 0):
 garbage-first heap   total 251904K, used 22528K [0x000000070b000000, 0x0000000800000000)
  region size 2048K, 11 young (22528K), 0 survivors (0K)
 Metaspace       used 885K, committed 1024K, reserved 1114112K
  class space    used 68K, committed 128K, reserved 1048576K
}
Event: 1.075 GC heap after
{Heap after GC invocations=1 (full 0):
 garbage-first heap   total 251904K, used 1499K [0x000000070b000000, 0x0000000800000000)
  region size 2048K, 1 young (2048K), 1 survivors (2048K)
 Metaspace       used 885K, committed 1024K, reserved 1114112K
  class space    used 68K, committed 128K, reserved 1048576K
}
Event: 2.813 GC heap before
{Heap before GC invocations=1 (full 0):
 garbage-first heap   total 251904K, used 46555K [0x000000070b000000, 0x0000000800000000)
  region size 2048K, 22 young (45056K), 1 survivors (2048K)
 Metaspace       used 4572K, committed 4736K, reserved 1114112K
  class space    used 565K, committed 640K, reserved 1048576K
}
Event: 2.822 GC heap after
{Heap after GC invocations=2 (full 0):
 garbage-first heap   total 251904K, used 11518K [0x000000070b000000, 0x0000000800000000)
  region size 2048K, 3 young (6144K), 3 survivors (6144K)
 Metaspace       used 4572K, committed 4736K, reserved 1114112K
  class space    used 565K, committed 640K, reserved 1048576K
}
Event: 7.693 GC heap before
{Heap before GC invocations=2 (full 0):
 garbage-first heap   total 251904K, used 111870K [0x000000070b000000, 0x0000000800000000)
  region size 2048K, 52 young (106496K), 3 survivors (6144K)
 Metaspace       used 15253K, committed 15680K, reserved 1114112K
  class space    used 2036K, committed 2240K, reserved 1048576K
}
Event: 7.710 GC heap after
{Heap after GC invocations=3 (full 0):
 garbage-first heap   total 251904K, used 21224K [0x000000070b000000, 0x0000000800000000)
  region size 2048K, 7 young (14336K), 7 survivors (14336K)
 Metaspace       used 15253K, committed 15680K, reserved 1114112K
  class space    used 2036K, committed 2240K, reserved 1048576K
}
Event: 8.611 GC heap before
{Heap before GC invocations=3 (full 0):
 garbage-first heap   total 251904K, used 58088K [0x000000070b000000, 0x0000000800000000)
  region size 2048K, 27 young (55296K), 7 survivors (14336K)
 Metaspace       used 20860K, committed 21504K, reserved 1114112K
  class space    used 2816K, committed 3136K, reserved 1048576K
}
Event: 8.618 GC heap after
{Heap after GC invocations=4 (full 0):
 garbage-first heap   total 251904K, used 24455K [0x000000070b000000, 0x0000000800000000)
  region size 2048K, 6 young (12288K), 6 survivors (12288K)
 Metaspace       used 20860K, committed 21504K, reserved 1114112K
  class space    used 2816K, committed 3136K, reserved 1048576K
}
Event: 9.746 GC heap before
{Heap before GC invocations=5 (full 0):
 garbage-first heap   total 96256K, used 67463K [0x000000070b000000, 0x0000000800000000)
  region size 2048K, 28 young (57344K), 6 survivors (12288K)
 Metaspace       used 26320K, committed 27200K, reserved 1114112K
  class space    used 3685K, committed 4096K, reserved 1048576K
}
Event: 9.758 GC heap after
{Heap after GC invocations=6 (full 0):
 garbage-first heap   total 96256K, used 26960K [0x000000070b000000, 0x0000000800000000)
  region size 2048K, 3 young (6144K), 3 survivors (6144K)
 Metaspace       used 26320K, committed 27200K, reserved 1114112K
  class space    used 3685K, committed 4096K, reserved 1048576K
}

Dll operation events (15 events):
Event: 0.039 Loaded shared library C:\Program Files\Java\jdk-21\bin\java.dll
Event: 0.165 Loaded shared library C:\Program Files\Java\jdk-21\bin\jsvml.dll
Event: 0.326 Loaded shared library C:\Program Files\Java\jdk-21\bin\zip.dll
Event: 0.340 Loaded shared library C:\Program Files\Java\jdk-21\bin\instrument.dll
Event: 0.356 Loaded shared library C:\Program Files\Java\jdk-21\bin\net.dll
Event: 0.363 Loaded shared library C:\Program Files\Java\jdk-21\bin\nio.dll
Event: 0.370 Loaded shared library C:\Program Files\Java\jdk-21\bin\zip.dll
Event: 1.084 Loaded shared library C:\Program Files\Java\jdk-21\bin\jimage.dll
Event: 1.580 Loaded shared library C:\Program Files\Java\jdk-21\bin\verify.dll
Event: 1.632 Loaded shared library C:\Users\Aarav Roy\.gradle\native\1def1411415f61bf3af743bc5b6707747c0891f09f0c88961ee8f79bc544acac\windows-amd64\native-platform.dll
Event: 1.657 Loaded shared library C:\Users\Aarav Roy\.gradle\native\0.2.8\x86_64-windows-gnu\gradle-fileevents.dll
Event: 5.592 Loaded shared library C:\Program Files\Java\jdk-21\bin\management.dll
Event: 5.601 Loaded shared library C:\Program Files\Java\jdk-21\bin\management_ext.dll
Event: 6.105 Loaded shared library C:\Program Files\Java\jdk-21\bin\extnet.dll
Event: 6.732 Loaded shared library C:\Program Files\Java\jdk-21\bin\sunmscapi.dll

Deoptimization events (20 events):
Event: 9.015 Thread 0x000001bed5013940 DEOPT PACKING pc=0x000001be87c1af90 sp=0x00000022d95fa840
Event: 9.015 Thread 0x000001bed5013940 DEOPT UNPACKING pc=0x000001be875846a2 sp=0x00000022d95fa778 mode 2
Event: 9.015 Thread 0x000001bed5013940 Uncommon trap: trap_request=0xffffff45 fr.pc=0x000001be87c039f4 relative=0x0000000000000394
Event: 9.015 Thread 0x000001bed5013940 Uncommon trap: reason=unstable_if action=reinterpret pc=0x000001be87c039f4 method=jdk.internal.org.objectweb.asm.SymbolTable.addType(Ljava/lang/String;)I @ 33 c2
Event: 9.015 Thread 0x000001bed5013940 DEOPT PACKING pc=0x000001be87c039f4 sp=0x00000022d95fa950
Event: 9.015 Thread 0x000001bed5013940 DEOPT UNPACKING pc=0x000001be875846a2 sp=0x00000022d95fa8d8 mode 2
Event: 9.111 Thread 0x000001bed5013940 Uncommon trap: trap_request=0xffffffde fr.pc=0x000001be87adc1d0 relative=0x00000000000001b0
Event: 9.111 Thread 0x000001bed5013940 Uncommon trap: reason=class_check action=maybe_recompile pc=0x000001be87adc1d0 method=java.lang.String.equals(Ljava/lang/Object;)Z @ 8 c2
Event: 9.111 Thread 0x000001bed5013940 DEOPT PACKING pc=0x000001be87adc1d0 sp=0x00000022d95fa220
Event: 9.111 Thread 0x000001bed5013940 DEOPT UNPACKING pc=0x000001be875846a2 sp=0x00000022d95fa1b8 mode 2
Event: 9.122 Thread 0x000001bed5013940 Uncommon trap: trap_request=0xffffff45 fr.pc=0x000001be87b12e70 relative=0x00000000000002b0
Event: 9.122 Thread 0x000001bed5013940 Uncommon trap: reason=unstable_if action=reinterpret pc=0x000001be87b12e70 method=java.lang.StringLatin1.compareToCI([B[B)I @ 31 c2
Event: 9.122 Thread 0x000001bed5013940 DEOPT PACKING pc=0x000001be87b12e70 sp=0x00000022d95f9c50
Event: 9.122 Thread 0x000001bed5013940 DEOPT UNPACKING pc=0x000001be875846a2 sp=0x00000022d95f9bf8 mode 2
Event: 9.201 Thread 0x000001bed5013940 DEOPT PACKING pc=0x000001be801042d1 sp=0x00000022d95f7ee0
Event: 9.201 Thread 0x000001bed5013940 DEOPT UNPACKING pc=0x000001be87584e42 sp=0x00000022d95f73e0 mode 0
Event: 9.447 Thread 0x000001bed5013940 Uncommon trap: trap_request=0xffffff76 fr.pc=0x000001be87c53b10 relative=0x00000000000001d0
Event: 9.447 Thread 0x000001bed5013940 Uncommon trap: reason=predicate action=maybe_recompile pc=0x000001be87c53b10 method=com.google.common.base.CharMatcher.indexIn(Ljava/lang/CharSequence;I)I @ 19 c2
Event: 9.447 Thread 0x000001bed5013940 DEOPT PACKING pc=0x000001be87c53b10 sp=0x00000022d95faff0
Event: 9.447 Thread 0x000001bed5013940 DEOPT UNPACKING pc=0x000001be875846a2 sp=0x00000022d95faf80 mode 2

Classes loaded (20 events):
Event: 9.237 Loading class java/util/Collections$2
Event: 9.237 Loading class java/util/Collections$2 done
Event: 9.373 Loading class java/util/stream/SliceOps
Event: 9.374 Loading class java/util/stream/SliceOps done
Event: 9.374 Loading class java/util/stream/SliceOps$1
Event: 9.375 Loading class java/util/stream/ReferencePipeline$StatefulOp
Event: 9.375 Loading class java/util/stream/ReferencePipeline$StatefulOp done
Event: 9.375 Loading class java/util/stream/SliceOps$1 done
Event: 9.380 Loading class java/util/stream/SliceOps$1$1
Event: 9.380 Loading class java/util/stream/SliceOps$1$1 done
Event: 9.433 Loading class java/util/concurrent/TimeoutException
Event: 9.433 Loading class java/util/concurrent/TimeoutException done
Event: 9.433 Loading class java/util/concurrent/CancellationException
Event: 9.434 Loading class java/util/concurrent/CancellationException done
Event: 9.504 Loading class java/util/concurrent/locks/AbstractQueuedSynchronizer$SharedNode
Event: 9.505 Loading class java/util/concurrent/locks/AbstractQueuedSynchronizer$SharedNode done
Event: 9.514 Loading class java/io/InterruptedIOException
Event: 9.514 Loading class java/io/InterruptedIOException done
Event: 9.527 Loading class java/util/ArrayDeque$DeqSpliterator
Event: 9.527 Loading class java/util/ArrayDeque$DeqSpliterator done

Classes unloaded (0 events):
No events

Classes redefined (0 events):
No events

Internal exceptions (20 events):
Event: 8.911 Thread 0x000001bed5013940 Exception <a 'java/lang/NoSuchMethodError'{0x000000070f4be1a8}: 'java.lang.Object java.lang.invoke.DirectMethodHandle$Holder.newInvokeSpecial(java.lang.Object, java.lang.Object, java.lang.Object, java.lang.Object, java.lang.Object, java.lang.Object, java.lang.Object)'> (0x000000070f4be1a8) 
thrown [s\open\src\hotspot\share\interpreter\linkResolver.cpp, line 773]
Event: 9.145 Thread 0x000001bed5013940 Exception <a 'java/lang/NoSuchMethodError'{0x000000070ea6ee18}: 'java.lang.Object java.lang.invoke.DirectMethodHandle$Holder.invokeSpecial(java.lang.Object, java.lang.Object, java.lang.Object, java.lang.Object, java.lang.Object, java.lang.Object, java.lang.Object, java.lang.Object, java.lang.Object, java.lang.Object, java.lang.Object, java.lang.Object, java.lang.Object, java.lang.Object, java.lang.Object, java.lang.Object, java.lang.Object, java.lang.Object, java.lang.Object, java.lang.Object, java.lang.Ob
Event: 9.145 Thread 0x000001bed5013940 Exception <a 'java/lang/NoSuchMethodError'{0x000000070ea74800}: 'java.lang.Object java.lang.invoke.DelegatingMethodHandle$Holder.reinvoke_L(java.lang.Object, java.lang.Object, java.lang.Object, java.lang.Object, java.lang.Object, java.lang.Object, java.lang.Object, java.lang.Object, java.lang.Object, java.lang.Object, java.lang.Object, java.lang.Object, java.lang.Object, java.lang.Object, java.lang.Object, java.lang.Object, java.lang.Object, java.lang.Object, java.lang.Object, java.lang.Object, java.lang.O
Event: 9.146 Thread 0x000001bed5013940 Exception <a 'java/lang/NoSuchMethodError'{0x000000070ea7fe10}: 'java.lang.Object java.lang.invoke.DirectMethodHandle$Holder.invokeSpecial(java.lang.Object, java.lang.Object, java.lang.Object, java.lang.Object, java.lang.Object, java.lang.Object, java.lang.Object, java.lang.Object, java.lang.Object, java.lang.Object, java.lang.Object, java.lang.Object, java.lang.Object, java.lang.Object, java.lang.Object, java.lang.Object, java.lang.Object, java.lang.Object, java.lang.Object, java.lang.Object, java.lang.Ob
Event: 9.146 Thread 0x000001bed5013940 Exception <a 'java/lang/NoSuchMethodError'{0x000000070ea85618}: 'java.lang.Object java.lang.invoke.Invokers$Holder.invoker(java.lang.Object, java.lang.Object, java.lang.Object, java.lang.Object, java.lang.Object, java.lang.Object, java.lang.Object, java.lang.Object, java.lang.Object, java.lang.Object, java.lang.Object, java.lang.Object, java.lang.Object, java.lang.Object, java.lang.Object, java.lang.Object, java.lang.Object, java.lang.Object, java.lang.Object, java.lang.Object, java.lang.Object, java.lang.
Event: 9.146 Thread 0x000001bed5013940 Exception <a 'java/lang/NoSuchMethodError'{0x000000070ea8b800}: 'java.lang.Object java.lang.invoke.DelegatingMethodHandle$Holder.delegate(java.lang.Object, java.lang.Object, java.lang.Object, java.lang.Object, java.lang.Object, java.lang.Object, java.lang.Object, java.lang.Object, java.lang.Object, java.lang.Object, java.lang.Object, java.lang.Object, java.lang.Object, java.lang.Object, java.lang.Object, java.lang.Object, java.lang.Object, java.lang.Object, java.lang.Object, java.lang.Object, java.lang.Obj
Event: 9.180 Thread 0x000001bed5013940 Exception <a 'java/lang/NoSuchMethodError'{0x000000070e8c2698}: 'java.lang.Object java.lang.invoke.DirectMethodHandle$Holder.invokeStaticInit(java.lang.Object, java.lang.Object, java.lang.Object, java.lang.Object)'> (0x000000070e8c2698) 
thrown [s\open\src\hotspot\share\interpreter\linkResolver.cpp, line 773]
Event: 9.234 Thread 0x000001bed5013940 Exception <a 'java/lang/IncompatibleClassChangeError'{0x000000070e79d890}: Found class java.lang.Object, but interface was expected> (0x000000070e79d890) 
thrown [s\open\src\hotspot\share\interpreter\linkResolver.cpp, line 840]
Event: 9.248 Thread 0x000001bed5013940 Exception <a 'java/lang/NoSuchMethodError'{0x000000070e41d7d8}: 'java.lang.Object java.lang.invoke.DirectMethodHandle$Holder.invokeVirtual(java.lang.Object, java.lang.Object, java.lang.Object, java.lang.Object, java.lang.Object, java.lang.Object, java.lang.Object, java.lang.Object, java.lang.Object, java.lang.Object, java.lang.Object, java.lang.Object, java.lang.Object)'> (0x000000070e41d7d8) 
thrown [s\open\src\hotspot\share\interpreter\linkResolver.cpp, line 773]
Event: 9.248 Thread 0x000001bed5013940 Exception <a 'java/lang/NoSuchMethodError'{0x000000070e4229f0}: 'java.lang.Object java.lang.invoke.DirectMethodHandle$Holder.invokeSpecial(java.lang.Object, java.lang.Object, java.lang.Object, java.lang.Object, java.lang.Object, java.lang.Object, java.lang.Object, java.lang.Object, java.lang.Object, java.lang.Object, java.lang.Object, java.lang.Object, java.lang.Object, java.lang.Object)'> (0x000000070e4229f0) 
thrown [s\open\src\hotspot\share\interpreter\linkResolver.cpp, line 773]
Event: 9.248 Thread 0x000001bed5013940 Exception <a 'java/lang/NoSuchMethodError'{0x000000070e427740}: 'java.lang.Object java.lang.invoke.DelegatingMethodHandle$Holder.reinvoke_L(java.lang.Object, java.lang.Object, java.lang.Object, java.lang.Object, java.lang.Object, java.lang.Object, java.lang.Object, java.lang.Object, java.lang.Object, java.lang.Object, java.lang.Object, java.lang.Object, java.lang.Object)'> (0x000000070e427740) 
thrown [s\open\src\hotspot\share\interpreter\linkResolver.cpp, line 773]
Event: 9.283 Thread 0x000001bed5013940 Exception <a 'java/lang/NoSuchMethodError'{0x000000070e5c9118}: 'void java.lang.invoke.DirectMethodHandle$Holder.invokeStaticInit(java.lang.Object, java.lang.Object)'> (0x000000070e5c9118) 
thrown [s\open\src\hotspot\share\interpreter\linkResolver.cpp, line 773]
Event: 9.293 Thread 0x000001bed5013940 Exception <a 'java/lang/NoSuchMethodError'{0x000000070e21e970}: 'java.lang.Object java.lang.invoke.DirectMethodHandle$Holder.newInvokeSpecial(java.lang.Object, java.lang.Object, java.lang.Object, java.lang.Object, java.lang.Object, java.lang.Object, java.lang.Object, java.lang.Object)'> (0x000000070e21e970) 
thrown [s\open\src\hotspot\share\interpreter\linkResolver.cpp, line 773]
Event: 9.321 Thread 0x000001bed5013940 Exception <a 'java/lang/NoSuchMethodError'{0x000000070e359e40}: 'java.lang.Object java.lang.invoke.DirectMethodHandle$Holder.newInvokeSpecial(java.lang.Object, java.lang.Object, java.lang.Object, java.lang.Object, java.lang.Object, java.lang.Object, java.lang.Object, java.lang.Object, java.lang.Object, java.lang.Object, java.lang.Object)'> (0x000000070e359e40) 
thrown [s\open\src\hotspot\share\interpreter\linkResolver.cpp, line 773]
Event: 9.413 Thread 0x000001bed5013940 Exception <a 'java/lang/IncompatibleClassChangeError'{0x000000070df0c260}: Found class java.lang.Object, but interface was expected> (0x000000070df0c260) 
thrown [s\open\src\hotspot\share\interpreter\linkResolver.cpp, line 840]
Event: 9.521 Thread 0x000001bed5013940 Exception <a 'java/lang/NoSuchMethodError'{0x000000070ddec018}: 'int java.lang.invoke.DirectMethodHandle$Holder.invokeVirtual(java.lang.Object, java.lang.Object)'> (0x000000070ddec018) 
thrown [s\open\src\hotspot\share\interpreter\linkResolver.cpp, line 773]
Event: 9.636 Thread 0x000001bed5013940 Exception <a 'java/lang/NoSuchMethodError'{0x000000070d8f9e58}: 'void java.lang.invoke.DirectMethodHandle$Holder.invokeInterface(java.lang.Object, java.lang.Object, java.lang.Object, java.lang.Object, java.lang.Object)'> (0x000000070d8f9e58) 
thrown [s\open\src\hotspot\share\interpreter\linkResolver.cpp, line 773]
Event: 9.928 Thread 0x000001bed5013940 Exception <a 'java/lang/NoSuchMethodError'{0x0000000717a23d40}: 'java.lang.Object java.lang.invoke.DirectMethodHandle$Holder.newInvokeSpecial(java.lang.Object, java.lang.Object, java.lang.Object, java.lang.Object, java.lang.Object, java.lang.Object, java.lang.Object, java.lang.Object, java.lang.Object, java.lang.Object, java.lang.Object, java.lang.Object, java.lang.Object, java.lang.Object, java.lang.Object, java.lang.Object, java.lang.Object, java.lang.Object)'> (0x0000000717a23d40) 
thrown [s\open\src\ho
Event: 9.929 Thread 0x000001bed5013940 Exception <a 'java/lang/NoSuchMethodError'{0x0000000717a2a4a8}: 'java.lang.Object java.lang.invoke.DirectMethodHandle$Holder.invokeSpecial(java.lang.Object, java.lang.Object, java.lang.Object, java.lang.Object, java.lang.Object, java.lang.Object, java.lang.Object, java.lang.Object, java.lang.Object, java.lang.Object, java.lang.Object, java.lang.Object, java.lang.Object, java.lang.Object, java.lang.Object, java.lang.Object, java.lang.Object, java.lang.Object, java.lang.Object)'> (0x0000000717a2a4a8) 
thrown
Event: 9.929 Thread 0x000001bed5013940 Exception <a 'java/lang/NoSuchMethodError'{0x0000000717a2f920}: 'java.lang.Object java.lang.invoke.DelegatingMethodHandle$Holder.reinvoke_L(java.lang.Object, java.lang.Object, java.lang.Object, java.lang.Object, java.lang.Object, java.lang.Object, java.lang.Object, java.lang.Object, java.lang.Object, java.lang.Object, java.lang.Object, java.lang.Object, java.lang.Object, java.lang.Object, java.lang.Object, java.lang.Object, java.lang.Object, java.lang.Object)'> (0x0000000717a2f920) 
thrown [s\open\src\hots

ZGC Phase Switch (0 events):
No events

VM Operations (20 events):
Event: 7.142 Executing VM operation: Cleanup done
Event: 7.620 Executing VM operation: HandshakeAllThreads (Deoptimize)
Event: 7.620 Executing VM operation: HandshakeAllThreads (Deoptimize) done
Event: 7.692 Executing VM operation: G1CollectForAllocation (G1 Evacuation Pause)
Event: 7.710 Executing VM operation: G1CollectForAllocation (G1 Evacuation Pause) done
Event: 8.084 Executing VM operation: HandshakeAllThreads (Deoptimize)
Event: 8.084 Executing VM operation: HandshakeAllThreads (Deoptimize) done
Event: 8.085 Executing VM operation: HandshakeAllThreads (Deoptimize)
Event: 8.085 Executing VM operation: HandshakeAllThreads (Deoptimize) done
Event: 8.611 Executing VM operation: CollectForMetadataAllocation (Metadata GC Threshold)
Event: 8.618 Executing VM operation: CollectForMetadataAllocation (Metadata GC Threshold) done
Event: 8.625 Executing VM operation: G1PauseRemark
Event: 8.628 Executing VM operation: G1PauseRemark done
Event: 8.630 Executing VM operation: G1PauseCleanup
Event: 8.638 Executing VM operation: G1PauseCleanup done
Event: 9.652 Executing VM operation: Cleanup
Event: 9.652 Executing VM operation: Cleanup done
Event: 9.746 Executing VM operation: G1CollectForAllocation (G1 Evacuation Pause)
Event: 9.759 Executing VM operation: G1CollectForAllocation (G1 Evacuation Pause) done
Event: 10.762 Executing VM operation: Cleanup

Events (20 events):
Event: 0.157 Thread 0x000001befed38540 Thread added: 0x000001befed38540
Event: 0.230 Thread 0x000001befecf8f60 Thread added: 0x000001befecf8f60
Event: 0.416 Thread 0x000001beff023be0 Thread added: 0x000001beff023be0
Event: 5.711 Thread 0x000001beff15c1c0 Thread added: 0x000001beff15c1c0
Event: 6.503 Thread 0x000001bed41ea650 Thread added: 0x000001bed41ea650
Event: 6.630 Thread 0x000001bed439b850 Thread added: 0x000001bed439b850
Event: 6.785 Thread 0x000001bed4222180 Thread added: 0x000001bed4222180
Event: 6.790 Thread 0x000001befefb21b0 Thread added: 0x000001befefb21b0
Event: 6.859 Thread 0x000001bed439a8d0 Thread added: 0x000001bed439a8d0
Event: 6.876 Thread 0x000001bed5013940 Thread added: 0x000001bed5013940
Event: 6.894 Thread 0x000001bed4fd1b10 Thread added: 0x000001bed4fd1b10
Event: 6.896 Thread 0x000001bed4fd3550 Thread added: 0x000001bed4fd3550
Event: 6.911 Thread 0x000001bed4fd21a0 Thread added: 0x000001bed4fd21a0
Event: 7.622 Thread 0x000001bed4fd00d0 Thread added: 0x000001bed4fd00d0
Event: 7.642 Thread 0x000001bed4fd2830 Thread added: 0x000001bed4fd2830
Event: 7.796 Thread 0x000001bed4fd0760 Thread added: 0x000001bed4fd0760
Event: 9.121 Thread 0x000001bed4fd2ec0 Thread added: 0x000001bed4fd2ec0
Event: 9.137 Thread 0x000001bed4fd1480 Thread added: 0x000001bed4fd1480
Event: 9.504 Thread 0x000001bed5815d10 Thread added: 0x000001bed5815d10
Event: 9.518 Thread 0x000001bed5818b00 Thread added: 0x000001bed5818b00


Dynamic libraries:
0x00007ff748850000 - 0x00007ff748860000 	C:\Program Files\Java\jdk-21\bin\java.exe
0x00007fff01000000 - 0x00007fff01267000 	C:\WINDOWS\SYSTEM32\ntdll.dll
0x00007ffeffad0000 - 0x00007ffeffb99000 	C:\WINDOWS\System32\KERNEL32.DLL
0x00007ffefdc50000 - 0x00007ffefe041000 	C:\WINDOWS\System32\KERNELBASE.dll
0x00007ffefe100000 - 0x00007ffefe24b000 	C:\WINDOWS\System32\ucrtbase.dll
0x00007ffef4760000 - 0x00007ffef4779000 	C:\Program Files\Java\jdk-21\bin\jli.dll
0x00007ffeffca0000 - 0x00007ffeffd5b000 	C:\WINDOWS\System32\ADVAPI32.dll
0x00007ffef35b0000 - 0x00007ffef35cb000 	C:\Program Files\Java\jdk-21\bin\VCRUNTIME140.dll
0x00007ffeff630000 - 0x00007ffeff6d9000 	C:\WINDOWS\System32\msvcrt.dll
0x00007ffeffd80000 - 0x00007ffeffe27000 	C:\WINDOWS\System32\sechost.dll
0x00007fff001c0000 - 0x00007fff002d8000 	C:\WINDOWS\System32\RPCRT4.dll
0x00007ffeff0e0000 - 0x00007ffeff2a5000 	C:\WINDOWS\System32\USER32.dll
0x00007ffefe500000 - 0x00007ffefe527000 	C:\WINDOWS\System32\win32u.dll
0x00007fff00f90000 - 0x00007fff00fbb000 	C:\WINDOWS\System32\GDI32.dll
0x00007ffee0f60000 - 0x00007ffee11f3000 	C:\WINDOWS\WinSxS\amd64_microsoft.windows.common-controls_6595b64144ccf1df_6.0.26100.8037_none_3e092faae333b53b\COMCTL32.dll
0x00007ffefdb20000 - 0x00007ffefdc4b000 	C:\WINDOWS\System32\gdi32full.dll
0x00007ffefe050000 - 0x00007ffefe0f3000 	C:\WINDOWS\System32\msvcp_win.dll
0x00007ffef4a10000 - 0x00007ffef4a1b000 	C:\WINDOWS\SYSTEM32\VERSION.dll
0x00007fff00ee0000 - 0x00007fff00f11000 	C:\WINDOWS\System32\IMM32.DLL
0x00007ffefa6e0000 - 0x00007ffefa6ec000 	C:\Program Files\Java\jdk-21\bin\vcruntime140_1.dll
0x00007ffeeef80000 - 0x00007ffeef00e000 	C:\Program Files\Java\jdk-21\bin\msvcp140.dll
0x00007ffe68350000 - 0x00007ffe6906d000 	C:\Program Files\Java\jdk-21\bin\server\jvm.dll
0x00007ffeffc20000 - 0x00007ffeffc94000 	C:\WINDOWS\System32\WS2_32.dll
0x00007ffef4d10000 - 0x00007ffef4d45000 	C:\WINDOWS\SYSTEM32\WINMM.dll
0x00007ffefc4e0000 - 0x00007ffefc53e000 	C:\WINDOWS\SYSTEM32\POWRPROF.dll
0x00007ffefc4c0000 - 0x00007ffefc4d4000 	C:\WINDOWS\SYSTEM32\UMPDC.dll
0x00007ffefc790000 - 0x00007ffefc7ab000 	C:\WINDOWS\SYSTEM32\kernel.appcore.dll
0x00007ffef93c0000 - 0x00007ffef93ca000 	C:\Program Files\Java\jdk-21\bin\jimage.dll
0x00007ffeef820000 - 0x00007ffeefa62000 	C:\WINDOWS\SYSTEM32\DBGHELP.DLL
0x00007ffeffe30000 - 0x00007fff001b2000 	C:\WINDOWS\System32\combase.dll
0x00007ffeff860000 - 0x00007ffeff937000 	C:\WINDOWS\System32\OLEAUT32.dll
0x00007ffedbfa0000 - 0x00007ffedbfdb000 	C:\WINDOWS\SYSTEM32\dbgcore.DLL
0x00007ffefe450000 - 0x00007ffefe4f5000 	C:\WINDOWS\System32\bcryptPrimitives.dll
0x00007ffef3e90000 - 0x00007ffef3e9f000 	C:\Program Files\Java\jdk-21\bin\instrument.dll
0x00007ffef6280000 - 0x00007ffef629f000 	C:\Program Files\Java\jdk-21\bin\java.dll
0x00007fff002e0000 - 0x00007fff00a3f000 	C:\WINDOWS\System32\SHELL32.dll
0x00007ffefe250000 - 0x00007ffefe3ba000 	C:\WINDOWS\System32\wintypes.dll
0x00007ffefe530000 - 0x00007ffefed94000 	C:\WINDOWS\System32\windows.storage.dll
0x00007ffeff6f0000 - 0x00007ffeff7e7000 	C:\WINDOWS\System32\SHCORE.dll
0x00007ffeff7f0000 - 0x00007ffeff857000 	C:\WINDOWS\System32\shlwapi.dll
0x00007ffefd800000 - 0x00007ffefd829000 	C:\WINDOWS\SYSTEM32\profapi.dll
0x00007ffed5690000 - 0x00007ffed5767000 	C:\Program Files\Java\jdk-21\bin\jsvml.dll
0x00007ffeeee70000 - 0x00007ffeeee88000 	C:\Program Files\Java\jdk-21\bin\zip.dll
0x00007ffef8bb0000 - 0x00007ffef8bc0000 	C:\Program Files\Java\jdk-21\bin\net.dll
0x00007ffef72e0000 - 0x00007ffef7407000 	C:\WINDOWS\SYSTEM32\WINHTTP.dll
0x00007ffefcd00000 - 0x00007ffefcd6b000 	C:\WINDOWS\system32\mswsock.dll
0x00007ffeef230000 - 0x00007ffeef246000 	C:\Program Files\Java\jdk-21\bin\nio.dll
0x00007ffef4d50000 - 0x00007ffef4d60000 	C:\Program Files\Java\jdk-21\bin\verify.dll
0x00007ffef0310000 - 0x00007ffef0337000 	C:\Users\Aarav Roy\.gradle\native\1def1411415f61bf3af743bc5b6707747c0891f09f0c88961ee8f79bc544acac\windows-amd64\native-platform.dll
0x00007ffed69e0000 - 0x00007ffed6a57000 	C:\Users\Aarav Roy\.gradle\native\0.2.8\x86_64-windows-gnu\gradle-fileevents.dll
0x00007ffef8160000 - 0x00007ffef816a000 	C:\Program Files\Java\jdk-21\bin\management.dll
0x00007ffef6230000 - 0x00007ffef623b000 	C:\Program Files\Java\jdk-21\bin\management_ext.dll
0x00007fff00f80000 - 0x00007fff00f88000 	C:\WINDOWS\System32\PSAPI.DLL
0x00007ffefc180000 - 0x00007ffefc1b3000 	C:\WINDOWS\SYSTEM32\IPHLPAPI.DLL
0x00007fff00f20000 - 0x00007fff00f2a000 	C:\WINDOWS\System32\NSI.dll
0x00007ffef4750000 - 0x00007ffef4759000 	C:\Program Files\Java\jdk-21\bin\extnet.dll
0x00007ffefcff0000 - 0x00007ffefd00b000 	C:\WINDOWS\SYSTEM32\CRYPTSP.dll
0x00007ffefc6f0000 - 0x00007ffefc729000 	C:\WINDOWS\system32\rsaenh.dll
0x00007ffefcdb0000 - 0x00007ffefcde2000 	C:\WINDOWS\SYSTEM32\USERENV.dll
0x00007ffefd7d0000 - 0x00007ffefd7fa000 	C:\WINDOWS\SYSTEM32\bcrypt.dll
0x00007ffefcfe0000 - 0x00007ffefcfec000 	C:\WINDOWS\SYSTEM32\CRYPTBASE.dll
0x00007ffef3be0000 - 0x00007ffef3bee000 	C:\Program Files\Java\jdk-21\bin\sunmscapi.dll
0x00007ffefd9a0000 - 0x00007ffefdb17000 	C:\WINDOWS\System32\CRYPT32.dll
0x00007ffefd200000 - 0x00007ffefd230000 	C:\WINDOWS\SYSTEM32\ncrypt.dll
0x00007ffefd1b0000 - 0x00007ffefd1ef000 	C:\WINDOWS\SYSTEM32\NTASN1.dll
0x00007ffef4a80000 - 0x00007ffef4a88000 	C:\WINDOWS\system32\wshunix.dll

dbghelp: loaded successfully - version: 4.0.5 - missing functions: none
symbol engine: initialized successfully - sym options: 0x614 - pdb path: .;C:\Program Files\Java\jdk-21\bin;C:\WINDOWS\SYSTEM32;C:\WINDOWS\WinSxS\amd64_microsoft.windows.common-controls_6595b64144ccf1df_6.0.26100.8037_none_3e092faae333b53b;C:\Program Files\Java\jdk-21\bin\server;C:\Users\Aarav Roy\.gradle\native\1def1411415f61bf3af743bc5b6707747c0891f09f0c88961ee8f79bc544acac\windows-amd64;C:\Users\Aarav Roy\.gradle\native\0.2.8\x86_64-windows-gnu

VM Arguments:
jvm_args: --add-opens=java.base/java.lang=ALL-UNNAMED --add-opens=java.base/java.lang.invoke=ALL-UNNAMED --add-opens=java.base/java.util=ALL-UNNAMED --add-opens=java.prefs/java.util.prefs=ALL-UNNAMED --add-exports=jdk.compiler/com.sun.tools.javac.api=ALL-UNNAMED --add-exports=jdk.compiler/com.sun.tools.javac.util=ALL-UNNAMED --add-opens=java.base/java.util=ALL-UNNAMED --add-opens=java.prefs/java.util.prefs=ALL-UNNAMED --add-opens=java.base/java.nio.charset=ALL-UNNAMED --add-opens=java.base/java.net=ALL-UNNAMED --add-opens=java.base/java.util.concurrent=ALL-UNNAMED --add-opens=java.base/java.util.concurrent.atomic=ALL-UNNAMED --add-opens=java.xml/javax.xml.namespace=ALL-UNNAMED --add-opens=java.base/java.time=ALL-UNNAMED -Dfile.encoding=UTF-8 -Duser.country=IN -Duser.language=en -Duser.variant -javaagent:C:\Users\Aarav Roy\.gradle\wrapper\dists\gradle-9.1.0-bin\9agqghryom9wkf8r80qlhnts3\gradle-9.1.0\lib\agents\gradle-instrumentation-agent-9.1.0.jar 
java_command: org.gradle.launcher.daemon.bootstrap.GradleDaemon 9.1.0
java_class_path (initial): C:\Users\Aarav Roy\.gradle\wrapper\dists\gradle-9.1.0-bin\9agqghryom9wkf8r80qlhnts3\gradle-9.1.0\lib\gradle-daemon-main-9.1.0.jar
Launcher Type: SUN_STANDARD

[Global flags]
     intx CICompilerCount                          = 4                                         {product} {ergonomic}
     uint ConcGCThreads                            = 3                                         {product} {ergonomic}
     uint G1ConcRefinementThreads                  = 10                                        {product} {ergonomic}
   size_t G1HeapRegionSize                         = 2097152                                   {product} {ergonomic}
    uintx GCDrainStackTargetSize                   = 64                                        {product} {ergonomic}
   size_t InitialHeapSize                          = 257949696                                 {product} {ergonomic}
   size_t MarkStackSize                            = 4194304                                   {product} {ergonomic}
   size_t MaxHeapSize                              = 4110417920                                {product} {ergonomic}
   size_t MaxNewSize                               = 2466250752                                {product} {ergonomic}
   size_t MinHeapDeltaBytes                        = 2097152                                   {product} {ergonomic}
   size_t MinHeapSize                              = 8388608                                   {product} {ergonomic}
    uintx NonNMethodCodeHeapSize                   = 5839372                                {pd product} {ergonomic}
    uintx NonProfiledCodeHeapSize                  = 122909434                              {pd product} {ergonomic}
    uintx ProfiledCodeHeapSize                     = 122909434                              {pd product} {ergonomic}
    uintx ReservedCodeCacheSize                    = 251658240                              {pd product} {ergonomic}
     bool SegmentedCodeCache                       = true                                      {product} {ergonomic}
   size_t SoftMaxHeapSize                          = 4110417920                             {manageable} {ergonomic}
     bool UseCompressedOops                        = true                           {product lp64_product} {ergonomic}
     bool UseG1GC                                  = true                                      {product} {ergonomic}
     bool UseLargePagesIndividualAllocation        = false                                  {pd product} {ergonomic}

Logging:
Log output configuration:
 #0: stdout all=warning uptime,level,tags foldmultilines=false
 #1: stderr all=off uptime,level,tags foldmultilines=false

Environment Variables:
JAVA_HOME=C:\Program Files\Java\jdk-21
PATH=C:\Program Files\Git\mingw64\bin;C:\Program Files\Git\usr\bin;C:\Users\Aarav Roy\bin;C:\Program Files\Eclipse Adoptium\jdk-11.0.29.7-hotspot\bin;C:\Program Files\Eclipse Adoptium\jdk-8.0.472.8-hotspot\bin;C:\Program Files\Common Files\Oracle\Java\javapath;C:\WINDOWS\system32;C:\WINDOWS;C:\WINDOWS\System32\Wbem;C:\WINDOWS\System32\WindowsPowerShell\v1.0;C:\WINDOWS\System32\OpenSSH;C:\Program Files (x86)\NVIDIA Corporation\PhysX\Common;C:\Program Files\NVIDIA Corporation\NVIDIA App\NvDLISR;C:\Program Files\apache-maven-3.9.12\bin;C:\Program Files\Git\cmd;C:\Program Files\Java\jdk-21\bin;C:\Program Files\dotnet;C:\Program Files\PuTTY;C:\gradle-9.4.0\bin;C:\Program Files\Tailscale;C:\Program Files\nodejs;C:\Users\Aarav Roy\AppData\Local\Microsoft\WindowsApps;C:\Users\Aarav Roy\AppData\Local\Programs\Antigravity\bin;C:\Users\Aarav Roy\AppData\Local\spicetify;C:\Users\Aarav Roy\AppData\Roaming\npm;C:\Users\Aarav Roy\AppData\Local\Microsoft\WinGet\Packages\aristocratos.btop4win_Microsoft.Winget.Source_8wekyb3d8bbwe\btop4win
USERNAME=Aarav Roy
TERM=xterm-256color
OS=Windows_NT
PROCESSOR_IDENTIFIER=AMD64 Family 25 Model 68 Stepping 1, AuthenticAMD
TMP=C:\Users\Aarav Roy\AppData\Local\Temp
TEMP=C:\Users\Aarav Roy\AppData\Local\Temp




Periodic native trim disabled

---------------  S Y S T E M  ---------------

OS:
 Windows 11 , 64 bit Build 26100 (10.0.26100.7920)
OS uptime: 0 days 0:57 hours
Hyper-V role detected

CPU: total 12 (initial active 12) (12 cores per cpu, 2 threads per core) family 25 model 68 stepping 1 microcode 0xa40410a, cx8, cmov, fxsr, ht, mmx, 3dnowpref, sse, sse2, sse3, ssse3, sse4a, sse4.1, sse4.2, popcnt, lzcnt, tsc, tscinvbit, avx, avx2, aes, erms, clmul, bmi1, bmi2, adx, sha, fma, vzeroupper, clflush, clflushopt, hv, rdtscp, rdpid, fsrm, f16c, cet_ss
Processor Information for processor 0
  Max Mhz: 3301, Current Mhz: 3301, Mhz Limit: 3301
Processor Information for processor 1
  Max Mhz: 3301, Current Mhz: 3301, Mhz Limit: 3301
Processor Information for processor 2
  Max Mhz: 3301, Current Mhz: 2640, Mhz Limit: 3301
Processor Information for processor 3
  Max Mhz: 3301, Current Mhz: 3301, Mhz Limit: 3301
Processor Information for processor 4
  Max Mhz: 3301, Current Mhz: 3301, Mhz Limit: 3301
Processor Information for processor 5
  Max Mhz: 3301, Current Mhz: 3301, Mhz Limit: 3301
Processor Information for processor 6
  Max Mhz: 3301, Current Mhz: 3301, Mhz Limit: 3301
Processor Information for processor 7
  Max Mhz: 3301, Current Mhz: 2640, Mhz Limit: 3301
Processor Information for processor 8
  Max Mhz: 3301, Current Mhz: 2640, Mhz Limit: 3301
Processor Information for processor 9
  Max Mhz: 3301, Current Mhz: 2640, Mhz Limit: 3301
Processor Information for processor 10
  Max Mhz: 3301, Current Mhz: 3301, Mhz Limit: 3301
Processor Information for processor 11
  Max Mhz: 3301, Current Mhz: 3301, Mhz Limit: 3301

Memory: 4k page, system-wide physical 15676M (337M free)
TotalPageFile size 62780M (AvailPageFile size 107M)
current process WorkingSet (physical memory assigned to process): 203M, peak: 238M
current process commit charge ("private bytes"): 263M, peak: 413M

vm_info: Java HotSpot(TM) 64-Bit Server VM (21.0.8+12-LTS-250) for windows-amd64 JRE (21.0.8+12-LTS-250), built on 2025-06-27T08:11:22Z by "mach5one" with MS VC++ 17.6 (VS2022)

END.
