#
# There is insufficient memory for the Java Runtime Environment to continue.
# Native memory allocation (malloc) failed to allocate 286896 bytes for Chunk::new
# Possible reasons:
#   The system is out of physical RAM or swap space
#   The process is running with CompressedOops enabled, and the Java Heap may be blocking the growth of the native heap
# Possible solutions:
#   Reduce memory load on the system
#   Increase physical memory or swap space
#   Check if swap backing store is full
#   Decrease Java heap size (-Xmx/-Xms)
#   Decrease number of Java threads
#   Decrease Java thread stack sizes (-Xss)
#   Set larger code cache with -XX:ReservedCodeCacheSize=
#   JVM is running with Unscaled Compressed Oops mode in which the Java heap is
#     placed in the first 4GB address space. The Java Heap base address is the
#     maximum limit for the native heap growth. Please use -XX:HeapBaseMinAddress
#     to set the Java Heap base and to place the Java Heap above 4GB virtual address.
# This output file may be truncated or incomplete.
#
#  Out of Memory Error (arena.cpp:168), pid=5672, tid=23116
#
# JRE version: Java(TM) SE Runtime Environment (21.0.8+12) (build 21.0.8+12-LTS-250)
# Java VM: Java HotSpot(TM) 64-Bit Server VM (21.0.8+12-LTS-250, mixed mode, sharing, tiered, compressed oops, compressed class ptrs, g1 gc, windows-amd64)
# No core dump will be written. Minidumps are not enabled by default on client versions of Windows
#

---------------  S U M M A R Y ------------

Command Line: -Xmx64m -Xms64m -Dorg.gradle.appname=gradlew C:\Users\Aarav Roy\Desktop\Essentials\\gradle\wrapper\gradle-wrapper.jar :EssentialsX:compileJava

Host: AMD Ryzen 5 6600H with Radeon Graphics         , 12 cores, 15G,  Windows 11 , 64 bit Build 26100 (10.0.26100.7920)
Time: Sat Apr 11 14:20:29 2026 India Standard Time elapsed time: 4.084504 seconds (0d 0h 0m 4s)

---------------  T H R E A D  ---------------

Current thread (0x00000201a5a3c260):  JavaThread "C2 CompilerThread0" daemon [_thread_in_native, id=23116, stack(0x0000006fdbd00000,0x0000006fdbe00000) (1024K)]


Current CompileTask:
C2:   4084 1387       4       jdk.internal.org.objectweb.asm.SymbolTable::addConstantUtf8 (98 bytes)

Stack: [0x0000006fdbd00000,0x0000006fdbe00000]
Native frames: (J=compiled Java code, j=interpreted, Vv=VM code, C=native code)
V  [jvm.dll+0x6cc179]
V  [jvm.dll+0x8584c1]
V  [jvm.dll+0x85a9ee]
V  [jvm.dll+0x85b0c3]
V  [jvm.dll+0x27ebf6]
V  [jvm.dll+0xc4f4d]
V  [jvm.dll+0xc5483]
V  [jvm.dll+0x3b6a82]
V  [jvm.dll+0x382a35]
V  [jvm.dll+0x381eaa]
V  [jvm.dll+0x247670]
V  [jvm.dll+0x246c4f]
V  [jvm.dll+0x1c7a3e]
V  [jvm.dll+0x256359]
V  [jvm.dll+0x2548ea]
V  [jvm.dll+0x3efef6]
V  [jvm.dll+0x80279b]
V  [jvm.dll+0x6ca85d]
C  [ucrtbase.dll+0x37b0]
C  [KERNEL32.DLL+0x2e8d7]
C  [ntdll.dll+0x8c48c]


---------------  P R O C E S S  ---------------

Threads class SMR info:
_java_thread_list=0x00000201eb0ed7f0, length=12, elements={
0x000002018b359480, 0x00000201a5a189f0, 0x00000201a5a1c270, 0x00000201a5a213b0,
0x00000201a5a21e00, 0x00000201a5a26a40, 0x00000201a5a2aae0, 0x00000201a5a3c260,
0x00000201a5a60040, 0x00000201a5a2b800, 0x00000201a5a2d8d0, 0x00000201a5a2cbb0
}

Java Threads: ( => current thread )
  0x000002018b359480 JavaThread "main"                              [_thread_in_native, id=21880, stack(0x0000006fdaf00000,0x0000006fdb000000) (1024K)]
  0x00000201a5a189f0 JavaThread "Reference Handler"          daemon [_thread_blocked, id=6828, stack(0x0000006fdb700000,0x0000006fdb800000) (1024K)]
  0x00000201a5a1c270 JavaThread "Finalizer"                  daemon [_thread_blocked, id=20204, stack(0x0000006fdb800000,0x0000006fdb900000) (1024K)]
  0x00000201a5a213b0 JavaThread "Signal Dispatcher"          daemon [_thread_blocked, id=20680, stack(0x0000006fdb900000,0x0000006fdba00000) (1024K)]
  0x00000201a5a21e00 JavaThread "Attach Listener"            daemon [_thread_blocked, id=2580, stack(0x0000006fdba00000,0x0000006fdbb00000) (1024K)]
  0x00000201a5a26a40 JavaThread "Service Thread"             daemon [_thread_blocked, id=9412, stack(0x0000006fdbb00000,0x0000006fdbc00000) (1024K)]
  0x00000201a5a2aae0 JavaThread "Monitor Deflation Thread"   daemon [_thread_blocked, id=16900, stack(0x0000006fdbc00000,0x0000006fdbd00000) (1024K)]
=>0x00000201a5a3c260 JavaThread "C2 CompilerThread0"         daemon [_thread_in_native, id=23116, stack(0x0000006fdbd00000,0x0000006fdbe00000) (1024K)]
  0x00000201a5a60040 JavaThread "C1 CompilerThread0"         daemon [_thread_blocked, id=22376, stack(0x0000006fdbe00000,0x0000006fdbf00000) (1024K)]
  0x00000201a5a2b800 JavaThread "Notification Thread"        daemon [_thread_blocked, id=7552, stack(0x0000006fdbf00000,0x0000006fdc000000) (1024K)]
  0x00000201a5a2d8d0 JavaThread "Common-Cleaner"             daemon [_thread_blocked, id=17692, stack(0x0000006fdc000000,0x0000006fdc100000) (1024K)]
  0x00000201a5a2cbb0 JavaThread "pool-1-thread-1"                   [_thread_blocked, id=16212, stack(0x0000006fdc600000,0x0000006fdc700000) (1024K)]
Total: 12

Other Threads:
  0x000002018b40ee00 VMThread "VM Thread"                           [id=14172, stack(0x0000006fdb600000,0x0000006fdb700000) (1024K)]
  0x000002018b3fe880 WatcherThread "VM Periodic Task Thread"        [id=19236, stack(0x0000006fdb500000,0x0000006fdb600000) (1024K)]
  0x000002018b3744d0 WorkerThread "GC Thread#0"                     [id=17352, stack(0x0000006fdb000000,0x0000006fdb100000) (1024K)]
  0x00000201a5feb1d0 WorkerThread "GC Thread#1"                     [id=22620, stack(0x0000006fdc300000,0x0000006fdc400000) (1024K)]
  0x00000201a5fcefb0 WorkerThread "GC Thread#2"                     [id=21660, stack(0x0000006fdc400000,0x0000006fdc500000) (1024K)]
  0x00000201a5e1b6b0 WorkerThread "GC Thread#3"                     [id=22188, stack(0x0000006fdc500000,0x0000006fdc600000) (1024K)]
  0x000002018b3763d0 ConcurrentGCThread "G1 Main Marker"            [id=10860, stack(0x0000006fdb100000,0x0000006fdb200000) (1024K)]
  0x000002018b376de0 WorkerThread "G1 Conc#0"                       [id=15644, stack(0x0000006fdb200000,0x0000006fdb300000) (1024K)]
  0x000002018b3ec910 ConcurrentGCThread "G1 Refine#0"               [id=9924, stack(0x0000006fdb300000,0x0000006fdb400000) (1024K)]
  0x000002018b3ee240 ConcurrentGCThread "G1 Service"                [id=21340, stack(0x0000006fdb400000,0x0000006fdb500000) (1024K)]
Total: 10

Threads with active compile tasks:
C2 CompilerThread0     4116 1387       4       jdk.internal.org.objectweb.asm.SymbolTable::addConstantUtf8 (98 bytes)
Total: 1

VM state: not at safepoint (normal execution)

VM Mutex/Monitor currently owned by a thread: None

Heap address: 0x00000000fc000000, size: 64 MB, Compressed Oops mode: 32-bit

CDS archive(s) mapped at: [0x00000201a6000000-0x00000201a6c90000-0x00000201a6c90000), size 13172736, SharedBaseAddress: 0x00000201a6000000, ArchiveRelocationMode: 1.
Compressed class space mapped at: 0x00000201a7000000-0x00000201e7000000, reserved size: 1073741824
Narrow klass base: 0x00000201a6000000, Narrow klass shift: 0, Narrow klass range: 0x100000000

GC Precious Log:
 CardTable entry size: 512
 Card Set container configuration: InlinePtr #cards 5 size 8 Array Of Cards #cards 12 size 40 Howl #buckets 4 coarsen threshold 1843 Howl Bitmap #cards 512 size 80 coarsen threshold 460 Card regions per heap region 1 cards per card region 2048
 CPUs: 12 total, 12 available
 Memory: 15676M
 Large Page Support: Disabled
 NUMA Support: Disabled
 Compressed Oops: Enabled (32-bit)
 Heap Region Size: 1M
 Heap Min Capacity: 64M
 Heap Initial Capacity: 64M
 Heap Max Capacity: 64M
 Pre-touch: Disabled
 Parallel Workers: 10
 Concurrent Workers: 3
 Concurrent Refinement Workers: 10
 Periodic GC: Disabled

Heap:
 garbage-first heap   total 65536K, used 34432K [0x00000000fc000000, 0x0000000100000000)
  region size 1024K, 33 young (33792K), 2 survivors (2048K)
 Metaspace       used 7698K, committed 8000K, reserved 1114112K
  class space    used 1022K, committed 1152K, reserved 1048576K

Heap Regions: E=young(eden), S=young(survivor), O=old, HS=humongous(starts), HC=humongous(continues), CS=collection set, F=free, TAMS=top-at-mark-start, PB=parsable bottom
|   0|0x00000000fc000000, 0x00000000fc100000, 0x00000000fc100000|100%|HS|  |TAMS 0x00000000fc000000| PB 0x00000000fc000000| Complete 
|   1|0x00000000fc100000, 0x00000000fc200000, 0x00000000fc200000|100%|HC|  |TAMS 0x00000000fc100000| PB 0x00000000fc100000| Complete 
|   2|0x00000000fc200000, 0x00000000fc300000, 0x00000000fc300000|100%|HC|  |TAMS 0x00000000fc200000| PB 0x00000000fc200000| Complete 
|   3|0x00000000fc300000, 0x00000000fc300000, 0x00000000fc400000|  0%| F|  |TAMS 0x00000000fc300000| PB 0x00000000fc300000| Untracked 
|   4|0x00000000fc400000, 0x00000000fc400000, 0x00000000fc500000|  0%| F|  |TAMS 0x00000000fc400000| PB 0x00000000fc400000| Untracked 
|   5|0x00000000fc500000, 0x00000000fc500000, 0x00000000fc600000|  0%| F|  |TAMS 0x00000000fc500000| PB 0x00000000fc500000| Untracked 
|   6|0x00000000fc600000, 0x00000000fc600000, 0x00000000fc700000|  0%| F|  |TAMS 0x00000000fc600000| PB 0x00000000fc600000| Untracked 
|   7|0x00000000fc700000, 0x00000000fc700000, 0x00000000fc800000|  0%| F|  |TAMS 0x00000000fc700000| PB 0x00000000fc700000| Untracked 
|   8|0x00000000fc800000, 0x00000000fc800000, 0x00000000fc900000|  0%| F|  |TAMS 0x00000000fc800000| PB 0x00000000fc800000| Untracked 
|   9|0x00000000fc900000, 0x00000000fc900000, 0x00000000fca00000|  0%| F|  |TAMS 0x00000000fc900000| PB 0x00000000fc900000| Untracked 
|  10|0x00000000fca00000, 0x00000000fca00000, 0x00000000fcb00000|  0%| F|  |TAMS 0x00000000fca00000| PB 0x00000000fca00000| Untracked 
|  11|0x00000000fcb00000, 0x00000000fcb00000, 0x00000000fcc00000|  0%| F|  |TAMS 0x00000000fcb00000| PB 0x00000000fcb00000| Untracked 
|  12|0x00000000fcc00000, 0x00000000fcc00000, 0x00000000fcd00000|  0%| F|  |TAMS 0x00000000fcc00000| PB 0x00000000fcc00000| Untracked 
|  13|0x00000000fcd00000, 0x00000000fcd00000, 0x00000000fce00000|  0%| F|  |TAMS 0x00000000fcd00000| PB 0x00000000fcd00000| Untracked 
|  14|0x00000000fce00000, 0x00000000fce00000, 0x00000000fcf00000|  0%| F|  |TAMS 0x00000000fce00000| PB 0x00000000fce00000| Untracked 
|  15|0x00000000fcf00000, 0x00000000fcf00000, 0x00000000fd000000|  0%| F|  |TAMS 0x00000000fcf00000| PB 0x00000000fcf00000| Untracked 
|  16|0x00000000fd000000, 0x00000000fd000000, 0x00000000fd100000|  0%| F|  |TAMS 0x00000000fd000000| PB 0x00000000fd000000| Untracked 
|  17|0x00000000fd100000, 0x00000000fd100000, 0x00000000fd200000|  0%| F|  |TAMS 0x00000000fd100000| PB 0x00000000fd100000| Untracked 
|  18|0x00000000fd200000, 0x00000000fd200000, 0x00000000fd300000|  0%| F|  |TAMS 0x00000000fd200000| PB 0x00000000fd200000| Untracked 
|  19|0x00000000fd300000, 0x00000000fd300000, 0x00000000fd400000|  0%| F|  |TAMS 0x00000000fd300000| PB 0x00000000fd300000| Untracked 
|  20|0x00000000fd400000, 0x00000000fd400000, 0x00000000fd500000|  0%| F|  |TAMS 0x00000000fd400000| PB 0x00000000fd400000| Untracked 
|  21|0x00000000fd500000, 0x00000000fd500000, 0x00000000fd600000|  0%| F|  |TAMS 0x00000000fd500000| PB 0x00000000fd500000| Untracked 
|  22|0x00000000fd600000, 0x00000000fd600000, 0x00000000fd700000|  0%| F|  |TAMS 0x00000000fd600000| PB 0x00000000fd600000| Untracked 
|  23|0x00000000fd700000, 0x00000000fd700000, 0x00000000fd800000|  0%| F|  |TAMS 0x00000000fd700000| PB 0x00000000fd700000| Untracked 
|  24|0x00000000fd800000, 0x00000000fd800000, 0x00000000fd900000|  0%| F|  |TAMS 0x00000000fd800000| PB 0x00000000fd800000| Untracked 
|  25|0x00000000fd900000, 0x00000000fd900000, 0x00000000fda00000|  0%| F|  |TAMS 0x00000000fd900000| PB 0x00000000fd900000| Untracked 
|  26|0x00000000fda00000, 0x00000000fda00000, 0x00000000fdb00000|  0%| F|  |TAMS 0x00000000fda00000| PB 0x00000000fda00000| Untracked 
|  27|0x00000000fdb00000, 0x00000000fdb00000, 0x00000000fdc00000|  0%| F|  |TAMS 0x00000000fdb00000| PB 0x00000000fdb00000| Untracked 
|  28|0x00000000fdc00000, 0x00000000fdc00000, 0x00000000fdd00000|  0%| F|  |TAMS 0x00000000fdc00000| PB 0x00000000fdc00000| Untracked 
|  29|0x00000000fdd00000, 0x00000000fdd00000, 0x00000000fde00000|  0%| F|  |TAMS 0x00000000fdd00000| PB 0x00000000fdd00000| Untracked 
|  30|0x00000000fde00000, 0x00000000fde00000, 0x00000000fdf00000|  0%| F|  |TAMS 0x00000000fde00000| PB 0x00000000fde00000| Untracked 
|  31|0x00000000fdf00000, 0x00000000fdf68f08, 0x00000000fe000000| 40%| E|  |TAMS 0x00000000fdf00000| PB 0x00000000fdf00000| Complete 
|  32|0x00000000fe000000, 0x00000000fe100000, 0x00000000fe100000|100%| E|CS|TAMS 0x00000000fe000000| PB 0x00000000fe000000| Complete 
|  33|0x00000000fe100000, 0x00000000fe200000, 0x00000000fe200000|100%| E|CS|TAMS 0x00000000fe100000| PB 0x00000000fe100000| Complete 
|  34|0x00000000fe200000, 0x00000000fe300000, 0x00000000fe300000|100%| E|CS|TAMS 0x00000000fe200000| PB 0x00000000fe200000| Complete 
|  35|0x00000000fe300000, 0x00000000fe400000, 0x00000000fe400000|100%| E|CS|TAMS 0x00000000fe300000| PB 0x00000000fe300000| Complete 
|  36|0x00000000fe400000, 0x00000000fe500000, 0x00000000fe500000|100%| E|CS|TAMS 0x00000000fe400000| PB 0x00000000fe400000| Complete 
|  37|0x00000000fe500000, 0x00000000fe600000, 0x00000000fe600000|100%| E|CS|TAMS 0x00000000fe500000| PB 0x00000000fe500000| Complete 
|  38|0x00000000fe600000, 0x00000000fe700000, 0x00000000fe700000|100%| E|CS|TAMS 0x00000000fe600000| PB 0x00000000fe600000| Complete 
|  39|0x00000000fe700000, 0x00000000fe7a0000, 0x00000000fe800000| 62%| S|CS|TAMS 0x00000000fe700000| PB 0x00000000fe700000| Complete 
|  40|0x00000000fe800000, 0x00000000fe900000, 0x00000000fe900000|100%| S|CS|TAMS 0x00000000fe800000| PB 0x00000000fe800000| Complete 
|  41|0x00000000fe900000, 0x00000000fea00000, 0x00000000fea00000|100%| E|CS|TAMS 0x00000000fe900000| PB 0x00000000fe900000| Complete 
|  42|0x00000000fea00000, 0x00000000feb00000, 0x00000000feb00000|100%| E|CS|TAMS 0x00000000fea00000| PB 0x00000000fea00000| Complete 
|  43|0x00000000feb00000, 0x00000000fec00000, 0x00000000fec00000|100%| E|CS|TAMS 0x00000000feb00000| PB 0x00000000feb00000| Complete 
|  44|0x00000000fec00000, 0x00000000fed00000, 0x00000000fed00000|100%| E|CS|TAMS 0x00000000fec00000| PB 0x00000000fec00000| Complete 
|  45|0x00000000fed00000, 0x00000000fee00000, 0x00000000fee00000|100%| E|CS|TAMS 0x00000000fed00000| PB 0x00000000fed00000| Complete 
|  46|0x00000000fee00000, 0x00000000fef00000, 0x00000000fef00000|100%| E|CS|TAMS 0x00000000fee00000| PB 0x00000000fee00000| Complete 
|  47|0x00000000fef00000, 0x00000000ff000000, 0x00000000ff000000|100%| E|CS|TAMS 0x00000000fef00000| PB 0x00000000fef00000| Complete 
|  48|0x00000000ff000000, 0x00000000ff100000, 0x00000000ff100000|100%| E|CS|TAMS 0x00000000ff000000| PB 0x00000000ff000000| Complete 
|  49|0x00000000ff100000, 0x00000000ff200000, 0x00000000ff200000|100%| E|CS|TAMS 0x00000000ff100000| PB 0x00000000ff100000| Complete 
|  50|0x00000000ff200000, 0x00000000ff300000, 0x00000000ff300000|100%| E|CS|TAMS 0x00000000ff200000| PB 0x00000000ff200000| Complete 
|  51|0x00000000ff300000, 0x00000000ff400000, 0x00000000ff400000|100%| E|CS|TAMS 0x00000000ff300000| PB 0x00000000ff300000| Complete 
|  52|0x00000000ff400000, 0x00000000ff500000, 0x00000000ff500000|100%| E|CS|TAMS 0x00000000ff400000| PB 0x00000000ff400000| Complete 
|  53|0x00000000ff500000, 0x00000000ff600000, 0x00000000ff600000|100%| E|CS|TAMS 0x00000000ff500000| PB 0x00000000ff500000| Complete 
|  54|0x00000000ff600000, 0x00000000ff700000, 0x00000000ff700000|100%| E|CS|TAMS 0x00000000ff600000| PB 0x00000000ff600000| Complete 
|  55|0x00000000ff700000, 0x00000000ff800000, 0x00000000ff800000|100%| E|CS|TAMS 0x00000000ff700000| PB 0x00000000ff700000| Complete 
|  56|0x00000000ff800000, 0x00000000ff900000, 0x00000000ff900000|100%| E|CS|TAMS 0x00000000ff800000| PB 0x00000000ff800000| Complete 
|  57|0x00000000ff900000, 0x00000000ffa00000, 0x00000000ffa00000|100%| E|CS|TAMS 0x00000000ff900000| PB 0x00000000ff900000| Complete 
|  58|0x00000000ffa00000, 0x00000000ffb00000, 0x00000000ffb00000|100%| E|CS|TAMS 0x00000000ffa00000| PB 0x00000000ffa00000| Complete 
|  59|0x00000000ffb00000, 0x00000000ffc00000, 0x00000000ffc00000|100%| E|CS|TAMS 0x00000000ffb00000| PB 0x00000000ffb00000| Complete 
|  60|0x00000000ffc00000, 0x00000000ffd00000, 0x00000000ffd00000|100%| E|CS|TAMS 0x00000000ffc00000| PB 0x00000000ffc00000| Complete 
|  61|0x00000000ffd00000, 0x00000000ffe00000, 0x00000000ffe00000|100%| E|  |TAMS 0x00000000ffd00000| PB 0x00000000ffd00000| Complete 
|  62|0x00000000ffe00000, 0x00000000fff00000, 0x00000000fff00000|100%| E|CS|TAMS 0x00000000ffe00000| PB 0x00000000ffe00000| Complete 
|  63|0x00000000fff00000, 0x0000000100000000, 0x0000000100000000|100%| E|CS|TAMS 0x00000000fff00000| PB 0x00000000fff00000| Complete 

Card table byte_map: [0x0000020189280000,0x00000201892a0000] _byte_map_base: 0x0000020188aa0000

Marking Bits: (CMBitMap*) 0x000002018b374ae0
 Bits: [0x00000201a2d40000, 0x00000201a2e40000)

Polling page: 0x0000020189230000

Metaspace:

Usage:
  Non-class:      6.52 MB used.
      Class:   1022.94 KB used.
       Both:      7.52 MB used.

Virtual space:
  Non-class space:       64.00 MB reserved,       6.69 MB ( 10%) committed,  1 nodes.
      Class space:        1.00 GB reserved,       1.12 MB ( <1%) committed,  1 nodes.
             Both:        1.06 GB reserved,       7.81 MB ( <1%) committed. 

Chunk freelists:
   Non-Class:  8.43 MB
       Class:  14.85 MB
        Both:  23.29 MB

MaxMetaspaceSize: unlimited
CompressedClassSpaceSize: 1.00 GB
Initial GC threshold: 21.00 MB
Current GC threshold: 21.00 MB
CDS: on
 - commit_granule_bytes: 65536.
 - commit_granule_words: 8192.
 - virtual_space_node_default_size: 8388608.
 - enlarge_chunks_in_place: 1.
 - use_allocation_guard: 0.


Internal statistics:

num_allocs_failed_limit: 0.
num_arena_births: 216.
num_arena_deaths: 0.
num_vsnodes_births: 2.
num_vsnodes_deaths: 0.
num_space_committed: 125.
num_space_uncommitted: 0.
num_chunks_returned_to_freelist: 0.
num_chunks_taken_from_freelist: 438.
num_chunk_merges: 0.
num_chunk_splits: 283.
num_chunks_enlarged: 208.
num_inconsistent_stats: 0.

CodeHeap 'non-profiled nmethods': size=120000Kb used=627Kb max_used=627Kb free=119373Kb
 bounds [0x000002019b2c0000, 0x000002019b530000, 0x00000201a27f0000]
CodeHeap 'profiled nmethods': size=120000Kb used=2615Kb max_used=2615Kb free=117384Kb
 bounds [0x00000201937f0000, 0x0000020193a80000, 0x000002019ad20000]
CodeHeap 'non-nmethods': size=5760Kb used=1360Kb max_used=1374Kb free=4399Kb
 bounds [0x000002019ad20000, 0x000002019af90000, 0x000002019b2c0000]
 total_blobs=1890 nmethods=1425 adapters=370
 compilation: enabled
              stopped_count=0, restarted_count=0
 full_count=0

Compilation events (20 events):
Event: 2.060 Thread 0x00000201a5a60040 nmethod 1375 0x0000020193a65090 code [0x0000020193a65280, 0x0000020193a65948]
Event: 2.060 Thread 0x00000201a5a60040 1373       3       java.lang.invoke.MethodHandle::intrinsicName (4 bytes)
Event: 2.060 Thread 0x00000201a5a60040 nmethod 1373 0x0000020193a65b10 code [0x0000020193a65ca0, 0x0000020193a65db8]
Event: 2.060 Thread 0x00000201a5a60040 1374       3       jdk.internal.org.objectweb.asm.Type::getDescriptor (93 bytes)
Event: 2.060 Thread 0x00000201a5a60040 nmethod 1374 0x0000020193a65e90 code [0x0000020193a66100, 0x0000020193a667f8]
Event: 2.060 Thread 0x00000201a5a60040 1379       3       java.lang.invoke.InvokerBytecodeGenerator::emitStoreInsn (21 bytes)
Event: 2.061 Thread 0x00000201a5a60040 nmethod 1379 0x0000020193a66b10 code [0x0000020193a66ce0, 0x0000020193a66f38]
Event: 2.061 Thread 0x00000201a5a60040 1380       3       java.lang.invoke.LambdaForm::useCount (61 bytes)
Event: 2.061 Thread 0x00000201a5a60040 nmethod 1380 0x0000020193a67090 code [0x0000020193a67260, 0x0000020193a675b8]
Event: 2.062 Thread 0x00000201a5a60040 1384       3       jdk.internal.org.objectweb.asm.MethodWriter::visitCode (1 bytes)
Event: 2.062 Thread 0x00000201a5a60040 nmethod 1384 0x0000020193a67790 code [0x0000020193a67920, 0x0000020193a67a28]
Event: 2.064 Thread 0x00000201a5a60040 1386       3       java.lang.invoke.MethodHandles$Lookup::checkAccess (200 bytes)
Event: 2.065 Thread 0x00000201a5a60040 nmethod 1386 0x0000020193a67a90 code [0x0000020193a67d40, 0x0000020193a68898]
Event: 2.065 Thread 0x00000201a5a3c260 1387       4       jdk.internal.org.objectweb.asm.SymbolTable::addConstantUtf8 (98 bytes)
Event: 2.283 Thread 0x00000201a5a60040 1389       1       java.util.concurrent.locks.AbstractQueuedSynchronizer::getState (5 bytes)
Event: 2.283 Thread 0x00000201a5a60040 nmethod 1389 0x000002019b35b710 code [0x000002019b35b8a0, 0x000002019b35b968]
Event: 2.393 Thread 0x00000201a5a60040 1390       1       java.util.concurrent.locks.AbstractQueuedSynchronizer::setState (6 bytes)
Event: 2.393 Thread 0x00000201a5a60040 nmethod 1390 0x000002019b35ba10 code [0x000002019b35bba0, 0x000002019b35bc70]
Event: 3.893 Thread 0x00000201a5a60040 1391       1       java.util.concurrent.atomic.AtomicInteger::get (5 bytes)
Event: 3.893 Thread 0x00000201a5a60040 nmethod 1391 0x000002019b35bd10 code [0x000002019b35bea0, 0x000002019b35bf68]

GC Heap History (2 events):
Event: 1.458 GC heap before
{Heap before GC invocations=0 (full 0):
 garbage-first heap   total 65536K, used 22528K [0x00000000fc000000, 0x0000000100000000)
  region size 1024K, 23 young (23552K), 0 survivors (0K)
 Metaspace       used 1590K, committed 1792K, reserved 1114112K
  class space    used 144K, committed 256K, reserved 1048576K
}
Event: 1.461 GC heap after
{Heap after GC invocations=1 (full 0):
 garbage-first heap   total 65536K, used 1664K [0x00000000fc000000, 0x0000000100000000)
  region size 1024K, 2 young (2048K), 2 survivors (2048K)
 Metaspace       used 1590K, committed 1792K, reserved 1114112K
  class space    used 144K, committed 256K, reserved 1048576K
}

Dll operation events (11 events):
Event: 0.015 Loaded shared library C:\Program Files\Java\jdk-21\bin\java.dll
Event: 1.054 Loaded shared library C:\Program Files\Java\jdk-21\bin\jsvml.dll
Event: 1.075 Loaded shared library C:\Program Files\Java\jdk-21\bin\net.dll
Event: 1.077 Loaded shared library C:\Program Files\Java\jdk-21\bin\nio.dll
Event: 1.082 Loaded shared library C:\Program Files\Java\jdk-21\bin\zip.dll
Event: 1.463 Loaded shared library C:\Program Files\Java\jdk-21\bin\jimage.dll
Event: 1.805 Loaded shared library C:\Program Files\Java\jdk-21\bin\management.dll
Event: 1.809 Loaded shared library C:\Program Files\Java\jdk-21\bin\management_ext.dll
Event: 1.846 Loaded shared library C:\Program Files\Java\jdk-21\bin\verify.dll
Event: 1.852 Loaded shared library C:\Users\Aarav Roy\.gradle\native\1def1411415f61bf3af743bc5b6707747c0891f09f0c88961ee8f79bc544acac\windows-amd64\native-platform.dll
Event: 2.010 Loaded shared library C:\Program Files\Java\jdk-21\bin\extnet.dll

Deoptimization events (20 events):
Event: 1.914 Thread 0x000002018b359480 Uncommon trap: trap_request=0xffffffde fr.pc=0x000002019b3464c4 relative=0x0000000000000124
Event: 1.914 Thread 0x000002018b359480 Uncommon trap: reason=class_check action=maybe_recompile pc=0x000002019b3464c4 method=jdk.internal.misc.Unsafe.allocateUninitializedArray(Ljava/lang/Class;I)Ljava/lang/Object; @ 51 c2
Event: 1.914 Thread 0x000002018b359480 DEOPT PACKING pc=0x000002019b3464c4 sp=0x0000006fdaffc500
Event: 1.914 Thread 0x000002018b359480 DEOPT UNPACKING pc=0x000002019ad746a2 sp=0x0000006fdaffc478 mode 2
Event: 1.914 Thread 0x000002018b359480 Uncommon trap: trap_request=0xffffffde fr.pc=0x000002019b3464c4 relative=0x0000000000000124
Event: 1.914 Thread 0x000002018b359480 Uncommon trap: reason=class_check action=maybe_recompile pc=0x000002019b3464c4 method=jdk.internal.misc.Unsafe.allocateUninitializedArray(Ljava/lang/Class;I)Ljava/lang/Object; @ 51 c2
Event: 1.914 Thread 0x000002018b359480 DEOPT PACKING pc=0x000002019b3464c4 sp=0x0000006fdaffc530
Event: 1.914 Thread 0x000002018b359480 DEOPT UNPACKING pc=0x000002019ad746a2 sp=0x0000006fdaffc4a8 mode 2
Event: 1.965 Thread 0x000002018b359480 Uncommon trap: trap_request=0xffffff45 fr.pc=0x000002019b344b20 relative=0x00000000000000e0
Event: 1.965 Thread 0x000002018b359480 Uncommon trap: reason=unstable_if action=reinterpret pc=0x000002019b344b20 method=sun.reflect.generics.parser.SignatureParser.current()C @ 39 c2
Event: 1.965 Thread 0x000002018b359480 DEOPT PACKING pc=0x000002019b344b20 sp=0x0000006fdaffda30
Event: 1.965 Thread 0x000002018b359480 DEOPT UNPACKING pc=0x000002019ad746a2 sp=0x0000006fdaffd9c8 mode 2
Event: 1.981 Thread 0x000002018b359480 DEOPT PACKING pc=0x00000201938abc77 sp=0x0000006fdaffcda0
Event: 1.981 Thread 0x000002018b359480 DEOPT UNPACKING pc=0x000002019ad74e42 sp=0x0000006fdaffc1f0 mode 0
Event: 1.987 Thread 0x000002018b359480 Uncommon trap: trap_request=0xffffffde fr.pc=0x000002019b333e8c relative=0x000000000000084c
Event: 1.987 Thread 0x000002018b359480 Uncommon trap: reason=class_check action=maybe_recompile pc=0x000002019b333e8c method=java.util.HashMap.putVal(ILjava/lang/Object;Ljava/lang/Object;ZZ)Ljava/lang/Object; @ 91 c2
Event: 1.987 Thread 0x000002018b359480 DEOPT PACKING pc=0x000002019b333e8c sp=0x0000006fdaffddf0
Event: 1.987 Thread 0x000002018b359480 DEOPT UNPACKING pc=0x000002019ad746a2 sp=0x0000006fdaffdd18 mode 2
Event: 2.044 Thread 0x000002018b359480 DEOPT PACKING pc=0x0000020193970b03 sp=0x0000006fdaff6bd0
Event: 2.044 Thread 0x000002018b359480 DEOPT UNPACKING pc=0x000002019ad74e42 sp=0x0000006fdaff60d8 mode 0

Classes loaded (20 events):
Event: 2.031 Loading class java/util/concurrent/TransferQueue
Event: 2.031 Loading class java/util/concurrent/TransferQueue done
Event: 2.031 Loading class java/util/concurrent/LinkedTransferQueue done
Event: 2.031 Loading class java/util/concurrent/SynchronousQueue$Transferer done
Event: 2.031 Loading class java/util/concurrent/LinkedTransferQueue$DualNode
Event: 2.032 Loading class java/util/concurrent/LinkedTransferQueue$DualNode done
Event: 2.043 Loading class java/util/zip/CheckedInputStream
Event: 2.043 Loading class java/util/zip/CheckedInputStream done
Event: 2.044 Loading class java/nio/file/PathMatcher
Event: 2.044 Loading class java/nio/file/PathMatcher done
Event: 2.044 Loading class java/nio/file/FileVisitor
Event: 2.045 Loading class java/nio/file/FileVisitor done
Event: 2.058 Loading class java/nio/file/NoSuchFileException
Event: 2.058 Loading class java/nio/file/FileSystemException
Event: 2.058 Loading class java/nio/file/FileSystemException done
Event: 2.058 Loading class java/nio/file/NoSuchFileException done
Event: 2.072 Loading class java/util/concurrent/atomic/Striped64$1
Event: 2.072 Loading class java/util/concurrent/atomic/Striped64$1 done
Event: 2.075 Loading class java/io/StreamCorruptedException
Event: 2.075 Loading class java/io/StreamCorruptedException done

Classes unloaded (0 events):
No events

Classes redefined (0 events):
No events

Internal exceptions (16 events):
Event: 1.179 Thread 0x000002018b359480 Exception <a 'java/lang/NoSuchMethodError'{0x00000000ffc34ba8}: 'void java.lang.invoke.DirectMethodHandle$Holder.invokeStatic(java.lang.Object, java.lang.Object)'> (0x00000000ffc34ba8) 
thrown [s\open\src\hotspot\share\interpreter\linkResolver.cpp, line 773]
Event: 1.180 Thread 0x000002018b359480 Exception <a 'java/lang/NoSuchMethodError'{0x00000000ffc38738}: 'void java.lang.invoke.DirectMethodHandle$Holder.invokeSpecial(java.lang.Object, java.lang.Object, java.lang.Object)'> (0x00000000ffc38738) 
thrown [s\open\src\hotspot\share\interpreter\linkResolver.cpp, line 773]
Event: 1.197 Thread 0x000002018b359480 Exception <a 'java/lang/NoSuchMethodError'{0x00000000ffc8f278}: 'int java.lang.invoke.DirectMethodHandle$Holder.invokeStaticInit(java.lang.Object, java.lang.Object)'> (0x00000000ffc8f278) 
thrown [s\open\src\hotspot\share\interpreter\linkResolver.cpp, line 773]
Event: 1.682 Thread 0x000002018b359480 Exception <a 'java/lang/NoSuchMethodError'{0x00000000ff5454e0}: 'java.lang.Object java.lang.invoke.DirectMethodHandle$Holder.invokeVirtual(java.lang.Object, java.lang.Object, java.lang.Object)'> (0x00000000ff5454e0) 
thrown [s\open\src\hotspot\share\interpreter\linkResolver.cpp, line 773]
Event: 1.818 Thread 0x000002018b359480 Exception <a 'java/lang/NoSuchMethodError'{0x00000000ff0df980}: 'int java.lang.invoke.DirectMethodHandle$Holder.invokeSpecial(java.lang.Object, java.lang.Object, java.lang.Object)'> (0x00000000ff0df980) 
thrown [s\open\src\hotspot\share\interpreter\linkResolver.cpp, line 773]
Event: 1.824 Thread 0x000002018b359480 Implicit null exception at 0x000002019b32e43c to 0x000002019b32ea78
Event: 1.862 Thread 0x000002018b359480 Exception <a 'java/lang/NoSuchMethodError'{0x00000000feef4708}: 'java.lang.Object java.lang.invoke.DirectMethodHandle$Holder.invokeStatic(java.lang.Object, java.lang.Object, int)'> (0x00000000feef4708) 
thrown [s\open\src\hotspot\share\interpreter\linkResolver.cpp, line 773]
Event: 1.863 Thread 0x000002018b359480 Exception <a 'java/lang/NoSuchMethodError'{0x00000000feeffb88}: 'void java.lang.invoke.DelegatingMethodHandle$Holder.delegate(java.lang.Object, java.lang.Object, int, java.lang.Object)'> (0x00000000feeffb88) 
thrown [s\open\src\hotspot\share\interpreter\linkResolver.cpp, line 773]
Event: 1.919 Thread 0x000002018b359480 Exception <a 'java/lang/NoSuchMethodError'{0x00000000fea522b0}: 'java.lang.Object java.lang.invoke.DirectMethodHandle$Holder.newInvokeSpecial(java.lang.Object, java.lang.Object, java.lang.Object, java.lang.Object, java.lang.Object)'> (0x00000000fea522b0) 
thrown [s\open\src\hotspot\share\interpreter\linkResolver.cpp, line 773]
Event: 1.926 Thread 0x000002018b359480 Exception <a 'java/lang/NoSuchMethodError'{0x00000000feab5d08}: 'java.lang.Object java.lang.invoke.Invokers$Holder.invokeExact_MT(java.lang.Object, java.lang.Object, java.lang.Object, java.lang.Object, java.lang.Object)'> (0x00000000feab5d08) 
thrown [s\open\src\hotspot\share\interpreter\linkResolver.cpp, line 773]
Event: 1.929 Thread 0x000002018b359480 Exception <a 'java/lang/NoSuchMethodError'{0x00000000feae8d70}: 'java.lang.Object java.lang.invoke.DirectMethodHandle$Holder.invokeVirtual(java.lang.Object, java.lang.Object, java.lang.Object, java.lang.Object, java.lang.Object, java.lang.Object, java.lang.Object)'> (0x00000000feae8d70) 
thrown [s\open\src\hotspot\share\interpreter\linkResolver.cpp, line 773]
Event: 1.934 Thread 0x000002018b359480 Exception <a 'java/lang/NoSuchMethodError'{0x00000000fe92d9c0}: 'java.lang.Object java.lang.invoke.DirectMethodHandle$Holder.invokeVirtual(java.lang.Object, java.lang.Object, java.lang.Object, java.lang.Object)'> (0x00000000fe92d9c0) 
thrown [s\open\src\hotspot\share\interpreter\linkResolver.cpp, line 773]
Event: 2.013 Thread 0x000002018b359480 Exception <a 'java/lang/NoSuchMethodError'{0x00000000fe423f98}: 'void java.lang.invoke.DirectMethodHandle$Holder.invokeStatic(java.lang.Object, java.lang.Object, java.lang.Object)'> (0x00000000fe423f98) 
thrown [s\open\src\hotspot\share\interpreter\linkResolver.cpp, line 773]
Event: 2.019 Thread 0x000002018b359480 Exception <a 'java/lang/NoSuchMethodError'{0x00000000fe4450a8}: 'java.lang.Object java.lang.invoke.DirectMethodHandle$Holder.invokeVirtual(java.lang.Object, java.lang.Object, java.lang.Object, java.lang.Object, java.lang.Object)'> (0x00000000fe4450a8) 
thrown [s\open\src\hotspot\share\interpreter\linkResolver.cpp, line 773]
Event: 2.020 Thread 0x000002018b359480 Exception <a 'java/lang/NoSuchMethodError'{0x00000000fe457ce8}: 'java.lang.Object java.lang.invoke.Invokers$Holder.invokeExact_MT(java.lang.Object, java.lang.Object, java.lang.Object, java.lang.Object, java.lang.Object, java.lang.Object)'> (0x00000000fe457ce8) 
thrown [s\open\src\hotspot\share\interpreter\linkResolver.cpp, line 773]
Event: 2.059 Thread 0x000002018b359480 Exception <a 'java/lang/NoSuchMethodError'{0x00000000fe27cea8}: 'java.lang.Object java.lang.invoke.DirectMethodHandle$Holder.invokeVirtual(java.lang.Object, java.lang.Object, java.lang.Object, java.lang.Object, java.lang.Object, java.lang.Object, java.lang.Object, java.lang.Object, java.lang.Object)'> (0x00000000fe27cea8) 
thrown [s\open\src\hotspot\share\interpreter\linkResolver.cpp, line 773]

ZGC Phase Switch (0 events):
No events

VM Operations (20 events):
Event: 1.082 Executing VM operation: HandshakeAllThreads (Deoptimize)
Event: 1.082 Executing VM operation: HandshakeAllThreads (Deoptimize) done
Event: 1.458 Executing VM operation: G1CollectForAllocation (G1 Evacuation Pause)
Event: 1.461 Executing VM operation: G1CollectForAllocation (G1 Evacuation Pause) done
Event: 1.788 Executing VM operation: HandshakeAllThreads (Deoptimize)
Event: 1.788 Executing VM operation: HandshakeAllThreads (Deoptimize) done
Event: 1.791 Executing VM operation: HandshakeAllThreads (Deoptimize)
Event: 1.791 Executing VM operation: HandshakeAllThreads (Deoptimize) done
Event: 1.791 Executing VM operation: HandshakeAllThreads (Deoptimize)
Event: 1.791 Executing VM operation: HandshakeAllThreads (Deoptimize) done
Event: 1.823 Executing VM operation: HandshakeAllThreads (Deoptimize)
Event: 1.823 Executing VM operation: HandshakeAllThreads (Deoptimize) done
Event: 1.862 Executing VM operation: HandshakeAllThreads (Deoptimize)
Event: 1.862 Executing VM operation: HandshakeAllThreads (Deoptimize) done
Event: 1.903 Executing VM operation: HandshakeAllThreads (Deoptimize)
Event: 1.903 Executing VM operation: HandshakeAllThreads (Deoptimize) done
Event: 1.928 Executing VM operation: HandshakeAllThreads (Deoptimize)
Event: 1.928 Executing VM operation: HandshakeAllThreads (Deoptimize) done
Event: 2.939 Executing VM operation: Cleanup
Event: 4.082 Executing VM operation: Cleanup done

Events (16 events):
Event: 1.039 Thread 0x000002018b359480 Thread added: 0x000002018b359480
Event: 1.052 Thread 0x00000201a5a189f0 Thread added: 0x00000201a5a189f0
Event: 1.052 Thread 0x00000201a5a1c270 Thread added: 0x00000201a5a1c270
Event: 1.052 Thread 0x00000201a5a213b0 Thread added: 0x00000201a5a213b0
Event: 1.052 Thread 0x00000201a5a21e00 Thread added: 0x00000201a5a21e00
Event: 1.052 Thread 0x00000201a5a26a40 Thread added: 0x00000201a5a26a40
Event: 1.053 Thread 0x00000201a5a2aae0 Thread added: 0x00000201a5a2aae0
Event: 1.053 Thread 0x00000201a5a3c260 Thread added: 0x00000201a5a3c260
Event: 1.053 Thread 0x00000201a5a60040 Thread added: 0x00000201a5a60040
Event: 1.069 Thread 0x00000201a5a2b800 Thread added: 0x00000201a5a2b800
Event: 1.071 Thread 0x00000201a5a2d8d0 Thread added: 0x00000201a5a2d8d0
Event: 1.456 Thread 0x00000201a5fc79b0 Thread added: 0x00000201a5fc79b0
Event: 1.456 Thread 0x00000201a5fc8080 Thread added: 0x00000201a5fc8080
Event: 1.882 Thread 0x00000201a5a2cbb0 Thread added: 0x00000201a5a2cbb0
Event: 4.081 Thread 0x00000201a5fc79b0 Thread exited: 0x00000201a5fc79b0
Event: 4.081 Thread 0x00000201a5fc8080 Thread exited: 0x00000201a5fc8080


Dynamic libraries:
0x00007ff763730000 - 0x00007ff763740000 	C:\Program Files\Java\jdk-21\bin\java.exe
0x00007ff9a6bc0000 - 0x00007ff9a6e27000 	C:\WINDOWS\SYSTEM32\ntdll.dll
0x00007ff9a54d0000 - 0x00007ff9a5599000 	C:\WINDOWS\System32\KERNEL32.DLL
0x00007ff9a43f0000 - 0x00007ff9a47e1000 	C:\WINDOWS\System32\KERNELBASE.dll
0x00007ff9a36d0000 - 0x00007ff9a381b000 	C:\WINDOWS\System32\ucrtbase.dll
0x00007ff99ba50000 - 0x00007ff99ba6b000 	C:\Program Files\Java\jdk-21\bin\VCRUNTIME140.dll
0x00007ff99e7a0000 - 0x00007ff99e7b9000 	C:\Program Files\Java\jdk-21\bin\jli.dll
0x00007ff9a49d0000 - 0x00007ff9a4a8b000 	C:\WINDOWS\System32\ADVAPI32.dll
0x00007ff9a65b0000 - 0x00007ff9a6659000 	C:\WINDOWS\System32\msvcrt.dll
0x00007ff9a6900000 - 0x00007ff9a69a7000 	C:\WINDOWS\System32\sechost.dll
0x00007ff9a5150000 - 0x00007ff9a5268000 	C:\WINDOWS\System32\RPCRT4.dll
0x00007ff9a69b0000 - 0x00007ff9a6b75000 	C:\WINDOWS\System32\USER32.dll
0x00007ff9a38e0000 - 0x00007ff9a3907000 	C:\WINDOWS\System32\win32u.dll
0x00007ff988c40000 - 0x00007ff988ed3000 	C:\WINDOWS\WinSxS\amd64_microsoft.windows.common-controls_6595b64144ccf1df_6.0.26100.8037_none_3e092faae333b53b\COMCTL32.dll
0x00007ff9a63d0000 - 0x00007ff9a63fb000 	C:\WINDOWS\System32\GDI32.dll
0x00007ff9a4210000 - 0x00007ff9a433b000 	C:\WINDOWS\System32\gdi32full.dll
0x00007ff9a4340000 - 0x00007ff9a43e3000 	C:\WINDOWS\System32\msvcp_win.dll
0x00007ff99b270000 - 0x00007ff99b27b000 	C:\WINDOWS\SYSTEM32\VERSION.dll
0x00007ff9a4ac0000 - 0x00007ff9a4af1000 	C:\WINDOWS\System32\IMM32.DLL
0x00007ff99b910000 - 0x00007ff99b91c000 	C:\Program Files\Java\jdk-21\bin\vcruntime140_1.dll
0x00007ff974800000 - 0x00007ff97488e000 	C:\Program Files\Java\jdk-21\bin\msvcp140.dll
0x00007ff9660e0000 - 0x00007ff966dfd000 	C:\Program Files\Java\jdk-21\bin\server\jvm.dll
0x00007ff9a5270000 - 0x00007ff9a52e4000 	C:\WINDOWS\System32\WS2_32.dll
0x00007ff9a20a0000 - 0x00007ff9a20fe000 	C:\WINDOWS\SYSTEM32\POWRPROF.dll
0x00007ff9973f0000 - 0x00007ff997425000 	C:\WINDOWS\SYSTEM32\WINMM.dll
0x00007ff9a2080000 - 0x00007ff9a2094000 	C:\WINDOWS\SYSTEM32\UMPDC.dll
0x00007ff9a2350000 - 0x00007ff9a236b000 	C:\WINDOWS\SYSTEM32\kernel.appcore.dll
0x00007ff99b8d0000 - 0x00007ff99b8da000 	C:\Program Files\Java\jdk-21\bin\jimage.dll
0x00007ff996090000 - 0x00007ff9962d2000 	C:\WINDOWS\SYSTEM32\DBGHELP.DLL
0x00007ff9a5ee0000 - 0x00007ff9a6262000 	C:\WINDOWS\System32\combase.dll
0x00007ff9a62f0000 - 0x00007ff9a63c7000 	C:\WINDOWS\System32\OLEAUT32.dll
0x00007ff98ad80000 - 0x00007ff98adbb000 	C:\WINDOWS\SYSTEM32\dbgcore.DLL
0x00007ff9a3620000 - 0x00007ff9a36c5000 	C:\WINDOWS\System32\bcryptPrimitives.dll
0x00007ff99b8b0000 - 0x00007ff99b8cf000 	C:\Program Files\Java\jdk-21\bin\java.dll
0x00007ff9a5770000 - 0x00007ff9a5ecf000 	C:\WINDOWS\System32\SHELL32.dll
0x00007ff9a47f0000 - 0x00007ff9a495a000 	C:\WINDOWS\System32\wintypes.dll
0x00007ff9a39a0000 - 0x00007ff9a4204000 	C:\WINDOWS\System32\windows.storage.dll
0x00007ff9a6700000 - 0x00007ff9a67f7000 	C:\WINDOWS\System32\SHCORE.dll
0x00007ff9a4960000 - 0x00007ff9a49c7000 	C:\WINDOWS\System32\shlwapi.dll
0x00007ff9a33c0000 - 0x00007ff9a33e9000 	C:\WINDOWS\SYSTEM32\profapi.dll
0x00007ff96a3d0000 - 0x00007ff96a4a7000 	C:\Program Files\Java\jdk-21\bin\jsvml.dll
0x00007ff99b980000 - 0x00007ff99b990000 	C:\Program Files\Java\jdk-21\bin\net.dll
0x00007ff99ce20000 - 0x00007ff99cf47000 	C:\WINDOWS\SYSTEM32\WINHTTP.dll
0x00007ff9a28c0000 - 0x00007ff9a292b000 	C:\WINDOWS\system32\mswsock.dll
0x00007ff99b8f0000 - 0x00007ff99b906000 	C:\Program Files\Java\jdk-21\bin\nio.dll
0x00007ff99b4b0000 - 0x00007ff99b4c8000 	C:\Program Files\Java\jdk-21\bin\zip.dll
0x00007ff99b920000 - 0x00007ff99b92a000 	C:\Program Files\Java\jdk-21\bin\management.dll
0x00007ff99b8e0000 - 0x00007ff99b8eb000 	C:\Program Files\Java\jdk-21\bin\management_ext.dll
0x00007ff9a65a0000 - 0x00007ff9a65a8000 	C:\WINDOWS\System32\PSAPI.DLL
0x00007ff99b090000 - 0x00007ff99b0a0000 	C:\Program Files\Java\jdk-21\bin\verify.dll
0x00007ff99b060000 - 0x00007ff99b087000 	C:\Users\Aarav Roy\.gradle\native\1def1411415f61bf3af743bc5b6707747c0891f09f0c88961ee8f79bc544acac\windows-amd64\native-platform.dll
0x00007ff9a1d40000 - 0x00007ff9a1d73000 	C:\WINDOWS\SYSTEM32\IPHLPAPI.DLL
0x00007ff9a68f0000 - 0x00007ff9a68fa000 	C:\WINDOWS\System32\NSI.dll
0x00007ff99b050000 - 0x00007ff99b059000 	C:\Program Files\Java\jdk-21\bin\extnet.dll
0x00007ff9a2bb0000 - 0x00007ff9a2bcb000 	C:\WINDOWS\SYSTEM32\CRYPTSP.dll
0x00007ff9a22b0000 - 0x00007ff9a22e9000 	C:\WINDOWS\system32\rsaenh.dll
0x00007ff9a2970000 - 0x00007ff9a29a2000 	C:\WINDOWS\SYSTEM32\USERENV.dll
0x00007ff9a3390000 - 0x00007ff9a33ba000 	C:\WINDOWS\SYSTEM32\bcrypt.dll
0x00007ff9a2ba0000 - 0x00007ff9a2bac000 	C:\WINDOWS\SYSTEM32\CRYPTBASE.dll

dbghelp: loaded successfully - version: 4.0.5 - missing functions: none
symbol engine: initialized successfully - sym options: 0x614 - pdb path: .;C:\Program Files\Java\jdk-21\bin;C:\WINDOWS\SYSTEM32;C:\WINDOWS\WinSxS\amd64_microsoft.windows.common-controls_6595b64144ccf1df_6.0.26100.8037_none_3e092faae333b53b;C:\Program Files\Java\jdk-21\bin\server;C:\Users\Aarav Roy\.gradle\native\1def1411415f61bf3af743bc5b6707747c0891f09f0c88961ee8f79bc544acac\windows-amd64

VM Arguments:
jvm_args: -Xmx64m -Xms64m -Dorg.gradle.appname=gradlew 
java_command: C:\Users\Aarav Roy\Desktop\Essentials\\gradle\wrapper\gradle-wrapper.jar :EssentialsX:compileJava
java_class_path (initial): C:\Users\Aarav Roy\Desktop\Essentials\\gradle\wrapper\gradle-wrapper.jar
Launcher Type: SUN_STANDARD

[Global flags]
     intx CICompilerCount                          = 4                                         {product} {ergonomic}
     uint ConcGCThreads                            = 3                                         {product} {ergonomic}
     uint G1ConcRefinementThreads                  = 10                                        {product} {ergonomic}
   size_t G1HeapRegionSize                         = 1048576                                   {product} {ergonomic}
    uintx GCDrainStackTargetSize                   = 64                                        {product} {ergonomic}
   size_t InitialHeapSize                          = 67108864                                  {product} {command line}
   size_t MarkStackSize                            = 4194304                                   {product} {ergonomic}
   size_t MaxHeapSize                              = 67108864                                  {product} {command line}
   size_t MaxNewSize                               = 39845888                                  {product} {ergonomic}
   size_t MinHeapDeltaBytes                        = 1048576                                   {product} {ergonomic}
   size_t MinHeapSize                              = 67108864                                  {product} {command line}
    uintx NonNMethodCodeHeapSize                   = 5839372                                {pd product} {ergonomic}
    uintx NonProfiledCodeHeapSize                  = 122909434                              {pd product} {ergonomic}
    uintx ProfiledCodeHeapSize                     = 122909434                              {pd product} {ergonomic}
    uintx ReservedCodeCacheSize                    = 251658240                              {pd product} {ergonomic}
     bool SegmentedCodeCache                       = true                                      {product} {ergonomic}
   size_t SoftMaxHeapSize                          = 67108864                               {manageable} {ergonomic}
     bool UseCompressedOops                        = true                           {product lp64_product} {ergonomic}
     bool UseG1GC                                  = true                                      {product} {ergonomic}
     bool UseLargePagesIndividualAllocation        = false                                  {pd product} {ergonomic}

Logging:
Log output configuration:
 #0: stdout all=warning uptime,level,tags foldmultilines=false
 #1: stderr all=off uptime,level,tags foldmultilines=false

Environment Variables:
JAVA_HOME=C:\Program Files\Java\jdk-21
PATH=C:\Program Files\Git\mingw64\bin;C:\Program Files\Git\usr\bin;C:\Users\Aarav Roy\bin;C:\Program Files\Eclipse Adoptium\jdk-11.0.29.7-hotspot\bin;C:\Program Files\Eclipse Adoptium\jdk-8.0.472.8-hotspot\bin;C:\Program Files\Common Files\Oracle\Java\javapath;C:\WINDOWS\system32;C:\WINDOWS;C:\WINDOWS\System32\Wbem;C:\WINDOWS\System32\WindowsPowerShell\v1.0;C:\WINDOWS\System32\OpenSSH;C:\Program Files (x86)\NVIDIA Corporation\PhysX\Common;C:\Program Files\NVIDIA Corporation\NVIDIA App\NvDLISR;C:\Program Files\apache-maven-3.9.12\bin;C:\Program Files\Git\cmd;C:\Program Files\Java\jdk-21\bin;C:\Program Files\dotnet;C:\Program Files\PuTTY;C:\gradle-9.4.0\bin;C:\Program Files\Tailscale;C:\Program Files\nodejs;C:\Users\Aarav Roy\AppData\Local\Microsoft\WindowsApps;C:\Users\Aarav Roy\AppData\Local\Programs\Antigravity\bin;C:\Users\Aarav Roy\AppData\Local\spicetify;C:\Users\Aarav Roy\AppData\Roaming\npm;C:\Users\Aarav Roy\AppData\Local\Microsoft\WinGet\Packages\aristocratos.btop4win_Microsoft.Winget.Source_8wekyb3d8bbwe\btop4win
USERNAME=Aarav Roy
TERM=xterm-256color
OS=Windows_NT
PROCESSOR_IDENTIFIER=AMD64 Family 25 Model 68 Stepping 1, AuthenticAMD
TMP=C:\Users\AARAVR~1\AppData\Local\Temp
TEMP=C:\Users\AARAVR~1\AppData\Local\Temp




Periodic native trim disabled

---------------  S Y S T E M  ---------------

OS:
 Windows 11 , 64 bit Build 26100 (10.0.26100.7920)
OS uptime: 0 days 0:33 hours
Hyper-V role detected

CPU: total 12 (initial active 12) (12 cores per cpu, 2 threads per core) family 25 model 68 stepping 1 microcode 0xa40410a, cx8, cmov, fxsr, ht, mmx, 3dnowpref, sse, sse2, sse3, ssse3, sse4a, sse4.1, sse4.2, popcnt, lzcnt, tsc, tscinvbit, avx, avx2, aes, erms, clmul, bmi1, bmi2, adx, sha, fma, vzeroupper, clflush, clflushopt, hv, rdtscp, rdpid, fsrm, f16c, cet_ss
Processor Information for processor 0
  Max Mhz: 3301, Current Mhz: 2640, Mhz Limit: 3301
Processor Information for processor 1
  Max Mhz: 3301, Current Mhz: 3301, Mhz Limit: 3301
Processor Information for processor 2
  Max Mhz: 3301, Current Mhz: 2640, Mhz Limit: 3301
Processor Information for processor 3
  Max Mhz: 3301, Current Mhz: 2640, Mhz Limit: 3301
Processor Information for processor 4
  Max Mhz: 3301, Current Mhz: 3301, Mhz Limit: 3301
Processor Information for processor 5
  Max Mhz: 3301, Current Mhz: 2640, Mhz Limit: 3301
Processor Information for processor 6
  Max Mhz: 3301, Current Mhz: 3301, Mhz Limit: 3301
Processor Information for processor 7
  Max Mhz: 3301, Current Mhz: 2640, Mhz Limit: 3301
Processor Information for processor 8
  Max Mhz: 3301, Current Mhz: 2640, Mhz Limit: 3301
Processor Information for processor 9
  Max Mhz: 3301, Current Mhz: 3301, Mhz Limit: 3301
Processor Information for processor 10
  Max Mhz: 3301, Current Mhz: 2640, Mhz Limit: 3301
Processor Information for processor 11
  Max Mhz: 3301, Current Mhz: 2640, Mhz Limit: 3301

Memory: 4k page, system-wide physical 15676M (4046M free)
TotalPageFile size 62780M (AvailPageFile size 0M)
current process WorkingSet (physical memory assigned to process): 98M, peak: 98M
current process commit charge ("private bytes"): 171M, peak: 171M

vm_info: Java HotSpot(TM) 64-Bit Server VM (21.0.8+12-LTS-250) for windows-amd64 JRE (21.0.8+12-LTS-250), built on 2025-06-27T08:11:22Z by "mach5one" with MS VC++ 17.6 (VS2022)

END.
